Archive member included to satisfy reference by file (symbol)

d:/rtos_info/distrib_stm32/distrib/chibistudio_v0/chibistudio/tools/gnu tools arm embedded/6.3 2017q1/bin/../lib/gcc/arm-none-eabi/6.3.1/thumb/v7e-m\libgcc.a(_arm_addsubdf3.o)
                              C:\Users\Lena\AppData\Local\Temp\ccWdQ2Lj.ltrans0.ltrans.o (__aeabi_dsub)
d:/rtos_info/distrib_stm32/distrib/chibistudio_v0/chibistudio/tools/gnu tools arm embedded/6.3 2017q1/bin/../lib/gcc/arm-none-eabi/6.3.1/thumb/v7e-m\libgcc.a(_arm_muldivdf3.o)
                              C:\Users\Lena\AppData\Local\Temp\ccWdQ2Lj.ltrans0.ltrans.o (__aeabi_ddiv)
d:/rtos_info/distrib_stm32/distrib/chibistudio_v0/chibistudio/tools/gnu tools arm embedded/6.3 2017q1/bin/../lib/gcc/arm-none-eabi/6.3.1/thumb/v7e-m\libgcc.a(_arm_fixdfsi.o)
                              C:\Users\Lena\AppData\Local\Temp\ccWdQ2Lj.ltrans0.ltrans.o (__aeabi_d2iz)
d:/rtos_info/distrib_stm32/distrib/chibistudio_v0/chibistudio/tools/gnu tools arm embedded/6.3 2017q1/bin/../lib/gcc/arm-none-eabi/6.3.1/thumb/v7e-m\libgcc.a(_arm_truncdfsf2.o)
                              C:\Users\Lena\AppData\Local\Temp\ccWdQ2Lj.ltrans0.ltrans.o (__aeabi_d2f)
d:/rtos_info/distrib_stm32/distrib/chibistudio_v0/chibistudio/tools/gnu tools arm embedded/6.3 2017q1/bin/../lib/gcc/arm-none-eabi/6.3.1/thumb/v7e-m\libgcc.a(_arm_addsubsf3.o)
                              C:\Users\Lena\AppData\Local\Temp\ccWdQ2Lj.ltrans0.ltrans.o (__aeabi_ui2f)
d:/rtos_info/distrib_stm32/distrib/chibistudio_v0/chibistudio/tools/gnu tools arm embedded/6.3 2017q1/bin/../lib/gcc/arm-none-eabi/6.3.1/thumb/v7e-m\libgcc.a(_arm_muldivsf3.o)
                              C:\Users\Lena\AppData\Local\Temp\ccWdQ2Lj.ltrans0.ltrans.o (__aeabi_fmul)
d:/rtos_info/distrib_stm32/distrib/chibistudio_v0/chibistudio/tools/gnu tools arm embedded/6.3 2017q1/bin/../lib/gcc/arm-none-eabi/6.3.1/thumb/v7e-m\libgcc.a(_arm_fixsfsi.o)
                              C:\Users\Lena\AppData\Local\Temp\ccWdQ2Lj.ltrans0.ltrans.o (__aeabi_f2iz)

Discarded input sections

 .data          0x00000000        0x0 build/obj/crt0_v7m.o
 .bss           0x00000000        0x0 build/obj/crt0_v7m.o
 .data          0x00000000        0x0 build/obj/chcoreasm_v7m.o
 .bss           0x00000000        0x0 build/obj/chcoreasm_v7m.o
 .text          0x00000000        0x0 build/obj/crt1.o (symbol from plugin)
 .text          0x00000000        0x0 C:\Users\Lena\AppData\Local\Temp\ccWdQ2Lj.ltrans0.ltrans.o
 .data          0x00000000        0x0 C:\Users\Lena\AppData\Local\Temp\ccWdQ2Lj.ltrans0.ltrans.o
 .bss           0x00000000        0x0 C:\Users\Lena\AppData\Local\Temp\ccWdQ2Lj.ltrans0.ltrans.o
 .text          0x00000000        0x0 build/obj/vectors.o (symbol from plugin)
 .text          0x00000000        0x0 build/obj/chsys.o (symbol from plugin)
 .text          0x00000000        0x0 build/obj/chdebug.o (symbol from plugin)
 .text          0x00000000        0x0 build/obj/chtrace.o (symbol from plugin)
 .text          0x00000000        0x0 build/obj/chvt.o (symbol from plugin)
 .text          0x00000000        0x0 build/obj/chschd.o (symbol from plugin)
 .text          0x00000000        0x0 build/obj/chthreads.o (symbol from plugin)
 .text          0x00000000        0x0 build/obj/chtm.o (symbol from plugin)
 .text          0x00000000        0x0 build/obj/chregistry.o (symbol from plugin)
 .text          0x00000000        0x0 build/obj/chsem.o (symbol from plugin)
 .text          0x00000000        0x0 build/obj/chmtx.o (symbol from plugin)
 .text          0x00000000        0x0 build/obj/chcond.o (symbol from plugin)
 .text          0x00000000        0x0 build/obj/chevents.o (symbol from plugin)
 .text          0x00000000        0x0 build/obj/chmsg.o (symbol from plugin)
 .text          0x00000000        0x0 build/obj/chdynamic.o (symbol from plugin)
 .text          0x00000000        0x0 build/obj/chmboxes.o (symbol from plugin)
 .text          0x00000000        0x0 build/obj/chmemcore.o (symbol from plugin)
 .text          0x00000000        0x0 build/obj/chheap.o (symbol from plugin)
 .text          0x00000000        0x0 build/obj/chmempools.o (symbol from plugin)
 .text          0x00000000        0x0 build/obj/chcore.o (symbol from plugin)
 .text          0x00000000        0x0 build/obj/chcore_v7m.o (symbol from plugin)
 .text          0x00000000        0x0 build/obj/osal.o (symbol from plugin)
 .text          0x00000000        0x0 build/obj/hal.o (symbol from plugin)
 .text          0x00000000        0x0 build/obj/hal_st.o (symbol from plugin)
 .text          0x00000000        0x0 build/obj/hal_buffers.o (symbol from plugin)
 .text          0x00000000        0x0 build/obj/hal_queues.o (symbol from plugin)
 .text          0x00000000        0x0 build/obj/hal_mmcsd.o (symbol from plugin)
 .text          0x00000000        0x0 build/obj/hal_gpt.o (symbol from plugin)
 .text          0x00000000        0x0 build/obj/hal_pal.o (symbol from plugin)
[...]
Memory Configuration

Name             Origin             Length             Attributes
flash0           0x08000000         0x00200000
flash1           0x00200000         0x00200000
flash2           0x00000000         0x00000000
flash3           0x00000000         0x00000000
flash4           0x00000000         0x00000000
flash5           0x00000000         0x00000000
flash6           0x00000000         0x00000000
flash7           0x00000000         0x00000000
ram0             0x20020000         0x00060000
ram1             0x20020000         0x0005c000
ram2             0x2007c000         0x00004000
ram3             0x20000000         0x00020000
ram4             0x00000000         0x00004000
ram5             0x40024000         0x00001000
ram6             0x00000000         0x00000000
ram7             0x00000000         0x00000000
*default*        0x00000000         0xffffffff

Linker script and memory map

LOAD build/obj/crt0_v7m.o
LOAD build/obj/chcoreasm_v7m.o
LOAD build/obj/crt1.o
LOAD C:\Users\Lena\AppData\Local\Temp\ccWdQ2Lj.ltrans0.ltrans.o
LOAD build/obj/vectors.o
LOAD build/obj/chsys.o
LOAD build/obj/chdebug.o
LOAD build/obj/chtrace.o
LOAD build/obj/chvt.o
LOAD build/obj/chschd.o
LOAD build/obj/chthreads.o
LOAD build/obj/chtm.o
LOAD build/obj/chregistry.o
LOAD build/obj/chsem.o
LOAD build/obj/chmtx.o
LOAD build/obj/chcond.o
LOAD build/obj/chevents.o
LOAD build/obj/chmsg.o
LOAD build/obj/chdynamic.o
LOAD build/obj/chmboxes.o
LOAD build/obj/chmemcore.o
LOAD build/obj/chheap.o
LOAD build/obj/chmempools.o
LOAD build/obj/chcore.o
LOAD build/obj/chcore_v7m.o
LOAD build/obj/osal.o
LOAD build/obj/hal.o
LOAD build/obj/hal_st.o
LOAD build/obj/hal_buffers.o
LOAD build/obj/hal_queues.o
LOAD build/obj/hal_mmcsd.o
LOAD build/obj/hal_gpt.o
LOAD build/obj/hal_pal.o
LOAD build/obj/hal_serial.o
LOAD build/obj/nvic.o
LOAD build/obj/hal_lld.o
LOAD build/obj/stm32_dma.o
LOAD build/obj/hal_pal_lld.o
LOAD build/obj/hal_st_lld.o
LOAD build/obj/hal_gpt_lld.o
LOAD build/obj/hal_serial_lld.o
LOAD build/obj/board.o
LOAD build/obj/chprintf.o
LOAD build/obj/memstreams.o
LOAD build/obj/nullstreams.o
LOAD build/obj/main.o

.mstack         0x20000000      0x400
                0x20000000                . = ALIGN (0x8)
                0x20000000                __main_stack_base__ = .
                0x20000400                . = (. + __main_stack_size__)
 *fill*         0x20000000      0x400 
                0x20000400                . = ALIGN (0x8)
                0x20000400                __main_stack_end__ = .

.pstack         0x20000400      0x400
                0x20000400                __process_stack_base__ = .
                0x20000400                __main_thread_stack_base__ = .
                0x20000800                . = (. + __process_stack_size__)
 *fill*         0x20000400      0x400 
                0x20000800                . = ALIGN (0x8)
                0x20000800                __process_stack_end__ = .
                0x20000800                __main_thread_stack_end__ = .

.nocache        0x20000800        0x0
                0x20000800                __nocache_base__ = .
 *(.nocache)
 *(.nocache.*)
 *(.bss.__nocache_*)
                0x20000800                . = ALIGN (0x4)
                0x20000800                __nocache_end__ = .

.eth            0x20000800        0x0
                0x20000800                __eth_base__ = .
 *(.eth)
 *(.eth.*)
 *(.bss.__eth_*)
                0x20000800                . = ALIGN (0x4)
                0x20000800                __eth_end__ = .

.vectors        0x00200000      0x200 load address 0x08000000
 *(.vectors)
 .vectors       0x00200000      0x200 C:\Users\Lena\AppData\Local\Temp\ccWdQ2Lj.ltrans0.ltrans.o
                0x00200000                _vectors

.xtors          0x00200200        0x0 load address 0x08000200
                0x00200200                __init_array_start = .
 *(SORT(.init_array.*))
 *(.init_array)
                0x00200200                __init_array_end = .
                0x00200200                __fini_array_start = .
 *(.fini_array)
 *(SORT(.fini_array.*))
                0x00200200                __fini_array_end = .

.text           0x00200200     0x24ec load address 0x08000200
 *(.text)
 .text          0x00200200       0xd4 build/obj/crt0_v7m.o
                0x00200200                Reset_Handler
 .text          0x002002d4       0x28 build/obj/chcoreasm_v7m.o
                0x002002d4                _port_switch
                0x002002e4                _port_thread_start
                0x002002f4                _port_switch_from_isr
                0x002002f8                _port_exit_from_isr
 .text          0x002002fc      0x370 d:/rtos_info/distrib_stm32/distrib/chibistudio_v0/chibistudio/tools/gnu tools arm embedded/6.3 2017q1/bin/../lib/gcc/arm-none-eabi/6.3.1/thumb/v7e-m\libgcc.a(_arm_addsubdf3.o)
                0x002002fc                __aeabi_drsub
                0x00200304                __aeabi_dsub
                0x00200304                __subdf3
                0x00200308                __aeabi_dadd
                0x00200308                __adddf3
                0x00200580                __floatunsidf
                0x00200580                __aeabi_ui2d
                0x002005a0                __floatsidf
                0x002005a0                __aeabi_i2d
                0x002005c4                __aeabi_f2d
                0x002005c4                __extendsfdf2
                0x00200600                __floatundidf
                0x00200600                __aeabi_ul2d
                0x00200610                __floatdidf
                0x00200610                __aeabi_l2d
 .text          0x0020066c      0x424 d:/rtos_info/distrib_stm32/distrib/chibistudio_v0/chibistudio/tools/gnu tools arm embedded/6.3 2017q1/bin/../lib/gcc/arm-none-eabi/6.3.1/thumb/v7e-m\libgcc.a(_arm_muldivdf3.o)
                0x0020066c                __aeabi_dmul
                0x0020066c                __muldf3
                0x002008c0                __divdf3
                0x002008c0                __aeabi_ddiv
 .text          0x00200a90       0x50 d:/rtos_info/distrib_stm32/distrib/chibistudio_v0/chibistudio/tools/gnu tools arm embedded/6.3 2017q1/bin/../lib/gcc/arm-none-eabi/6.3.1/thumb/v7e-m\libgcc.a(_arm_fixdfsi.o)
                0x00200a90                __aeabi_d2iz
                0x00200a90                __fixdfsi
 .text          0x00200ae0       0xa0 d:/rtos_info/distrib_stm32/distrib/chibistudio_v0/chibistudio/tools/gnu tools arm embedded/6.3 2017q1/bin/../lib/gcc/arm-none-eabi/6.3.1/thumb/v7e-m\libgcc.a(_arm_truncdfsf2.o)
                0x00200ae0                __truncdfsf2
                0x00200ae0                __aeabi_d2f
 .text          0x00200b80      0x21c d:/rtos_info/distrib_stm32/distrib/chibistudio_v0/chibistudio/tools/gnu tools arm embedded/6.3 2017q1/bin/../lib/gcc/arm-none-eabi/6.3.1/thumb/v7e-m\libgcc.a(_arm_addsubsf3.o)
                0x00200b80                __aeabi_frsub
                0x00200b88                __subsf3
                0x00200b88                __aeabi_fsub
                0x00200b8c                __aeabi_fadd
                0x00200b8c                __addsf3
                0x00200cec                __aeabi_ui2f
                0x00200cec                __floatunsisf
                0x00200cf4                __aeabi_i2f
                0x00200cf4                __floatsisf
                0x00200d10                __aeabi_ul2f
                0x00200d10                __floatundisf
                0x00200d20                __aeabi_l2f
                0x00200d20                __floatdisf
 .text          0x00200d9c      0x2a0 d:/rtos_info/distrib_stm32/distrib/chibistudio_v0/chibistudio/tools/gnu tools arm embedded/6.3 2017q1/bin/../lib/gcc/arm-none-eabi/6.3.1/thumb/v7e-m\libgcc.a(_arm_muldivsf3.o)
                0x00200d9c                __mulsf3
                0x00200d9c                __aeabi_fmul
                0x00200f04                __aeabi_fdiv
                0x00200f04                __divsf3
 .text          0x0020103c       0x4c d:/rtos_info/distrib_stm32/distrib/chibistudio_v0/chibistudio/tools/gnu tools arm embedded/6.3 2017q1/bin/../lib/gcc/arm-none-eabi/6.3.1/thumb/v7e-m\libgcc.a(_arm_fixsfsi.o)
                0x0020103c                __aeabi_f2iz
                0x0020103c                __fixsfsi
 *(.text.*)
 *fill*         0x00201088        0x8 
 .text.chTMStartMeasurementX.constprop.24
                0x00201090        0xc C:\Users\Lena\AppData\Local\Temp\ccWdQ2Lj.ltrans0.ltrans.o
 *fill*         0x0020109c        0x4 
 .text._pal_lld_setgroupmode.constprop.4
                0x002010a0       0x94 C:\Users\Lena\AppData\Local\Temp\ccWdQ2Lj.ltrans0.ltrans.o
 *fill*         0x00201134        0xc 
 .text.notify7  0x00201140       0x10 C:\Users\Lena\AppData\Local\Temp\ccWdQ2Lj.ltrans0.ltrans.o
 .text.chCoreAllocAligned
                0x00201150       0x48 C:\Users\Lena\AppData\Local\Temp\ccWdQ2Lj.ltrans0.ltrans.o
 *fill*         0x00201198        0x8 
 .text.gpt_cb   0x002011a0       0x14 C:\Users\Lena\AppData\Local\Temp\ccWdQ2Lj.ltrans0.ltrans.o
 *fill*         0x002011b4        0xc 
 .text._port_irq_epilogue
                0x002011c0       0x5c C:\Users\Lena\AppData\Local\Temp\ccWdQ2Lj.ltrans0.ltrans.o
 *fill*         0x0020121c        0x4 
 .text.Vector108
                0x00201220       0x34 C:\Users\Lena\AppData\Local\Temp\ccWdQ2Lj.ltrans0.ltrans.o
 *fill*         0x00201254        0xc 
 .text.SysTick_Handler
                0x00201260       0x58 C:\Users\Lena\AppData\Local\Temp\ccWdQ2Lj.ltrans0.ltrans.o
 *fill*         0x002012b8        0x8 
 .text.SVC_Handler
                0x002012c0       0x1c C:\Users\Lena\AppData\Local\Temp\ccWdQ2Lj.ltrans0.ltrans.o
 *fill*         0x002012dc        0x4 
 .text.chTMStopMeasurementX
                0x002012e0       0x44 C:\Users\Lena\AppData\Local\Temp\ccWdQ2Lj.ltrans0.ltrans.o
 *fill*         0x00201324        0xc 
 .text.wakeup   0x00201330       0x70 C:\Users\Lena\AppData\Local\Temp\ccWdQ2Lj.ltrans0.ltrans.o
 .text.chSchReadyI
                0x002013a0       0x2c C:\Users\Lena\AppData\Local\Temp\ccWdQ2Lj.ltrans0.ltrans.o
 *fill*         0x002013cc        0x4 
 .text.chEvtBroadcastFlagsI.constprop.20
                0x002013d0       0x64 C:\Users\Lena\AppData\Local\Temp\ccWdQ2Lj.ltrans0.ltrans.o
 *fill*         0x00201434        0xc 
 .text.Vector188
                0x00201440      0x190 C:\Users\Lena\AppData\Local\Temp\ccWdQ2Lj.ltrans0.ltrans.o
 .text._idle_thread
                0x002015d0        0x4 C:\Users\Lena\AppData\Local\Temp\ccWdQ2Lj.ltrans0.ltrans.o
 *fill*         0x002015d4        0xc 
 .text._unhandled_exception
                0x002015e0        0x4 C:\Users\Lena\AppData\Local\Temp\ccWdQ2Lj.ltrans0.ltrans.o
 *fill*         0x002015e4        0xc 
 .text.chprintf.constprop.0
                0x002015f0      0x420 C:\Users\Lena\AppData\Local\Temp\ccWdQ2Lj.ltrans0.ltrans.o
 .text.chSchGoSleepS
                0x00201a10       0x28 C:\Users\Lena\AppData\Local\Temp\ccWdQ2Lj.ltrans0.ltrans.o
 *fill*         0x00201a38        0x8 
 .text.chSchGoSleepTimeoutS
                0x00201a40       0x88 C:\Users\Lena\AppData\Local\Temp\ccWdQ2Lj.ltrans0.ltrans.o
 *fill*         0x00201ac8        0x8 
 .text.chThdEnqueueTimeoutS
                0x00201ad0       0x28 C:\Users\Lena\AppData\Local\Temp\ccWdQ2Lj.ltrans0.ltrans.o
 *fill*         0x00201af8        0x8 
 .text.oqWriteTimeout
                0x00201b00       0xb8 C:\Users\Lena\AppData\Local\Temp\ccWdQ2Lj.ltrans0.ltrans.o
 *fill*         0x00201bb8        0x8 
 .text._writet  0x00201bc0        0x8 C:\Users\Lena\AppData\Local\Temp\ccWdQ2Lj.ltrans0.ltrans.o
 *fill*         0x00201bc8        0x8 
 .text._write   0x00201bd0        0xc C:\Users\Lena\AppData\Local\Temp\ccWdQ2Lj.ltrans0.ltrans.o
 *fill*         0x00201bdc        0x4 
 .text.oqPutTimeout
                0x00201be0       0x54 C:\Users\Lena\AppData\Local\Temp\ccWdQ2Lj.ltrans0.ltrans.o
 *fill*         0x00201c34        0xc 
 .text._putt    0x00201c40        0x8 C:\Users\Lena\AppData\Local\Temp\ccWdQ2Lj.ltrans0.ltrans.o
 *fill*         0x00201c48        0x8 
 .text._put     0x00201c50        0xc C:\Users\Lena\AppData\Local\Temp\ccWdQ2Lj.ltrans0.ltrans.o
 *fill*         0x00201c5c        0x4 
 .text.iqReadTimeout
                0x00201c60       0xb8 C:\Users\Lena\AppData\Local\Temp\ccWdQ2Lj.ltrans0.ltrans.o
 *fill*         0x00201d18        0x8 
 .text._readt   0x00201d20        0x8 C:\Users\Lena\AppData\Local\Temp\ccWdQ2Lj.ltrans0.ltrans.o
 *fill*         0x00201d28        0x8 
 .text._read    0x00201d30        0xc C:\Users\Lena\AppData\Local\Temp\ccWdQ2Lj.ltrans0.ltrans.o
 *fill*         0x00201d3c        0x4 
 .text.iqGetTimeout
                0x00201d40       0x50 C:\Users\Lena\AppData\Local\Temp\ccWdQ2Lj.ltrans0.ltrans.o
 .text._gett    0x00201d90        0x8 C:\Users\Lena\AppData\Local\Temp\ccWdQ2Lj.ltrans0.ltrans.o
 *fill*         0x00201d98        0x8 
 .text._get     0x00201da0        0xc C:\Users\Lena\AppData\Local\Temp\ccWdQ2Lj.ltrans0.ltrans.o
 *fill*         0x00201dac        0x4 
 .text.startup.main
                0x00201db0      0x6b8 C:\Users\Lena\AppData\Local\Temp\ccWdQ2Lj.ltrans0.ltrans.o
                0x00201db0                main
 *fill*         0x00202468        0x8 
 .text.__early_init
                0x00202470       0xe8 C:\Users\Lena\AppData\Local\Temp\ccWdQ2Lj.ltrans0.ltrans.o
                0x00202470                __early_init
 *fill*         0x00202558        0x8 
 .text.chThdExit
                0x00202560       0x50 C:\Users\Lena\AppData\Local\Temp\ccWdQ2Lj.ltrans0.ltrans.o
                0x00202560                chThdExit
 .text.chSchDoReschedule
                0x002025b0       0x40 C:\Users\Lena\AppData\Local\Temp\ccWdQ2Lj.ltrans0.ltrans.o
                0x002025b0                chSchDoReschedule
 .text.__init_ram_areas
                0x002025f0       0x60 C:\Users\Lena\AppData\Local\Temp\ccWdQ2Lj.ltrans0.ltrans.o
                0x002025f0                __init_ram_areas
 .text.__default_exit
                0x00202650        0x4 C:\Users\Lena\AppData\Local\Temp\ccWdQ2Lj.ltrans0.ltrans.o
                0x00202650                __default_exit
 *fill*         0x00202654        0xc 
 .text.__late_init
                0x00202660        0x4 C:\Users\Lena\AppData\Local\Temp\ccWdQ2Lj.ltrans0.ltrans.o
                0x00202660                __late_init
 *fill*         0x00202664        0xc 
 .text.__core_init
                0x00202670       0x7c C:\Users\Lena\AppData\Local\Temp\ccWdQ2Lj.ltrans0.ltrans.o
                0x00202670                __core_init
 *(.glue_7t)
 .glue_7t       0x002026ec        0x0 linker stubs
 *(.glue_7)
 .glue_7        0x002026ec        0x0 linker stubs
 *(.gcc*)

.vfp11_veneer   0x002026ec        0x0 load address 0x080026ec
 .vfp11_veneer  0x002026ec        0x0 linker stubs

.v4_bx          0x002026ec        0x0 load address 0x080026ec
 .v4_bx         0x002026ec        0x0 linker stubs

.iplt           0x002026ec        0x0 load address 0x080026ec
 .iplt          0x002026ec        0x0 build/obj/crt0_v7m.o

.rodata         0x080026ec       0xf0
                0x080026ec                . = ALIGN (0x4)
                0x080026ec                __rodata_base__ = .
 *(.rodata)
 *(.rodata.*)
 .rodata.ch_debug
                0x080026ec       0x16 C:\Users\Lena\AppData\Local\Temp\ccWdQ2Lj.ltrans0.ltrans.o
 *fill*         0x08002702        0x2 
 .rodata.chprintf.constprop.0.str1.4
                0x08002704       0x1f C:\Users\Lena\AppData\Local\Temp\ccWdQ2Lj.ltrans0.ltrans.o
 *fill*         0x08002723        0x1 
 .rodata.gpt5cfg
                0x08002724       0x10 C:\Users\Lena\AppData\Local\Temp\ccWdQ2Lj.ltrans0.ltrans.o
 .rodata.main.str1.4
                0x08002734        0x8 C:\Users\Lena\AppData\Local\Temp\ccWdQ2Lj.ltrans0.ltrans.o
                                  0x5 (size before relaxing)
 .rodata.ram_areas
                0x0800273c       0x80 C:\Users\Lena\AppData\Local\Temp\ccWdQ2Lj.ltrans0.ltrans.o
 .rodata.vmt    0x080027bc       0x20 C:\Users\Lena\AppData\Local\Temp\ccWdQ2Lj.ltrans0.ltrans.o
                0x080027dc                . = ALIGN (0x4)
                0x080027dc                __rodata_end__ = .

.rel.dyn        0x080027dc        0x0
 .rel.iplt      0x080027dc        0x0 build/obj/crt0_v7m.o

.ARM.extab
 *(.ARM.extab* .gnu.linkonce.armextab.*)

.ARM.exidx      0x002026ec        0x0 load address 0x080027dc
                0x002026ec                __exidx_start = .
 *(.ARM.exidx* .gnu.linkonce.armexidx.*)
                0x002026ec                __exidx_end = .

.eh_frame_hdr
 *(.eh_frame_hdr)

.eh_frame
 *(.eh_frame)
                0x20020000                __ram0_start__ = ORIGIN (ram0)
                0x00060000                __ram0_size__ = LENGTH (ram0)
                0x20080000                __ram0_end__ = (__ram0_start__ + __ram0_size__)
                0x20020000                __ram1_start__ = ORIGIN (ram1)
                0x0005c000                __ram1_size__ = LENGTH (ram1)
                0x2007c000                __ram1_end__ = (__ram1_start__ + __ram1_size__)
                0x2007c000                __ram2_start__ = ORIGIN (ram2)
                0x00004000                __ram2_size__ = LENGTH (ram2)
                0x20080000                __ram2_end__ = (__ram2_start__ + __ram2_size__)
                0x20000000                __ram3_start__ = ORIGIN (ram3)
                0x00020000                __ram3_size__ = LENGTH (ram3)
                0x20020000                __ram3_end__ = (__ram3_start__ + __ram3_size__)
                0x00000000                __ram4_start__ = ORIGIN (ram4)
                0x00004000                __ram4_size__ = LENGTH (ram4)
                0x00004000                __ram4_end__ = (__ram4_start__ + __ram4_size__)
                0x40024000                __ram5_start__ = ORIGIN (ram5)
                0x00001000                __ram5_size__ = LENGTH (ram5)
                0x40025000                __ram5_end__ = (__ram5_start__ + __ram5_size__)
                0x00000000                __ram6_start__ = ORIGIN (ram6)
                0x00000000                __ram6_size__ = LENGTH (ram6)
                0x00000000                __ram6_end__ = (__ram6_start__ + __ram6_size__)
                0x00000000                __ram7_start__ = ORIGIN (ram7)
                0x00000000                __ram7_size__ = LENGTH (ram7)
                0x00000000                __ram7_end__ = (__ram7_start__ + __ram7_size__)

.data           0x20020000        0x0 load address 0x080027dc
                0x20020000                . = ALIGN (0x4)
                [!provide]                PROVIDE (_textdata, LOADADDR (.data))
                [!provide]                PROVIDE (_data, .)
                0x080027dc                _textdata_start = LOADADDR (.data)
                0x20020000                _data_start = .
 *(.data)
 *(.data.*)
 *(.ramtext)
                0x20020000                . = ALIGN (0x4)
                [!provide]                PROVIDE (_edata, .)
                0x20020000                _data_end = .

.igot.plt       0x20020000        0x0 load address 0x080027dc
 .igot.plt      0x20020000        0x0 build/obj/crt0_v7m.o

.bss            0x20000800      0x20c
                0x20000800                . = ALIGN (0x4)
                0x20000800                _bss_start = .
 *(.bss)
 *(.bss.*)
 .bss.GPTD5     0x20000800       0x10 C:\Users\Lena\AppData\Local\Temp\ccWdQ2Lj.ltrans0.ltrans.o
 .bss.SD7       0x20000810       0x60 C:\Users\Lena\AppData\Local\Temp\ccWdQ2Lj.ltrans0.ltrans.o
 .bss.ch        0x20000870       0x74 C:\Users\Lena\AppData\Local\Temp\ccWdQ2Lj.ltrans0.ltrans.o
 *fill*         0x200008e4        0x4 
 .bss.ch_idle_thread_wa
                0x200008e8       0xd8 C:\Users\Lena\AppData\Local\Temp\ccWdQ2Lj.ltrans0.ltrans.o
 .bss.default_heap
                0x200009c0       0x20 C:\Users\Lena\AppData\Local\Temp\ccWdQ2Lj.ltrans0.ltrans.o
 .bss.endmem    0x200009e0        0x4 C:\Users\Lena\AppData\Local\Temp\ccWdQ2Lj.ltrans0.ltrans.o
 .bss.gpt_ticks
                0x200009e4        0x4 C:\Users\Lena\AppData\Local\Temp\ccWdQ2Lj.ltrans0.ltrans.o
 .bss.nextmem   0x200009e8        0x4 C:\Users\Lena\AppData\Local\Temp\ccWdQ2Lj.ltrans0.ltrans.o
 .bss.sd_in_buf7
                0x200009ec       0x10 C:\Users\Lena\AppData\Local\Temp\ccWdQ2Lj.ltrans0.ltrans.o
 .bss.sd_out_buf7
                0x200009fc       0x10 C:\Users\Lena\AppData\Local\Temp\ccWdQ2Lj.ltrans0.ltrans.o
 *(COMMON)
                0x20000a0c                . = ALIGN (0x4)
                0x20000a0c                _bss_end = .
                [!provide]                PROVIDE (end, .)

.ram0_init      0x20020000        0x0 load address 0x080027dc
                0x20020000                . = ALIGN (0x4)
                0x080027dc                __ram0_init_text__ = LOADADDR (.ram0_init)
                0x20020000                __ram0_init__ = .
 *(.ram0_init)
 *(.ram0_init.*)
                0x20020000                . = ALIGN (0x4)

.ram0           0x20020000        0x0 load address 0x080027dc
                0x20020000                . = ALIGN (0x4)
                0x20020000                __ram0_clear__ = .
 *(.ram0_clear)
 *(.ram0_clear.*)
                0x20020000                . = ALIGN (0x4)
                0x20020000                __ram0_noinit__ = .
 *(.ram0)
 *(.ram0.*)
                0x20020000                . = ALIGN (0x4)
                0x20020000                __ram0_free__ = .

.ram1_init      0x20020000        0x0 load address 0x080027dc
                0x20020000                . = ALIGN (0x4)
                0x080027dc                __ram1_init_text__ = LOADADDR (.ram1_init)
                0x20020000                __ram1_init__ = .
 *(.ram1_init)
 *(.ram1_init.*)
                0x20020000                . = ALIGN (0x4)

.ram1           0x20020000        0x0 load address 0x080027dc
                0x20020000                . = ALIGN (0x4)
                0x20020000                __ram1_clear__ = .
 *(.ram1_clear)
 *(.ram1_clear.*)
                0x20020000                . = ALIGN (0x4)
                0x20020000                __ram1_noinit__ = .
 *(.ram1)
 *(.ram1.*)
                0x20020000                . = ALIGN (0x4)
                0x20020000                __ram1_free__ = .

.ram2_init      0x2007c000        0x0 load address 0x080027dc
                0x2007c000                . = ALIGN (0x4)
                0x080027dc                __ram2_init_text__ = LOADADDR (.ram2_init)
                0x2007c000                __ram2_init__ = .
 *(.ram2_init)
 *(.ram2_init.*)
                0x2007c000                . = ALIGN (0x4)

.ram2           0x2007c000        0x0 load address 0x080027dc
                0x2007c000                . = ALIGN (0x4)
                0x2007c000                __ram2_clear__ = .
 *(.ram2_clear)
 *(.ram2_clear.*)
                0x2007c000                . = ALIGN (0x4)
                0x2007c000                __ram2_noinit__ = .
 *(.ram2)
 *(.ram2.*)
                0x2007c000                . = ALIGN (0x4)
                0x2007c000                __ram2_free__ = .

.ram3_init      0x20000a0c        0x0 load address 0x080027dc
                0x20000a0c                . = ALIGN (0x4)
                0x080027dc                __ram3_init_text__ = LOADADDR (.ram3_init)
                0x20000a0c                __ram3_init__ = .
 *(.ram3_init)
 *(.ram3_init.*)
                0x20000a0c                . = ALIGN (0x4)

.ram3           0x20000a0c        0x0 load address 0x080027dc
                0x20000a0c                . = ALIGN (0x4)
                0x20000a0c                __ram3_clear__ = .
 *(.ram3_clear)
 *(.ram3_clear.*)
                0x20000a0c                . = ALIGN (0x4)
                0x20000a0c                __ram3_noinit__ = .
 *(.ram3)
 *(.ram3.*)
                0x20000a0c                . = ALIGN (0x4)
                0x20000a0c                __ram3_free__ = .

.ram4_init      0x00000000        0x0 load address 0x080027dc
                0x00000000                . = ALIGN (0x4)
                0x080027dc                __ram4_init_text__ = LOADADDR (.ram4_init)
                0x00000000                __ram4_init__ = .
 *(.ram4_init)
 *(.ram4_init.*)
                0x00000000                . = ALIGN (0x4)

.ram4           0x00000000        0x0 load address 0x080027dc
                0x00000000                . = ALIGN (0x4)
                0x00000000                __ram4_clear__ = .
 *(.ram4_clear)
 *(.ram4_clear.*)
                0x00000000                . = ALIGN (0x4)
                0x00000000                __ram4_noinit__ = .
 *(.ram4)
 *(.ram4.*)
                0x00000000                . = ALIGN (0x4)
                0x00000000                __ram4_free__ = .

.ram5_init      0x40024000        0x0 load address 0x080027dc
                0x40024000                . = ALIGN (0x4)
                0x080027dc                __ram5_init_text__ = LOADADDR (.ram5_init)
                0x40024000                __ram5_init__ = .
 *(.ram5_init)
 *(.ram5_init.*)
                0x40024000                . = ALIGN (0x4)

.ram5           0x40024000        0x0 load address 0x080027dc
                0x40024000                . = ALIGN (0x4)
                0x40024000                __ram5_clear__ = .
 *(.ram5_clear)
 *(.ram5_clear.*)
                0x40024000                . = ALIGN (0x4)
                0x40024000                __ram5_noinit__ = .
 *(.ram5)
 *(.ram5.*)
                0x40024000                . = ALIGN (0x4)
                0x40024000                __ram5_free__ = .

.ram6_init      0x00000000        0x0 load address 0x080027dc
                0x00000000                . = ALIGN (0x4)
                0x080027dc                __ram6_init_text__ = LOADADDR (.ram6_init)
                0x00000000                __ram6_init__ = .
 *(.ram6_init)
 *(.ram6_init.*)
                0x00000000                . = ALIGN (0x4)

.ram6           0x00000000        0x0 load address 0x080027dc
                0x00000000                . = ALIGN (0x4)
                0x00000000                __ram6_clear__ = .
 *(.ram6_clear)
 *(.ram6_clear.*)
                0x00000000                . = ALIGN (0x4)
                0x00000000                __ram6_noinit__ = .
 *(.ram6)
 *(.ram6.*)
                0x00000000                . = ALIGN (0x4)
                0x00000000                __ram6_free__ = .

.ram7_init      0x00000000        0x0 load address 0x080027dc
                0x00000000                . = ALIGN (0x4)
                0x080027dc                __ram7_init_text__ = LOADADDR (.ram7_init)
                0x00000000                __ram7_init__ = .
 *(.ram7_init)
 *(.ram7_init.*)
                0x00000000                . = ALIGN (0x4)

.ram7           0x00000000        0x0 load address 0x080027dc
                0x00000000                . = ALIGN (0x4)
                0x00000000                __ram7_clear__ = .
 *(.ram7_clear)
 *(.ram7_clear.*)
                0x00000000                . = ALIGN (0x4)
                0x00000000                __ram7_noinit__ = .
 *(.ram7)
 *(.ram7.*)
                0x00000000                . = ALIGN (0x4)
                0x00000000                __ram7_free__ = .

.heap           0x20020000    0x60000
                0x20020000                . = ALIGN (0x8)
                0x20020000                __heap_base__ = .
                0x20080000                . = (ORIGIN (HEAP_RAM) + LENGTH (HEAP_RAM))
 *fill*         0x20020000    0x60000 
                0x20080000                __heap_end__ = .
                0x00000400                __process_stack_size__ = 0x400
                0x00000400                __main_stack_size__ = 0x400
START GROUP
LOAD d:/rtos_info/distrib_stm32/distrib/chibistudio_v0/chibistudio/tools/gnu tools arm embedded/6.3 2017q1/bin/../lib/gcc/arm-none-eabi/6.3.1/thumb/v7e-m\libgcc.a
LOAD d:/rtos_info/distrib_stm32/distrib/chibistudio_v0/chibistudio/tools/gnu tools arm embedded/6.3 2017q1/bin/../lib/gcc/arm-none-eabi/6.3.1/../../../../arm-none-eabi/lib/thumb/v7e-m\libg.a
LOAD d:/rtos_info/distrib_stm32/distrib/chibistudio_v0/chibistudio/tools/gnu tools arm embedded/6.3 2017q1/bin/../lib/gcc/arm-none-eabi/6.3.1/../../../../arm-none-eabi/lib/thumb/v7e-m\libc.a
END GROUP
OUTPUT(build/ch.elf elf32-littlearm)

.ARM.attributes
                0x00000000       0x2d
 .ARM.attributes
                0x00000000       0x21 build/obj/crt0_v7m.o
 .ARM.attributes
                0x00000021       0x21 build/obj/chcoreasm_v7m.o
 .ARM.attributes
                0x00000042       0x31 C:\Users\Lena\AppData\Local\Temp\ccWdQ2Lj.ltrans0.ltrans.o
 .ARM.attributes
                0x00000073       0x1e d:/rtos_info/distrib_stm32/distrib/chibistudio_v0/chibistudio/tools/gnu tools arm embedded/6.3 2017q1/bin/../lib/gcc/arm-none-eabi/6.3.1/thumb/v7e-m\libgcc.a(_arm_addsubdf3.o)
 .ARM.attributes
                0x00000091       0x1e d:/rtos_info/distrib_stm32/distrib/chibistudio_v0/chibistudio/tools/gnu tools arm embedded/6.3 2017q1/bin/../lib/gcc/arm-none-eabi/6.3.1/thumb/v7e-m\libgcc.a(_arm_muldivdf3.o)
 .ARM.attributes
                0x000000af       0x1e d:/rtos_info/distrib_stm32/distrib/chibistudio_v0/chibistudio/tools/gnu tools arm embedded/6.3 2017q1/bin/../lib/gcc/arm-none-eabi/6.3.1/thumb/v7e-m\libgcc.a(_arm_fixdfsi.o)
 .ARM.attributes
                0x000000cd       0x1e d:/rtos_info/distrib_stm32/distrib/chibistudio_v0/chibistudio/tools/gnu tools arm embedded/6.3 2017q1/bin/../lib/gcc/arm-none-eabi/6.3.1/thumb/v7e-m\libgcc.a(_arm_truncdfsf2.o)
 .ARM.attributes
                0x000000eb       0x1e d:/rtos_info/distrib_stm32/distrib/chibistudio_v0/chibistudio/tools/gnu tools arm embedded/6.3 2017q1/bin/../lib/gcc/arm-none-eabi/6.3.1/thumb/v7e-m\libgcc.a(_arm_addsubsf3.o)
 .ARM.attributes
                0x00000109       0x1e d:/rtos_info/distrib_stm32/distrib/chibistudio_v0/chibistudio/tools/gnu tools arm embedded/6.3 2017q1/bin/../lib/gcc/arm-none-eabi/6.3.1/thumb/v7e-m\libgcc.a(_arm_muldivsf3.o)
 .ARM.attributes
                0x00000127       0x1e d:/rtos_info/distrib_stm32/distrib/chibistudio_v0/chibistudio/tools/gnu tools arm embedded/6.3 2017q1/bin/../lib/gcc/arm-none-eabi/6.3.1/thumb/v7e-m\libgcc.a(_arm_fixsfsi.o)

.comment        0x00000000       0x7f
 .comment       0x00000000       0x7f C:\Users\Lena\AppData\Local\Temp\ccWdQ2Lj.ltrans0.ltrans.o
                                 0x80 (size before relaxing)

.debug_info     0x00000000     0x5400
 .debug_info    0x00000000     0x5400 C:\Users\Lena\AppData\Local\Temp\ccWdQ2Lj.ltrans0.ltrans.o

.debug_abbrev   0x00000000      0x6f3
 .debug_abbrev  0x00000000      0x6f3 C:\Users\Lena\AppData\Local\Temp\ccWdQ2Lj.ltrans0.ltrans.o

.debug_loc      0x00000000     0x2ad3
 .debug_loc     0x00000000     0x2ad3 C:\Users\Lena\AppData\Local\Temp\ccWdQ2Lj.ltrans0.ltrans.o

.debug_aranges  0x00000000      0x158
 .debug_aranges
                0x00000000      0x158 C:\Users\Lena\AppData\Local\Temp\ccWdQ2Lj.ltrans0.ltrans.o

.debug_ranges   0x00000000     0x1150
 .debug_ranges  0x00000000     0x1150 C:\Users\Lena\AppData\Local\Temp\ccWdQ2Lj.ltrans0.ltrans.o

.debug_line     0x00000000     0x1bb4
 .debug_line    0x00000000     0x1bb4 C:\Users\Lena\AppData\Local\Temp\ccWdQ2Lj.ltrans0.ltrans.o

.debug_str      0x00000000     0x14d5
 .debug_str     0x00000000     0x14d5 C:\Users\Lena\AppData\Local\Temp\ccWdQ2Lj.ltrans0.ltrans.o
                               0x161a (size before relaxing)

.debug_frame    0x00000000      0x664
 .debug_frame   0x00000000      0x478 C:\Users\Lena\AppData\Local\Temp\ccWdQ2Lj.ltrans0.ltrans.o
 .debug_frame   0x00000478       0xac d:/rtos_info/distrib_stm32/distrib/chibistudio_v0/chibistudio/tools/gnu tools arm embedded/6.3 2017q1/bin/../lib/gcc/arm-none-eabi/6.3.1/thumb/v7e-m\libgcc.a(_arm_addsubdf3.o)
 .debug_frame   0x00000524       0x50 d:/rtos_info/distrib_stm32/distrib/chibistudio_v0/chibistudio/tools/gnu tools arm embedded/6.3 2017q1/bin/../lib/gcc/arm-none-eabi/6.3.1/thumb/v7e-m\libgcc.a(_arm_muldivdf3.o)
 .debug_frame   0x00000574       0x24 d:/rtos_info/distrib_stm32/distrib/chibistudio_v0/chibistudio/tools/gnu tools arm embedded/6.3 2017q1/bin/../lib/gcc/arm-none-eabi/6.3.1/thumb/v7e-m\libgcc.a(_arm_fixdfsi.o)
 .debug_frame   0x00000598       0x24 d:/rtos_info/distrib_stm32/distrib/chibistudio_v0/chibistudio/tools/gnu tools arm embedded/6.3 2017q1/bin/../lib/gcc/arm-none-eabi/6.3.1/thumb/v7e-m\libgcc.a(_arm_truncdfsf2.o)
 .debug_frame   0x000005bc       0x4c d:/rtos_info/distrib_stm32/distrib/chibistudio_v0/chibistudio/tools/gnu tools arm embedded/6.3 2017q1/bin/../lib/gcc/arm-none-eabi/6.3.1/thumb/v7e-m\libgcc.a(_arm_addsubsf3.o)
 .debug_frame   0x00000608       0x38 d:/rtos_info/distrib_stm32/distrib/chibistudio_v0/chibistudio/tools/gnu tools arm embedded/6.3 2017q1/bin/../lib/gcc/arm-none-eabi/6.3.1/thumb/v7e-m\libgcc.a(_arm_muldivsf3.o)
 .debug_frame   0x00000640       0x24 d:/rtos_info/distrib_stm32/distrib/chibistudio_v0/chibistudio/tools/gnu tools arm embedded/6.3 2017q1/bin/../lib/gcc/arm-none-eabi/6.3.1/thumb/v7e-m\libgcc.a(_arm_fixsfsi.o)

Cross Reference Table

Symbol                                            File
BusFault_Handler                                  build/obj/vectors.o (symbol from plugin)
DebugMon_Handler                                  build/obj/vectors.o (symbol from plugin)
GPTD5                                             build/obj/hal_gpt_lld.o (symbol from plugin)
                                                  build/obj/main.o (symbol from plugin)
HardFault_Handler                                 build/obj/vectors.o (symbol from plugin)
MemManage_Handler                                 build/obj/vectors.o (symbol from plugin)
NMI_Handler                                       build/obj/vectors.o (symbol from plugin)
PendSV_Handler                                    build/obj/vectors.o (symbol from plugin)
Reset_Handler                                     build/obj/crt0_v7m.o
                                                  C:\Users\Lena\AppData\Local\Temp\ccWdQ2Lj.ltrans0.ltrans.o
                                                  build/obj/vectors.o (symbol from plugin)
SD7                                               build/obj/hal_serial_lld.o (symbol from plugin)
                                                  build/obj/main.o (symbol from plugin)
SVC_Handler                                       build/obj/chcore_v7m.o (symbol from plugin)
                                                  build/obj/vectors.o (symbol from plugin)
SysTick_Handler                                   build/obj/hal_st_lld.o (symbol from plugin)
                                                  build/obj/vectors.o (symbol from plugin)
SystemCoreClock                                   build/obj/hal_lld.o (symbol from plugin)
UsageFault_Handler                                build/obj/vectors.o (symbol from plugin)
Vector100                                         build/obj/vectors.o (symbol from plugin)
Vector104                                         build/obj/vectors.o (symbol from plugin)
Vector108                                         build/obj/hal_gpt_lld.o (symbol from plugin)
                                                  build/obj/vectors.o (symbol from plugin)
Vector10C                                         build/obj/vectors.o (symbol from plugin)
Vector110                                         build/obj/vectors.o (symbol from plugin)
Vector114                                         build/obj/vectors.o (symbol from plugin)
Vector118                                         build/obj/vectors.o (symbol from plugin)
Vector11C                                         build/obj/vectors.o (symbol from plugin)
Vector120                                         build/obj/vectors.o (symbol from plugin)
Vector124                                         build/obj/vectors.o (symbol from plugin)
Vector128                                         build/obj/vectors.o (symbol from plugin)
Vector12C                                         build/obj/vectors.o (symbol from plugin)
Vector130                                         build/obj/vectors.o (symbol from plugin)
Vector134                                         build/obj/vectors.o (symbol from plugin)
Vector138                                         build/obj/vectors.o (symbol from plugin)
Vector13C                                         build/obj/vectors.o (symbol from plugin)
Vector140                                         build/obj/vectors.o (symbol from plugin)
Vector144                                         build/obj/vectors.o (symbol from plugin)
Vector148                                         build/obj/vectors.o (symbol from plugin)
Vector14C                                         build/obj/vectors.o (symbol from plugin)
Vector150                                         build/obj/vectors.o (symbol from plugin)
Vector154                                         build/obj/vectors.o (symbol from plugin)
Vector158                                         build/obj/vectors.o (symbol from plugin)
Vector15C                                         build/obj/vectors.o (symbol from plugin)
Vector160                                         build/obj/vectors.o (symbol from plugin)
Vector164                                         build/obj/vectors.o (symbol from plugin)
Vector168                                         build/obj/vectors.o (symbol from plugin)
Vector16C                                         build/obj/vectors.o (symbol from plugin)
Vector170                                         build/obj/vectors.o (symbol from plugin)
Vector174                                         build/obj/vectors.o (symbol from plugin)
Vector178                                         build/obj/vectors.o (symbol from plugin)
Vector17C                                         build/obj/vectors.o (symbol from plugin)
Vector180                                         build/obj/vectors.o (symbol from plugin)
Vector184                                         build/obj/vectors.o (symbol from plugin)
Vector188                                         build/obj/hal_serial_lld.o (symbol from plugin)
                                                  build/obj/vectors.o (symbol from plugin)
Vector18C                                         build/obj/vectors.o (symbol from plugin)
Vector190                                         build/obj/vectors.o (symbol from plugin)
Vector194                                         build/obj/vectors.o (symbol from plugin)
Vector198                                         build/obj/vectors.o (symbol from plugin)
Vector19C                                         build/obj/vectors.o (symbol from plugin)
Vector1A0                                         build/obj/vectors.o (symbol from plugin)
Vector1A4                                         build/obj/vectors.o (symbol from plugin)
Vector1A8                                         build/obj/vectors.o (symbol from plugin)
Vector1AC                                         build/obj/vectors.o (symbol from plugin)
Vector1B0                                         build/obj/vectors.o (symbol from plugin)
Vector1B4                                         build/obj/vectors.o (symbol from plugin)
Vector1B8                                         build/obj/vectors.o (symbol from plugin)
Vector1BC                                         build/obj/vectors.o (symbol from plugin)
Vector1C                                          build/obj/vectors.o (symbol from plugin)
Vector1C0                                         build/obj/vectors.o (symbol from plugin)
Vector1C4                                         build/obj/vectors.o (symbol from plugin)
Vector1C8                                         build/obj/vectors.o (symbol from plugin)
Vector1CC                                         build/obj/vectors.o (symbol from plugin)
Vector1D0                                         build/obj/vectors.o (symbol from plugin)
Vector1D4                                         build/obj/vectors.o (symbol from plugin)
Vector1D8                                         build/obj/vectors.o (symbol from plugin)
Vector1DC                                         build/obj/vectors.o (symbol from plugin)
Vector1E0                                         build/obj/vectors.o (symbol from plugin)
Vector1E4                                         build/obj/vectors.o (symbol from plugin)
Vector1E8                                         build/obj/vectors.o (symbol from plugin)
Vector1EC                                         build/obj/vectors.o (symbol from plugin)
Vector1F0                                         build/obj/vectors.o (symbol from plugin)
Vector1F4                                         build/obj/vectors.o (symbol from plugin)
Vector1F8                                         build/obj/vectors.o (symbol from plugin)
Vector1FC                                         build/obj/vectors.o (symbol from plugin)
Vector20                                          build/obj/vectors.o (symbol from plugin)
Vector24                                          build/obj/vectors.o (symbol from plugin)
Vector28                                          build/obj/vectors.o (symbol from plugin)
Vector34                                          build/obj/vectors.o (symbol from plugin)
Vector40                                          build/obj/vectors.o (symbol from plugin)
Vector44                                          build/obj/vectors.o (symbol from plugin)
Vector48                                          build/obj/vectors.o (symbol from plugin)
Vector4C                                          build/obj/vectors.o (symbol from plugin)
Vector50                                          build/obj/vectors.o (symbol from plugin)
Vector54                                          build/obj/vectors.o (symbol from plugin)
Vector58                                          build/obj/vectors.o (symbol from plugin)
Vector5C                                          build/obj/vectors.o (symbol from plugin)
Vector60                                          build/obj/vectors.o (symbol from plugin)
Vector64                                          build/obj/vectors.o (symbol from plugin)
Vector68                                          build/obj/vectors.o (symbol from plugin)
Vector6C                                          build/obj/vectors.o (symbol from plugin)
Vector70                                          build/obj/vectors.o (symbol from plugin)
Vector74                                          build/obj/vectors.o (symbol from plugin)
Vector78                                          build/obj/vectors.o (symbol from plugin)
Vector7C                                          build/obj/vectors.o (symbol from plugin)
Vector80                                          build/obj/vectors.o (symbol from plugin)
Vector84                                          build/obj/vectors.o (symbol from plugin)
Vector88                                          build/obj/vectors.o (symbol from plugin)
Vector8C                                          build/obj/vectors.o (symbol from plugin)
Vector90                                          build/obj/vectors.o (symbol from plugin)
Vector94                                          build/obj/vectors.o (symbol from plugin)
Vector98                                          build/obj/vectors.o (symbol from plugin)
Vector9C                                          build/obj/vectors.o (symbol from plugin)
VectorA0                                          build/obj/vectors.o (symbol from plugin)
VectorA4                                          build/obj/vectors.o (symbol from plugin)
VectorA8                                          build/obj/vectors.o (symbol from plugin)
VectorAC                                          build/obj/vectors.o (symbol from plugin)
VectorB0                                          build/obj/vectors.o (symbol from plugin)
VectorB4                                          build/obj/vectors.o (symbol from plugin)
VectorB8                                          build/obj/vectors.o (symbol from plugin)
VectorBC                                          build/obj/vectors.o (symbol from plugin)
VectorC0                                          build/obj/vectors.o (symbol from plugin)
VectorC4                                          build/obj/vectors.o (symbol from plugin)
VectorC8                                          build/obj/vectors.o (symbol from plugin)
VectorCC                                          build/obj/vectors.o (symbol from plugin)
VectorD0                                          build/obj/vectors.o (symbol from plugin)
VectorD4                                          build/obj/vectors.o (symbol from plugin)
VectorD8                                          build/obj/vectors.o (symbol from plugin)
VectorDC                                          build/obj/vectors.o (symbol from plugin)
VectorE0                                          build/obj/vectors.o (symbol from plugin)
VectorE4                                          build/obj/vectors.o (symbol from plugin)
VectorE8                                          build/obj/vectors.o (symbol from plugin)
VectorEC                                          build/obj/vectors.o (symbol from plugin)
VectorF0                                          build/obj/vectors.o (symbol from plugin)
VectorF4                                          build/obj/vectors.o (symbol from plugin)
VectorF8                                          build/obj/vectors.o (symbol from plugin)
VectorFC                                          build/obj/vectors.o (symbol from plugin)
__adddf3                                          d:/rtos_info/distrib_stm32/distrib/chibistudio_v0/chibistudio/tools/gnu tools arm embedded/6.3 2017q1/bin/../lib/gcc/arm-none-eabi/6.3.1/thumb/v7e-m\libgcc.a(_arm_addsubdf3.o)
__addsf3                                          d:/rtos_info/distrib_stm32/distrib/chibistudio_v0/chibistudio/tools/gnu tools arm embedded/6.3 2017q1/bin/../lib/gcc/arm-none-eabi/6.3.1/thumb/v7e-m\libgcc.a(_arm_addsubsf3.o)
__aeabi_d2f                                       d:/rtos_info/distrib_stm32/distrib/chibistudio_v0/chibistudio/tools/gnu tools arm embedded/6.3 2017q1/bin/../lib/gcc/arm-none-eabi/6.3.1/thumb/v7e-m\libgcc.a(_arm_truncdfsf2.o)
                                                  C:\Users\Lena\AppData\Local\Temp\ccWdQ2Lj.ltrans0.ltrans.o
__aeabi_d2iz                                      d:/rtos_info/distrib_stm32/distrib/chibistudio_v0/chibistudio/tools/gnu tools arm embedded/6.3 2017q1/bin/../lib/gcc/arm-none-eabi/6.3.1/thumb/v7e-m\libgcc.a(_arm_fixdfsi.o)
                                                  C:\Users\Lena\AppData\Local\Temp\ccWdQ2Lj.ltrans0.ltrans.o
__aeabi_dadd                                      d:/rtos_info/distrib_stm32/distrib/chibistudio_v0/chibistudio/tools/gnu tools arm embedded/6.3 2017q1/bin/../lib/gcc/arm-none-eabi/6.3.1/thumb/v7e-m\libgcc.a(_arm_addsubdf3.o)
                                                  C:\Users\Lena\AppData\Local\Temp\ccWdQ2Lj.ltrans0.ltrans.o
__aeabi_ddiv                                      d:/rtos_info/distrib_stm32/distrib/chibistudio_v0/chibistudio/tools/gnu tools arm embedded/6.3 2017q1/bin/../lib/gcc/arm-none-eabi/6.3.1/thumb/v7e-m\libgcc.a(_arm_muldivdf3.o)
                                                  C:\Users\Lena\AppData\Local\Temp\ccWdQ2Lj.ltrans0.ltrans.o
__aeabi_dmul                                      d:/rtos_info/distrib_stm32/distrib/chibistudio_v0/chibistudio/tools/gnu tools arm embedded/6.3 2017q1/bin/../lib/gcc/arm-none-eabi/6.3.1/thumb/v7e-m\libgcc.a(_arm_muldivdf3.o)
__aeabi_drsub                                     d:/rtos_info/distrib_stm32/distrib/chibistudio_v0/chibistudio/tools/gnu tools arm embedded/6.3 2017q1/bin/../lib/gcc/arm-none-eabi/6.3.1/thumb/v7e-m\libgcc.a(_arm_addsubdf3.o)
__aeabi_dsub                                      d:/rtos_info/distrib_stm32/distrib/chibistudio_v0/chibistudio/tools/gnu tools arm embedded/6.3 2017q1/bin/../lib/gcc/arm-none-eabi/6.3.1/thumb/v7e-m\libgcc.a(_arm_addsubdf3.o)
                                                  C:\Users\Lena\AppData\Local\Temp\ccWdQ2Lj.ltrans0.ltrans.o
__aeabi_f2d                                       d:/rtos_info/distrib_stm32/distrib/chibistudio_v0/chibistudio/tools/gnu tools arm embedded/6.3 2017q1/bin/../lib/gcc/arm-none-eabi/6.3.1/thumb/v7e-m\libgcc.a(_arm_addsubdf3.o)
                                                  C:\Users\Lena\AppData\Local\Temp\ccWdQ2Lj.ltrans0.ltrans.o
__aeabi_f2iz                                      d:/rtos_info/distrib_stm32/distrib/chibistudio_v0/chibistudio/tools/gnu tools arm embedded/6.3 2017q1/bin/../lib/gcc/arm-none-eabi/6.3.1/thumb/v7e-m\libgcc.a(_arm_fixsfsi.o)
                                                  C:\Users\Lena\AppData\Local\Temp\ccWdQ2Lj.ltrans0.ltrans.o
__aeabi_fadd                                      d:/rtos_info/distrib_stm32/distrib/chibistudio_v0/chibistudio/tools/gnu tools arm embedded/6.3 2017q1/bin/../lib/gcc/arm-none-eabi/6.3.1/thumb/v7e-m\libgcc.a(_arm_addsubsf3.o)
__aeabi_fdiv                                      d:/rtos_info/distrib_stm32/distrib/chibistudio_v0/chibistudio/tools/gnu tools arm embedded/6.3 2017q1/bin/../lib/gcc/arm-none-eabi/6.3.1/thumb/v7e-m\libgcc.a(_arm_muldivsf3.o)
                                                  C:\Users\Lena\AppData\Local\Temp\ccWdQ2Lj.ltrans0.ltrans.o
__aeabi_fmul                                      d:/rtos_info/distrib_stm32/distrib/chibistudio_v0/chibistudio/tools/gnu tools arm embedded/6.3 2017q1/bin/../lib/gcc/arm-none-eabi/6.3.1/thumb/v7e-m\libgcc.a(_arm_muldivsf3.o)
                                                  C:\Users\Lena\AppData\Local\Temp\ccWdQ2Lj.ltrans0.ltrans.o
__aeabi_frsub                                     d:/rtos_info/distrib_stm32/distrib/chibistudio_v0/chibistudio/tools/gnu tools arm embedded/6.3 2017q1/bin/../lib/gcc/arm-none-eabi/6.3.1/thumb/v7e-m\libgcc.a(_arm_addsubsf3.o)
__aeabi_fsub                                      d:/rtos_info/distrib_stm32/distrib/chibistudio_v0/chibistudio/tools/gnu tools arm embedded/6.3 2017q1/bin/../lib/gcc/arm-none-eabi/6.3.1/thumb/v7e-m\libgcc.a(_arm_addsubsf3.o)
__aeabi_i2d                                       d:/rtos_info/distrib_stm32/distrib/chibistudio_v0/chibistudio/tools/gnu tools arm embedded/6.3 2017q1/bin/../lib/gcc/arm-none-eabi/6.3.1/thumb/v7e-m\libgcc.a(_arm_addsubdf3.o)
__aeabi_i2f                                       d:/rtos_info/distrib_stm32/distrib/chibistudio_v0/chibistudio/tools/gnu tools arm embedded/6.3 2017q1/bin/../lib/gcc/arm-none-eabi/6.3.1/thumb/v7e-m\libgcc.a(_arm_addsubsf3.o)
__aeabi_l2d                                       d:/rtos_info/distrib_stm32/distrib/chibistudio_v0/chibistudio/tools/gnu tools arm embedded/6.3 2017q1/bin/../lib/gcc/arm-none-eabi/6.3.1/thumb/v7e-m\libgcc.a(_arm_addsubdf3.o)
__aeabi_l2f                                       d:/rtos_info/distrib_stm32/distrib/chibistudio_v0/chibistudio/tools/gnu tools arm embedded/6.3 2017q1/bin/../lib/gcc/arm-none-eabi/6.3.1/thumb/v7e-m\libgcc.a(_arm_addsubsf3.o)
__aeabi_ui2d                                      d:/rtos_info/distrib_stm32/distrib/chibistudio_v0/chibistudio/tools/gnu tools arm embedded/6.3 2017q1/bin/../lib/gcc/arm-none-eabi/6.3.1/thumb/v7e-m\libgcc.a(_arm_addsubdf3.o)
                                                  C:\Users\Lena\AppData\Local\Temp\ccWdQ2Lj.ltrans0.ltrans.o
__aeabi_ui2f                                      d:/rtos_info/distrib_stm32/distrib/chibistudio_v0/chibistudio/tools/gnu tools arm embedded/6.3 2017q1/bin/../lib/gcc/arm-none-eabi/6.3.1/thumb/v7e-m\libgcc.a(_arm_addsubsf3.o)
                                                  C:\Users\Lena\AppData\Local\Temp\ccWdQ2Lj.ltrans0.ltrans.o
__aeabi_ul2d                                      d:/rtos_info/distrib_stm32/distrib/chibistudio_v0/chibistudio/tools/gnu tools arm embedded/6.3 2017q1/bin/../lib/gcc/arm-none-eabi/6.3.1/thumb/v7e-m\libgcc.a(_arm_addsubdf3.o)
__aeabi_ul2f                                      d:/rtos_info/distrib_stm32/distrib/chibistudio_v0/chibistudio/tools/gnu tools arm embedded/6.3 2017q1/bin/../lib/gcc/arm-none-eabi/6.3.1/thumb/v7e-m\libgcc.a(_arm_addsubsf3.o)
__core_init                                       C:\Users\Lena\AppData\Local\Temp\ccWdQ2Lj.ltrans0.ltrans.o
                                                  build/obj/crt1.o (symbol from plugin)
                                                  build/obj/crt0_v7m.o
__default_exit                                    C:\Users\Lena\AppData\Local\Temp\ccWdQ2Lj.ltrans0.ltrans.o
                                                  build/obj/crt1.o (symbol from plugin)
                                                  build/obj/crt0_v7m.o
__divdf3                                          d:/rtos_info/distrib_stm32/distrib/chibistudio_v0/chibistudio/tools/gnu tools arm embedded/6.3 2017q1/bin/../lib/gcc/arm-none-eabi/6.3.1/thumb/v7e-m\libgcc.a(_arm_muldivdf3.o)
__divsf3                                          d:/rtos_info/distrib_stm32/distrib/chibistudio_v0/chibistudio/tools/gnu tools arm embedded/6.3 2017q1/bin/../lib/gcc/arm-none-eabi/6.3.1/thumb/v7e-m\libgcc.a(_arm_muldivsf3.o)
__early_init                                      C:\Users\Lena\AppData\Local\Temp\ccWdQ2Lj.ltrans0.ltrans.o
                                                  build/obj/board.o (symbol from plugin)
                                                  build/obj/crt1.o (symbol from plugin)
                                                  build/obj/crt0_v7m.o
__extendsfdf2                                     d:/rtos_info/distrib_stm32/distrib/chibistudio_v0/chibistudio/tools/gnu tools arm embedded/6.3 2017q1/bin/../lib/gcc/arm-none-eabi/6.3.1/thumb/v7e-m\libgcc.a(_arm_addsubdf3.o)
__fini_array_end                                  build/obj/crt0_v7m.o
__fini_array_start                                build/obj/crt0_v7m.o
__fixdfsi                                         d:/rtos_info/distrib_stm32/distrib/chibistudio_v0/chibistudio/tools/gnu tools arm embedded/6.3 2017q1/bin/../lib/gcc/arm-none-eabi/6.3.1/thumb/v7e-m\libgcc.a(_arm_fixdfsi.o)
__fixsfsi                                         d:/rtos_info/distrib_stm32/distrib/chibistudio_v0/chibistudio/tools/gnu tools arm embedded/6.3 2017q1/bin/../lib/gcc/arm-none-eabi/6.3.1/thumb/v7e-m\libgcc.a(_arm_fixsfsi.o)
__floatdidf                                       d:/rtos_info/distrib_stm32/distrib/chibistudio_v0/chibistudio/tools/gnu tools arm embedded/6.3 2017q1/bin/../lib/gcc/arm-none-eabi/6.3.1/thumb/v7e-m\libgcc.a(_arm_addsubdf3.o)
__floatdisf                                       d:/rtos_info/distrib_stm32/distrib/chibistudio_v0/chibistudio/tools/gnu tools arm embedded/6.3 2017q1/bin/../lib/gcc/arm-none-eabi/6.3.1/thumb/v7e-m\libgcc.a(_arm_addsubsf3.o)
__floatsidf                                       d:/rtos_info/distrib_stm32/distrib/chibistudio_v0/chibistudio/tools/gnu tools arm embedded/6.3 2017q1/bin/../lib/gcc/arm-none-eabi/6.3.1/thumb/v7e-m\libgcc.a(_arm_addsubdf3.o)
__floatsisf                                       d:/rtos_info/distrib_stm32/distrib/chibistudio_v0/chibistudio/tools/gnu tools arm embedded/6.3 2017q1/bin/../lib/gcc/arm-none-eabi/6.3.1/thumb/v7e-m\libgcc.a(_arm_addsubsf3.o)
__floatundidf                                     d:/rtos_info/distrib_stm32/distrib/chibistudio_v0/chibistudio/tools/gnu tools arm embedded/6.3 2017q1/bin/../lib/gcc/arm-none-eabi/6.3.1/thumb/v7e-m\libgcc.a(_arm_addsubdf3.o)
__floatundisf                                     d:/rtos_info/distrib_stm32/distrib/chibistudio_v0/chibistudio/tools/gnu tools arm embedded/6.3 2017q1/bin/../lib/gcc/arm-none-eabi/6.3.1/thumb/v7e-m\libgcc.a(_arm_addsubsf3.o)
__floatunsidf                                     d:/rtos_info/distrib_stm32/distrib/chibistudio_v0/chibistudio/tools/gnu tools arm embedded/6.3 2017q1/bin/../lib/gcc/arm-none-eabi/6.3.1/thumb/v7e-m\libgcc.a(_arm_addsubdf3.o)
__floatunsisf                                     d:/rtos_info/distrib_stm32/distrib/chibistudio_v0/chibistudio/tools/gnu tools arm embedded/6.3 2017q1/bin/../lib/gcc/arm-none-eabi/6.3.1/thumb/v7e-m\libgcc.a(_arm_addsubsf3.o)
__heap_base__                                     C:\Users\Lena\AppData\Local\Temp\ccWdQ2Lj.ltrans0.ltrans.o
                                                  build/obj/chmemcore.o (symbol from plugin)
__heap_end__                                      C:\Users\Lena\AppData\Local\Temp\ccWdQ2Lj.ltrans0.ltrans.o
                                                  build/obj/chmemcore.o (symbol from plugin)
__init_array_end                                  build/obj/crt0_v7m.o
__init_array_start                                build/obj/crt0_v7m.o
__init_ram_areas                                  C:\Users\Lena\AppData\Local\Temp\ccWdQ2Lj.ltrans0.ltrans.o
                                                  build/obj/crt1.o (symbol from plugin)
                                                  build/obj/crt0_v7m.o
__late_init                                       C:\Users\Lena\AppData\Local\Temp\ccWdQ2Lj.ltrans0.ltrans.o
                                                  build/obj/crt1.o (symbol from plugin)
                                                  build/obj/crt0_v7m.o
__main_stack_base__                               build/obj/crt0_v7m.o
__main_stack_end__                                C:\Users\Lena\AppData\Local\Temp\ccWdQ2Lj.ltrans0.ltrans.o
                                                  build/obj/vectors.o (symbol from plugin)
                                                  build/obj/crt0_v7m.o
__muldf3                                          d:/rtos_info/distrib_stm32/distrib/chibistudio_v0/chibistudio/tools/gnu tools arm embedded/6.3 2017q1/bin/../lib/gcc/arm-none-eabi/6.3.1/thumb/v7e-m\libgcc.a(_arm_muldivdf3.o)
__mulsf3                                          d:/rtos_info/distrib_stm32/distrib/chibistudio_v0/chibistudio/tools/gnu tools arm embedded/6.3 2017q1/bin/../lib/gcc/arm-none-eabi/6.3.1/thumb/v7e-m\libgcc.a(_arm_muldivsf3.o)
__process_stack_base__                            build/obj/crt0_v7m.o
__process_stack_end__                             build/obj/crt0_v7m.o
__ram0_clear__                                    C:\Users\Lena\AppData\Local\Temp\ccWdQ2Lj.ltrans0.ltrans.o
                                                  build/obj/crt1.o (symbol from plugin)
__ram0_init__                                     C:\Users\Lena\AppData\Local\Temp\ccWdQ2Lj.ltrans0.ltrans.o
                                                  build/obj/crt1.o (symbol from plugin)
__ram0_init_text__                                C:\Users\Lena\AppData\Local\Temp\ccWdQ2Lj.ltrans0.ltrans.o
                                                  build/obj/crt1.o (symbol from plugin)
__ram0_noinit__                                   C:\Users\Lena\AppData\Local\Temp\ccWdQ2Lj.ltrans0.ltrans.o
                                                  build/obj/crt1.o (symbol from plugin)
__ram1_clear__                                    C:\Users\Lena\AppData\Local\Temp\ccWdQ2Lj.ltrans0.ltrans.o
                                                  build/obj/crt1.o (symbol from plugin)
__ram1_init__                                     C:\Users\Lena\AppData\Local\Temp\ccWdQ2Lj.ltrans0.ltrans.o
                                                  build/obj/crt1.o (symbol from plugin)
__ram1_init_text__                                C:\Users\Lena\AppData\Local\Temp\ccWdQ2Lj.ltrans0.ltrans.o
                                                  build/obj/crt1.o (symbol from plugin)
__ram1_noinit__                                   C:\Users\Lena\AppData\Local\Temp\ccWdQ2Lj.ltrans0.ltrans.o
                                                  build/obj/crt1.o (symbol from plugin)
__ram2_clear__                                    C:\Users\Lena\AppData\Local\Temp\ccWdQ2Lj.ltrans0.ltrans.o
                                                  build/obj/crt1.o (symbol from plugin)
__ram2_init__                                     C:\Users\Lena\AppData\Local\Temp\ccWdQ2Lj.ltrans0.ltrans.o
                                                  build/obj/crt1.o (symbol from plugin)
__ram2_init_text__                                C:\Users\Lena\AppData\Local\Temp\ccWdQ2Lj.ltrans0.ltrans.o
                                                  build/obj/crt1.o (symbol from plugin)
__ram2_noinit__                                   C:\Users\Lena\AppData\Local\Temp\ccWdQ2Lj.ltrans0.ltrans.o
                                                  build/obj/crt1.o (symbol from plugin)
__ram3_clear__                                    C:\Users\Lena\AppData\Local\Temp\ccWdQ2Lj.ltrans0.ltrans.o
                                                  build/obj/crt1.o (symbol from plugin)
__ram3_init__                                     C:\Users\Lena\AppData\Local\Temp\ccWdQ2Lj.ltrans0.ltrans.o
                                                  build/obj/crt1.o (symbol from plugin)
__ram3_init_text__                                C:\Users\Lena\AppData\Local\Temp\ccWdQ2Lj.ltrans0.ltrans.o
                                                  build/obj/crt1.o (symbol from plugin)
__ram3_noinit__                                   C:\Users\Lena\AppData\Local\Temp\ccWdQ2Lj.ltrans0.ltrans.o
                                                  build/obj/crt1.o (symbol from plugin)
__ram4_clear__                                    C:\Users\Lena\AppData\Local\Temp\ccWdQ2Lj.ltrans0.ltrans.o
                                                  build/obj/crt1.o (symbol from plugin)
__ram4_init__                                     C:\Users\Lena\AppData\Local\Temp\ccWdQ2Lj.ltrans0.ltrans.o
                                                  build/obj/crt1.o (symbol from plugin)
__ram4_init_text__                                C:\Users\Lena\AppData\Local\Temp\ccWdQ2Lj.ltrans0.ltrans.o
                                                  build/obj/crt1.o (symbol from plugin)
__ram4_noinit__                                   C:\Users\Lena\AppData\Local\Temp\ccWdQ2Lj.ltrans0.ltrans.o
                                                  build/obj/crt1.o (symbol from plugin)
__ram5_clear__                                    C:\Users\Lena\AppData\Local\Temp\ccWdQ2Lj.ltrans0.ltrans.o
                                                  build/obj/crt1.o (symbol from plugin)
__ram5_init__                                     C:\Users\Lena\AppData\Local\Temp\ccWdQ2Lj.ltrans0.ltrans.o
                                                  build/obj/crt1.o (symbol from plugin)
__ram5_init_text__                                C:\Users\Lena\AppData\Local\Temp\ccWdQ2Lj.ltrans0.ltrans.o
                                                  build/obj/crt1.o (symbol from plugin)
__ram5_noinit__                                   C:\Users\Lena\AppData\Local\Temp\ccWdQ2Lj.ltrans0.ltrans.o
                                                  build/obj/crt1.o (symbol from plugin)
__ram6_clear__                                    C:\Users\Lena\AppData\Local\Temp\ccWdQ2Lj.ltrans0.ltrans.o
                                                  build/obj/crt1.o (symbol from plugin)
__ram6_init__                                     C:\Users\Lena\AppData\Local\Temp\ccWdQ2Lj.ltrans0.ltrans.o
                                                  build/obj/crt1.o (symbol from plugin)
__ram6_init_text__                                C:\Users\Lena\AppData\Local\Temp\ccWdQ2Lj.ltrans0.ltrans.o
                                                  build/obj/crt1.o (symbol from plugin)
__ram6_noinit__                                   C:\Users\Lena\AppData\Local\Temp\ccWdQ2Lj.ltrans0.ltrans.o
                                                  build/obj/crt1.o (symbol from plugin)
__ram7_clear__                                    C:\Users\Lena\AppData\Local\Temp\ccWdQ2Lj.ltrans0.ltrans.o
                                                  build/obj/crt1.o (symbol from plugin)
__ram7_init__                                     C:\Users\Lena\AppData\Local\Temp\ccWdQ2Lj.ltrans0.ltrans.o
                                                  build/obj/crt1.o (symbol from plugin)
__ram7_init_text__                                C:\Users\Lena\AppData\Local\Temp\ccWdQ2Lj.ltrans0.ltrans.o
                                                  build/obj/crt1.o (symbol from plugin)
__ram7_noinit__                                   C:\Users\Lena\AppData\Local\Temp\ccWdQ2Lj.ltrans0.ltrans.o
                                                  build/obj/crt1.o (symbol from plugin)
__subdf3                                          d:/rtos_info/distrib_stm32/distrib/chibistudio_v0/chibistudio/tools/gnu tools arm embedded/6.3 2017q1/bin/../lib/gcc/arm-none-eabi/6.3.1/thumb/v7e-m\libgcc.a(_arm_addsubdf3.o)
__subsf3                                          d:/rtos_info/distrib_stm32/distrib/chibistudio_v0/chibistudio/tools/gnu tools arm embedded/6.3 2017q1/bin/../lib/gcc/arm-none-eabi/6.3.1/thumb/v7e-m\libgcc.a(_arm_addsubsf3.o)
__truncdfsf2                                      d:/rtos_info/distrib_stm32/distrib/chibistudio_v0/chibistudio/tools/gnu tools arm embedded/6.3 2017q1/bin/../lib/gcc/arm-none-eabi/6.3.1/thumb/v7e-m\libgcc.a(_arm_truncdfsf2.o)
_bss_end                                          build/obj/crt0_v7m.o
_bss_start                                        build/obj/crt0_v7m.o
_core_init                                        build/obj/chmemcore.o (symbol from plugin)
                                                  build/obj/chsys.o (symbol from plugin)
_data_end                                         build/obj/crt0_v7m.o
_data_start                                       build/obj/crt0_v7m.o
_heap_init                                        build/obj/chheap.o (symbol from plugin)
                                                  build/obj/chsys.o (symbol from plugin)
_pal_lld_init                                     build/obj/hal_pal_lld.o (symbol from plugin)
                                                  build/obj/hal.o (symbol from plugin)
_pal_lld_setgroupmode                             build/obj/hal_pal_lld.o (symbol from plugin)
                                                  build/obj/main.o (symbol from plugin)
                                                  build/obj/hal_pal.o (symbol from plugin)
_port_exit_from_isr                               build/obj/chcoreasm_v7m.o
                                                  C:\Users\Lena\AppData\Local\Temp\ccWdQ2Lj.ltrans0.ltrans.o
                                                  build/obj/chcore_v7m.o (symbol from plugin)
_port_irq_epilogue                                build/obj/chcore_v7m.o (symbol from plugin)
                                                  build/obj/hal_serial_lld.o (symbol from plugin)
                                                  build/obj/hal_gpt_lld.o (symbol from plugin)
                                                  build/obj/hal_st_lld.o (symbol from plugin)
_port_switch                                      build/obj/chcoreasm_v7m.o
                                                  C:\Users\Lena\AppData\Local\Temp\ccWdQ2Lj.ltrans0.ltrans.o
                                                  build/obj/chschd.o (symbol from plugin)
_port_switch_from_isr                             build/obj/chcoreasm_v7m.o
                                                  C:\Users\Lena\AppData\Local\Temp\ccWdQ2Lj.ltrans0.ltrans.o
                                                  build/obj/chcore_v7m.o (symbol from plugin)
_port_thread_start                                build/obj/chcoreasm_v7m.o
                                                  C:\Users\Lena\AppData\Local\Temp\ccWdQ2Lj.ltrans0.ltrans.o
                                                  build/obj/chthreads.o (symbol from plugin)
_scheduler_init                                   build/obj/chschd.o (symbol from plugin)
                                                  build/obj/chsys.o (symbol from plugin)
_textdata_start                                   build/obj/crt0_v7m.o
_thread_init                                      build/obj/chthreads.o (symbol from plugin)
                                                  build/obj/chsys.o (symbol from plugin)
_tm_init                                          build/obj/chtm.o (symbol from plugin)
                                                  build/obj/chsys.o (symbol from plugin)
_unhandled_exception                              build/obj/vectors.o (symbol from plugin)
_vectors                                          C:\Users\Lena\AppData\Local\Temp\ccWdQ2Lj.ltrans0.ltrans.o
                                                  build/obj/vectors.o (symbol from plugin)
                                                  build/obj/crt0_v7m.o
_vt_init                                          build/obj/chvt.o (symbol from plugin)
                                                  build/obj/chsys.o (symbol from plugin)
boardInit                                         build/obj/board.o (symbol from plugin)
                                                  build/obj/hal.o (symbol from plugin)
ch                                                build/obj/chschd.o (symbol from plugin)
                                                  build/obj/main.o (symbol from plugin)
                                                  build/obj/hal_queues.o (symbol from plugin)
                                                  build/obj/hal_buffers.o (symbol from plugin)
                                                  build/obj/chmsg.o (symbol from plugin)
                                                  build/obj/chevents.o (symbol from plugin)
                                                  build/obj/chcond.o (symbol from plugin)
                                                  build/obj/chmtx.o (symbol from plugin)
                                                  build/obj/chsem.o (symbol from plugin)
                                                  build/obj/chregistry.o (symbol from plugin)
                                                  build/obj/chtm.o (symbol from plugin)
                                                  build/obj/chthreads.o (symbol from plugin)
                                                  build/obj/chvt.o (symbol from plugin)
                                                  build/obj/chsys.o (symbol from plugin)
chCondBroadcast                                   build/obj/chcond.o (symbol from plugin)
chCondBroadcastI                                  build/obj/chcond.o (symbol from plugin)
chCondObjectInit                                  build/obj/chcond.o (symbol from plugin)
chCondSignal                                      build/obj/chcond.o (symbol from plugin)
chCondSignalI                                     build/obj/chcond.o (symbol from plugin)
chCondWait                                        build/obj/chcond.o (symbol from plugin)
chCondWaitS                                       build/obj/chcond.o (symbol from plugin)
chCondWaitTimeout                                 build/obj/chcond.o (symbol from plugin)
chCondWaitTimeoutS                                build/obj/chcond.o (symbol from plugin)
chCoreAllocAligned                                build/obj/chmemcore.o (symbol from plugin)
                                                  build/obj/chheap.o (symbol from plugin)
chCoreAllocAlignedI                               build/obj/chmemcore.o (symbol from plugin)
chCoreGetStatusX                                  build/obj/chmemcore.o (symbol from plugin)
chEvtAddEvents                                    build/obj/chevents.o (symbol from plugin)
chEvtBroadcastFlags                               build/obj/chevents.o (symbol from plugin)
chEvtBroadcastFlagsI                              build/obj/chevents.o (symbol from plugin)
                                                  build/obj/hal_serial_lld.o (symbol from plugin)
                                                  build/obj/hal_serial.o (symbol from plugin)
chEvtDispatch                                     build/obj/chevents.o (symbol from plugin)
chEvtGetAndClearEvents                            build/obj/chevents.o (symbol from plugin)
chEvtGetAndClearFlags                             build/obj/chevents.o (symbol from plugin)
chEvtGetAndClearFlagsI                            build/obj/chevents.o (symbol from plugin)
chEvtRegisterMaskWithFlags                        build/obj/chevents.o (symbol from plugin)
chEvtSignal                                       build/obj/chevents.o (symbol from plugin)
chEvtSignalI                                      build/obj/chevents.o (symbol from plugin)
chEvtUnregister                                   build/obj/chevents.o (symbol from plugin)
chEvtWaitAll                                      build/obj/chevents.o (symbol from plugin)
chEvtWaitAllTimeout                               build/obj/chevents.o (symbol from plugin)
chEvtWaitAny                                      build/obj/chevents.o (symbol from plugin)
chEvtWaitAnyTimeout                               build/obj/chevents.o (symbol from plugin)
chEvtWaitOne                                      build/obj/chevents.o (symbol from plugin)
chEvtWaitOneTimeout                               build/obj/chevents.o (symbol from plugin)
chGuardedPoolAllocTimeout                         build/obj/chmempools.o (symbol from plugin)
chGuardedPoolAllocTimeoutS                        build/obj/chmempools.o (symbol from plugin)
chGuardedPoolFree                                 build/obj/chmempools.o (symbol from plugin)
chGuardedPoolFreeI                                build/obj/chmempools.o (symbol from plugin)
chGuardedPoolLoadArray                            build/obj/chmempools.o (symbol from plugin)
chGuardedPoolObjectInit                           build/obj/chmempools.o (symbol from plugin)
chHeapAllocAligned                                build/obj/chheap.o (symbol from plugin)
                                                  build/obj/chdynamic.o (symbol from plugin)
chHeapFree                                        build/obj/chheap.o (symbol from plugin)
                                                  build/obj/chthreads.o (symbol from plugin)
chHeapObjectInit                                  build/obj/chheap.o (symbol from plugin)
chHeapStatus                                      build/obj/chheap.o (symbol from plugin)
chMBFetch                                         build/obj/chmboxes.o (symbol from plugin)
chMBFetchI                                        build/obj/chmboxes.o (symbol from plugin)
chMBFetchS                                        build/obj/chmboxes.o (symbol from plugin)
chMBObjectInit                                    build/obj/chmboxes.o (symbol from plugin)
chMBPost                                          build/obj/chmboxes.o (symbol from plugin)
chMBPostAhead                                     build/obj/chmboxes.o (symbol from plugin)
chMBPostAheadI                                    build/obj/chmboxes.o (symbol from plugin)
chMBPostAheadS                                    build/obj/chmboxes.o (symbol from plugin)
chMBPostI                                         build/obj/chmboxes.o (symbol from plugin)
chMBPostS                                         build/obj/chmboxes.o (symbol from plugin)
chMBReset                                         build/obj/chmboxes.o (symbol from plugin)
chMBResetI                                        build/obj/chmboxes.o (symbol from plugin)
chMsgRelease                                      build/obj/chmsg.o (symbol from plugin)
chMsgSend                                         build/obj/chmsg.o (symbol from plugin)
chMsgWait                                         build/obj/chmsg.o (symbol from plugin)
chMtxLock                                         build/obj/chmtx.o (symbol from plugin)
                                                  build/obj/chheap.o (symbol from plugin)
chMtxLockS                                        build/obj/chmtx.o (symbol from plugin)
                                                  build/obj/chcond.o (symbol from plugin)
chMtxObjectInit                                   build/obj/chmtx.o (symbol from plugin)
                                                  build/obj/chheap.o (symbol from plugin)
chMtxTryLock                                      build/obj/chmtx.o (symbol from plugin)
chMtxTryLockS                                     build/obj/chmtx.o (symbol from plugin)
chMtxUnlock                                       build/obj/chmtx.o (symbol from plugin)
                                                  build/obj/chheap.o (symbol from plugin)
chMtxUnlockAll                                    build/obj/chmtx.o (symbol from plugin)
chMtxUnlockAllS                                   build/obj/chmtx.o (symbol from plugin)
chMtxUnlockS                                      build/obj/chmtx.o (symbol from plugin)
                                                  build/obj/chcond.o (symbol from plugin)
chPoolAlloc                                       build/obj/chmempools.o (symbol from plugin)
                                                  build/obj/chdynamic.o (symbol from plugin)
chPoolAllocI                                      build/obj/chmempools.o (symbol from plugin)
chPoolFree                                        build/obj/chmempools.o (symbol from plugin)
                                                  build/obj/chthreads.o (symbol from plugin)
chPoolFreeI                                       build/obj/chmempools.o (symbol from plugin)
chPoolLoadArray                                   build/obj/chmempools.o (symbol from plugin)
chPoolObjectInit                                  build/obj/chmempools.o (symbol from plugin)
chRegFindThreadByName                             build/obj/chregistry.o (symbol from plugin)
chRegFindThreadByPointer                          build/obj/chregistry.o (symbol from plugin)
chRegFindThreadByWorkingArea                      build/obj/chregistry.o (symbol from plugin)
chRegFirstThread                                  build/obj/chregistry.o (symbol from plugin)
chRegNextThread                                   build/obj/chregistry.o (symbol from plugin)
chSchDoReschedule                                 C:\Users\Lena\AppData\Local\Temp\ccWdQ2Lj.ltrans0.ltrans.o
                                                  build/obj/chschd.o (symbol from plugin)
                                                  build/obj/chcoreasm_v7m.o
chSchDoRescheduleAhead                            build/obj/chschd.o (symbol from plugin)
chSchDoRescheduleBehind                           build/obj/chschd.o (symbol from plugin)
                                                  build/obj/chthreads.o (symbol from plugin)
chSchGoSleepS                                     build/obj/chschd.o (symbol from plugin)
                                                  build/obj/chmsg.o (symbol from plugin)
                                                  build/obj/chevents.o (symbol from plugin)
                                                  build/obj/chcond.o (symbol from plugin)
                                                  build/obj/chmtx.o (symbol from plugin)
                                                  build/obj/chsem.o (symbol from plugin)
                                                  build/obj/chthreads.o (symbol from plugin)
chSchGoSleepTimeoutS                              build/obj/chschd.o (symbol from plugin)
                                                  build/obj/chevents.o (symbol from plugin)
                                                  build/obj/chcond.o (symbol from plugin)
                                                  build/obj/chsem.o (symbol from plugin)
                                                  build/obj/chthreads.o (symbol from plugin)
chSchIsPreemptionRequired                         build/obj/chschd.o (symbol from plugin)
                                                  build/obj/chcore_v7m.o (symbol from plugin)
chSchReadyAheadI                                  build/obj/chschd.o (symbol from plugin)
chSchReadyI                                       build/obj/chschd.o (symbol from plugin)
                                                  build/obj/chmsg.o (symbol from plugin)
                                                  build/obj/chevents.o (symbol from plugin)
                                                  build/obj/chcond.o (symbol from plugin)
                                                  build/obj/chmtx.o (symbol from plugin)
                                                  build/obj/chsem.o (symbol from plugin)
                                                  build/obj/chthreads.o (symbol from plugin)
chSchRescheduleS                                  build/obj/chschd.o (symbol from plugin)
                                                  build/obj/hal_serial.o (symbol from plugin)
                                                  build/obj/chmempools.o (symbol from plugin)
                                                  build/obj/chmboxes.o (symbol from plugin)
                                                  build/obj/chevents.o (symbol from plugin)
                                                  build/obj/chcond.o (symbol from plugin)
                                                  build/obj/chmtx.o (symbol from plugin)
                                                  build/obj/chsem.o (symbol from plugin)
                                                  build/obj/chthreads.o (symbol from plugin)
                                                  build/obj/chsys.o (symbol from plugin)
chSchWakeupS                                      build/obj/chschd.o (symbol from plugin)
                                                  build/obj/chdynamic.o (symbol from plugin)
                                                  build/obj/chmsg.o (symbol from plugin)
                                                  build/obj/chcond.o (symbol from plugin)
                                                  build/obj/chsem.o (symbol from plugin)
                                                  build/obj/chthreads.o (symbol from plugin)
chSemAddCounterI                                  build/obj/chsem.o (symbol from plugin)
chSemObjectInit                                   build/obj/chsem.o (symbol from plugin)
                                                  build/obj/chmempools.o (symbol from plugin)
chSemReset                                        build/obj/chsem.o (symbol from plugin)
chSemResetI                                       build/obj/chsem.o (symbol from plugin)
chSemSignal                                       build/obj/chsem.o (symbol from plugin)
chSemSignalI                                      build/obj/chsem.o (symbol from plugin)
                                                  build/obj/chmempools.o (symbol from plugin)
chSemSignalWait                                   build/obj/chsem.o (symbol from plugin)
chSemWait                                         build/obj/chsem.o (symbol from plugin)
chSemWaitS                                        build/obj/chsem.o (symbol from plugin)
chSemWaitTimeout                                  build/obj/chsem.o (symbol from plugin)
chSemWaitTimeoutS                                 build/obj/chsem.o (symbol from plugin)
                                                  build/obj/chmempools.o (symbol from plugin)
chSysGetStatusAndLockX                            build/obj/chsys.o (symbol from plugin)
chSysHalt                                         build/obj/chsys.o (symbol from plugin)
chSysInit                                         build/obj/chsys.o (symbol from plugin)
                                                  build/obj/main.o (symbol from plugin)
chSysIntegrityCheckI                              build/obj/chsys.o (symbol from plugin)
chSysIsCounterWithinX                             build/obj/chsys.o (symbol from plugin)
chSysPolledDelayX                                 build/obj/chsys.o (symbol from plugin)
chSysRestoreStatusX                               build/obj/chsys.o (symbol from plugin)
chSysTimerHandlerI                                build/obj/chsys.o (symbol from plugin)
                                                  build/obj/hal_st_lld.o (symbol from plugin)
chTMChainMeasurementToX                           build/obj/chtm.o (symbol from plugin)
chTMObjectInit                                    build/obj/chtm.o (symbol from plugin)
chTMStartMeasurementX                             build/obj/chtm.o (symbol from plugin)
chTMStopMeasurementX                              build/obj/chtm.o (symbol from plugin)
chThdAddRef                                       build/obj/chthreads.o (symbol from plugin)
chThdCreate                                       build/obj/chthreads.o (symbol from plugin)
                                                  build/obj/chsys.o (symbol from plugin)
chThdCreateFromHeap                               build/obj/chdynamic.o (symbol from plugin)
chThdCreateFromMemoryPool                         build/obj/chdynamic.o (symbol from plugin)
chThdCreateI                                      build/obj/chthreads.o (symbol from plugin)
chThdCreateStatic                                 build/obj/chthreads.o (symbol from plugin)
chThdCreateSuspended                              build/obj/chthreads.o (symbol from plugin)
chThdCreateSuspendedI                             build/obj/chthreads.o (symbol from plugin)
                                                  build/obj/chdynamic.o (symbol from plugin)
chThdDequeueAllI                                  build/obj/chthreads.o (symbol from plugin)
                                                  build/obj/hal_queues.o (symbol from plugin)
                                                  build/obj/hal_buffers.o (symbol from plugin)
                                                  build/obj/chmboxes.o (symbol from plugin)
chThdDequeueNextI                                 build/obj/chthreads.o (symbol from plugin)
                                                  build/obj/hal_queues.o (symbol from plugin)
                                                  build/obj/hal_buffers.o (symbol from plugin)
                                                  build/obj/chmboxes.o (symbol from plugin)
chThdEnqueueTimeoutS                              build/obj/chthreads.o (symbol from plugin)
                                                  build/obj/hal_queues.o (symbol from plugin)
                                                  build/obj/hal_buffers.o (symbol from plugin)
                                                  build/obj/chmboxes.o (symbol from plugin)
chThdExit                                         C:\Users\Lena\AppData\Local\Temp\ccWdQ2Lj.ltrans0.ltrans.o
                                                  build/obj/chthreads.o (symbol from plugin)
                                                  build/obj/chcoreasm_v7m.o
chThdExitS                                        build/obj/chthreads.o (symbol from plugin)
chThdRelease                                      build/obj/chthreads.o (symbol from plugin)
                                                  build/obj/chregistry.o (symbol from plugin)
chThdResume                                       build/obj/chthreads.o (symbol from plugin)
chThdResumeI                                      build/obj/chthreads.o (symbol from plugin)
chThdResumeS                                      build/obj/chthreads.o (symbol from plugin)
chThdSetPriority                                  build/obj/chthreads.o (symbol from plugin)
chThdSleep                                        build/obj/chthreads.o (symbol from plugin)
                                                  build/obj/main.o (symbol from plugin)
chThdSleepUntil                                   build/obj/chthreads.o (symbol from plugin)
chThdSleepUntilWindowed                           build/obj/chthreads.o (symbol from plugin)
chThdStart                                        build/obj/chthreads.o (symbol from plugin)
chThdSuspendS                                     build/obj/chthreads.o (symbol from plugin)
chThdSuspendTimeoutS                              build/obj/chthreads.o (symbol from plugin)
chThdTerminate                                    build/obj/chthreads.o (symbol from plugin)
chThdWait                                         build/obj/chthreads.o (symbol from plugin)
chThdYield                                        build/obj/chthreads.o (symbol from plugin)
chVTDoResetI                                      build/obj/chvt.o (symbol from plugin)
                                                  build/obj/chschd.o (symbol from plugin)
chVTDoSetI                                        build/obj/chvt.o (symbol from plugin)
                                                  build/obj/chschd.o (symbol from plugin)
ch_debug                                          build/obj/chregistry.o (symbol from plugin)
                                                  build/obj/chsys.o (symbol from plugin)
ch_idle_thread_wa                                 build/obj/chsys.o (symbol from plugin)
chprintf                                          build/obj/chprintf.o (symbol from plugin)
                                                  build/obj/main.o (symbol from plugin)
chsnprintf                                        build/obj/chprintf.o (symbol from plugin)
chvprintf                                         build/obj/chprintf.o (symbol from plugin)
gptChangeInterval                                 build/obj/hal_gpt.o (symbol from plugin)
gptInit                                           build/obj/hal_gpt.o (symbol from plugin)
                                                  build/obj/hal.o (symbol from plugin)
gptObjectInit                                     build/obj/hal_gpt.o (symbol from plugin)
                                                  build/obj/hal_gpt_lld.o (symbol from plugin)
gptPolledDelay                                    build/obj/hal_gpt.o (symbol from plugin)
gptStart                                          build/obj/hal_gpt.o (symbol from plugin)
                                                  build/obj/main.o (symbol from plugin)
gptStartContinuous                                build/obj/hal_gpt.o (symbol from plugin)
                                                  build/obj/main.o (symbol from plugin)
gptStartContinuousI                               build/obj/hal_gpt.o (symbol from plugin)
gptStartOneShot                                   build/obj/hal_gpt.o (symbol from plugin)
gptStartOneShotI                                  build/obj/hal_gpt.o (symbol from plugin)
gptStop                                           build/obj/hal_gpt.o (symbol from plugin)
gptStopTimer                                      build/obj/hal_gpt.o (symbol from plugin)
gptStopTimerI                                     build/obj/hal_gpt.o (symbol from plugin)
gpt_lld_init                                      build/obj/hal_gpt_lld.o (symbol from plugin)
                                                  build/obj/hal_gpt.o (symbol from plugin)
gpt_lld_polled_delay                              build/obj/hal_gpt_lld.o (symbol from plugin)
                                                  build/obj/hal_gpt.o (symbol from plugin)
gpt_lld_serve_interrupt                           build/obj/hal_gpt_lld.o (symbol from plugin)
gpt_lld_start                                     build/obj/hal_gpt_lld.o (symbol from plugin)
                                                  build/obj/hal_gpt.o (symbol from plugin)
gpt_lld_start_timer                               build/obj/hal_gpt_lld.o (symbol from plugin)
                                                  build/obj/hal_gpt.o (symbol from plugin)
gpt_lld_stop                                      build/obj/hal_gpt_lld.o (symbol from plugin)
                                                  build/obj/hal_gpt.o (symbol from plugin)
gpt_lld_stop_timer                                build/obj/hal_gpt_lld.o (symbol from plugin)
                                                  build/obj/hal_gpt.o (symbol from plugin)
gpt_ticks                                         build/obj/main.o (symbol from plugin)
halInit                                           build/obj/hal.o (symbol from plugin)
                                                  build/obj/main.o (symbol from plugin)
hal_lld_init                                      build/obj/hal_lld.o (symbol from plugin)
                                                  build/obj/hal.o (symbol from plugin)
ibqGetEmptyBufferI                                build/obj/hal_buffers.o (symbol from plugin)
ibqGetFullBufferTimeout                           build/obj/hal_buffers.o (symbol from plugin)
ibqGetFullBufferTimeoutS                          build/obj/hal_buffers.o (symbol from plugin)
ibqGetTimeout                                     build/obj/hal_buffers.o (symbol from plugin)
ibqObjectInit                                     build/obj/hal_buffers.o (symbol from plugin)
ibqPostFullBufferI                                build/obj/hal_buffers.o (symbol from plugin)
ibqReadTimeout                                    build/obj/hal_buffers.o (symbol from plugin)
ibqReleaseEmptyBuffer                             build/obj/hal_buffers.o (symbol from plugin)
ibqReleaseEmptyBufferS                            build/obj/hal_buffers.o (symbol from plugin)
ibqResetI                                         build/obj/hal_buffers.o (symbol from plugin)
iqGetTimeout                                      build/obj/hal_queues.o (symbol from plugin)
                                                  build/obj/hal_serial.o (symbol from plugin)
iqObjectInit                                      build/obj/hal_queues.o (symbol from plugin)
                                                  build/obj/hal_serial_lld.o (symbol from plugin)
iqPutI                                            build/obj/hal_queues.o (symbol from plugin)
                                                  build/obj/hal_serial.o (symbol from plugin)
iqReadTimeout                                     build/obj/hal_queues.o (symbol from plugin)
                                                  build/obj/hal_serial.o (symbol from plugin)
iqResetI                                          build/obj/hal_queues.o (symbol from plugin)