Archive member included to satisfy reference by file (symbol)

/home/lena/local_libs/bin/../lib/gcc/arm-none-eabi/9.3.1/../../../../arm-none-eabi/lib/thumb/v7e-m/nofp/libm.a(lib_a-s_cos.o)
                              build/obj/lld_odometry.o (symbol from plugin) (cos)
/home/lena/local_libs/bin/../lib/gcc/arm-none-eabi/9.3.1/../../../../arm-none-eabi/lib/thumb/v7e-m/nofp/libm.a(lib_a-s_sin.o)
                              build/obj/lld_odometry.o (symbol from plugin) (sin)
/home/lena/local_libs/bin/../lib/gcc/arm-none-eabi/9.3.1/../../../../arm-none-eabi/lib/thumb/v7e-m/nofp/libm.a(lib_a-s_tan.o)
                              build/obj/lld_odometry.o (symbol from plugin) (tan)
/home/lena/local_libs/bin/../lib/gcc/arm-none-eabi/9.3.1/../../../../arm-none-eabi/lib/thumb/v7e-m/nofp/libm.a(lib_a-e_rem_pio2.o)
                              /home/lena/local_libs/bin/../lib/gcc/arm-none-eabi/9.3.1/../../../../arm-none-eabi/lib/thumb/v7e-m/nofp/libm.a(lib_a-s_cos.o) (__ieee754_rem_pio2)
/home/lena/local_libs/bin/../lib/gcc/arm-none-eabi/9.3.1/../../../../arm-none-eabi/lib/thumb/v7e-m/nofp/libm.a(lib_a-k_cos.o)
                              /home/lena/local_libs/bin/../lib/gcc/arm-none-eabi/9.3.1/../../../../arm-none-eabi/lib/thumb/v7e-m/nofp/libm.a(lib_a-s_cos.o) (__kernel_cos)
/home/lena/local_libs/bin/../lib/gcc/arm-none-eabi/9.3.1/../../../../arm-none-eabi/lib/thumb/v7e-m/nofp/libm.a(lib_a-k_rem_pio2.o)
                              /home/lena/local_libs/bin/../lib/gcc/arm-none-eabi/9.3.1/../../../../arm-none-eabi/lib/thumb/v7e-m/nofp/libm.a(lib_a-e_rem_pio2.o) (__kernel_rem_pio2)
/home/lena/local_libs/bin/../lib/gcc/arm-none-eabi/9.3.1/../../../../arm-none-eabi/lib/thumb/v7e-m/nofp/libm.a(lib_a-k_sin.o)
                              /home/lena/local_libs/bin/../lib/gcc/arm-none-eabi/9.3.1/../../../../arm-none-eabi/lib/thumb/v7e-m/nofp/libm.a(lib_a-s_cos.o) (__kernel_sin)
/home/lena/local_libs/bin/../lib/gcc/arm-none-eabi/9.3.1/../../../../arm-none-eabi/lib/thumb/v7e-m/nofp/libm.a(lib_a-k_tan.o)
                              /home/lena/local_libs/bin/../lib/gcc/arm-none-eabi/9.3.1/../../../../arm-none-eabi/lib/thumb/v7e-m/nofp/libm.a(lib_a-s_tan.o) (__kernel_tan)
/home/lena/local_libs/bin/../lib/gcc/arm-none-eabi/9.3.1/../../../../arm-none-eabi/lib/thumb/v7e-m/nofp/libm.a(lib_a-s_fabs.o)
                              /home/lena/local_libs/bin/../lib/gcc/arm-none-eabi/9.3.1/../../../../arm-none-eabi/lib/thumb/v7e-m/nofp/libm.a(lib_a-e_rem_pio2.o) (fabs)
/home/lena/local_libs/bin/../lib/gcc/arm-none-eabi/9.3.1/../../../../arm-none-eabi/lib/thumb/v7e-m/nofp/libm.a(lib_a-s_floor.o)
                              /home/lena/local_libs/bin/../lib/gcc/arm-none-eabi/9.3.1/../../../../arm-none-eabi/lib/thumb/v7e-m/nofp/libm.a(lib_a-k_rem_pio2.o) (floor)
/home/lena/local_libs/bin/../lib/gcc/arm-none-eabi/9.3.1/../../../../arm-none-eabi/lib/thumb/v7e-m/nofp/libm.a(lib_a-s_scalbn.o)
                              /home/lena/local_libs/bin/../lib/gcc/arm-none-eabi/9.3.1/../../../../arm-none-eabi/lib/thumb/v7e-m/nofp/libm.a(lib_a-k_rem_pio2.o) (scalbn)
/home/lena/local_libs/bin/../lib/gcc/arm-none-eabi/9.3.1/thumb/v7e-m/nofp/libgcc.a(_arm_muldf3.o)
                              /home/lena/local_libs/bin/../lib/gcc/arm-none-eabi/9.3.1/../../../../arm-none-eabi/lib/thumb/v7e-m/nofp/libm.a(lib_a-e_rem_pio2.o) (__aeabi_dmul)
/home/lena/local_libs/bin/../lib/gcc/arm-none-eabi/9.3.1/thumb/v7e-m/nofp/libgcc.a(_arm_addsubdf3.o)
                              /home/lena/local_libs/bin/../lib/gcc/arm-none-eabi/9.3.1/../../../../arm-none-eabi/lib/thumb/v7e-m/nofp/libm.a(lib_a-s_cos.o) (__aeabi_dsub)
/home/lena/local_libs/bin/../lib/gcc/arm-none-eabi/9.3.1/thumb/v7e-m/nofp/libgcc.a(_arm_muldivdf3.o)
                              /home/lena/local_libs/bin/../lib/gcc/arm-none-eabi/9.3.1/../../../../arm-none-eabi/lib/thumb/v7e-m/nofp/libm.a(lib_a-k_tan.o) (__aeabi_ddiv)
/home/lena/local_libs/bin/../lib/gcc/arm-none-eabi/9.3.1/thumb/v7e-m/nofp/libgcc.a(_arm_cmpdf2.o)
                              /home/lena/local_libs/bin/../lib/gcc/arm-none-eabi/9.3.1/../../../../arm-none-eabi/lib/thumb/v7e-m/nofp/libm.a(lib_a-e_rem_pio2.o) (__aeabi_dcmpeq)
/home/lena/local_libs/bin/../lib/gcc/arm-none-eabi/9.3.1/thumb/v7e-m/nofp/libgcc.a(_arm_fixdfsi.o)
                              /home/lena/local_libs/bin/../lib/gcc/arm-none-eabi/9.3.1/../../../../arm-none-eabi/lib/thumb/v7e-m/nofp/libm.a(lib_a-e_rem_pio2.o) (__aeabi_d2iz)

Discarded input sections

 .data          0x0000000000000000        0x0 build/obj/crt0_v7m.o
 .bss           0x0000000000000000        0x0 build/obj/crt0_v7m.o
 .data          0x0000000000000000        0x0 build/obj/chcoreasm_v7m.o
 .bss           0x0000000000000000        0x0 build/obj/chcoreasm_v7m.o
 .text          0x0000000000000000        0x0 /tmp/ch.elf.QneYkp.ltrans0.ltrans.o
 .data          0x0000000000000000        0x0 /tmp/ch.elf.QneYkp.ltrans0.ltrans.o
[...]
Memory Configuration

Name             Origin             Length             Attributes
flash0           0x0000000008000000 0x0000000000200000
flash1           0x0000000000200000 0x0000000000200000
flash2           0x0000000000000000 0x0000000000000000
flash3           0x0000000000000000 0x0000000000000000
flash4           0x0000000000000000 0x0000000000000000
flash5           0x0000000000000000 0x0000000000000000
flash6           0x0000000000000000 0x0000000000000000
flash7           0x0000000000000000 0x0000000000000000
ram0             0x0000000020020000 0x0000000000060000
ram1             0x0000000020020000 0x000000000005c000
ram2             0x000000002007c000 0x0000000000004000
ram3             0x0000000020000000 0x0000000000020000
ram4             0x0000000000000000 0x0000000000004000
ram5             0x0000000040024000 0x0000000000001000
ram6             0x0000000000000000 0x0000000000000000
ram7             0x0000000000000000 0x0000000000000000
*default*        0x0000000000000000 0xffffffffffffffff

Linker script and memory map

LOAD build/obj/crt0_v7m.o
LOAD build/obj/chcoreasm_v7m.o
LOAD build/obj/crt1.o
LOAD /tmp/ch.elf.QneYkp.ltrans0.ltrans.o
LOAD /tmp/ccFcYRap.debug.temp.o
LOAD /tmp/ccw2wIyp.debug.temp.o
LOAD /tmp/ccvPh18p.debug.temp.o
LOAD /tmp/cc4o1IPp.debug.temp.o
LOAD /tmp/ccYVNcmp.debug.temp.o
LOAD /tmp/ccXBfNnq.debug.temp.o
LOAD /tmp/ccpoB6Dr.debug.temp.o
LOAD /tmp/cctgiVKr.debug.temp.o
LOAD /tmp/ccBY7XWq.debug.temp.o
LOAD /tmp/cceNZGZr.debug.temp.o
LOAD /tmp/ccHh6lep.debug.temp.o
LOAD /tmp/cclaVBUn.debug.temp.o
LOAD /tmp/ccqBYFdq.debug.temp.o
LOAD /tmp/ccgv4iGo.debug.temp.o
LOAD /tmp/cca3LyDn.debug.temp.o
LOAD /tmp/ccfn1wSq.debug.temp.o
LOAD /tmp/ccbMbfup.debug.temp.o
LOAD /tmp/ccBawmFr.debug.temp.o
LOAD /tmp/ccWi7zAo.debug.temp.o
LOAD /tmp/ccQHE6Oq.debug.temp.o
LOAD /tmp/ccx1BLjr.debug.temp.o
LOAD /tmp/cclgCTEq.debug.temp.o
LOAD /tmp/ccYb8hjq.debug.temp.o
LOAD /tmp/ccuyveLp.debug.temp.o
LOAD /tmp/cc3m7fmp.debug.temp.o
LOAD /tmp/cckWseQq.debug.temp.o
LOAD /tmp/ccmrY37p.debug.temp.o
LOAD /tmp/cc7Y89qn.debug.temp.o
LOAD /tmp/ccCdlw8q.debug.temp.o
LOAD /tmp/ccYXqPVn.debug.temp.o
LOAD /tmp/cceJbXip.debug.temp.o
LOAD /tmp/ccaa6uCn.debug.temp.o
LOAD /tmp/ccrtDc4o.debug.temp.o
LOAD /tmp/ccHUW2tr.debug.temp.o
LOAD /tmp/ccAag5eo.debug.temp.o
LOAD /tmp/ccBO5iaq.debug.temp.o
LOAD /tmp/ccREqXYp.debug.temp.o
LOAD /tmp/ccfM3sOr.debug.temp.o
LOAD /tmp/ccsJsCZo.debug.temp.o
LOAD /tmp/ccXUtK5p.debug.temp.o
LOAD /tmp/ccUD1Egp.debug.temp.o
LOAD /tmp/ccTs6utn.debug.temp.o
LOAD /tmp/cc4AgsBn.debug.temp.o
LOAD /tmp/ccYDBoOo.debug.temp.o
LOAD /tmp/ccHjI94q.debug.temp.o
LOAD /tmp/ccTxvELn.debug.temp.o
LOAD /tmp/cceKLC0q.debug.temp.o
LOAD /tmp/ccNzBZRr.debug.temp.o
LOAD /tmp/ccjcEQVn.debug.temp.o
LOAD /tmp/cc6xn8oq.debug.temp.o
LOAD /tmp/ccODYb2r.debug.temp.o
LOAD /tmp/cc6TilYq.debug.temp.o
LOAD /tmp/ccpIgcyq.debug.temp.o
LOAD /tmp/ccrLppNr.debug.temp.o
LOAD /tmp/ccvFRAun.debug.temp.o
LOAD /tmp/ccijifkp.debug.temp.o
LOAD /tmp/ccBt8Bqo.debug.temp.o
LOAD /tmp/ccmjZ0Nn.debug.temp.o
LOAD /tmp/ccLIoFCn.debug.temp.o
LOAD /tmp/cceYtfGq.debug.temp.o
LOAD /tmp/ccX1pLtq.debug.temp.o
LOAD /tmp/cchVRJcq.debug.temp.o
LOAD /tmp/ccqG0WGp.debug.temp.o
LOAD /tmp/cch8m7fq.debug.temp.o
LOAD /tmp/cchAarJn.debug.temp.o
LOAD /tmp/ccGR4pTp.debug.temp.o
LOAD /tmp/ccuX7iZn.debug.temp.o
LOAD /tmp/ccJVKiPq.debug.temp.o
LOAD /tmp/ccyEgdfo.debug.temp.o
LOAD /tmp/cc6ZUZPp.debug.temp.o
LOAD /tmp/cc4Bo10o.debug.temp.o
LOAD /tmp/ccrZdTKq.debug.temp.o
LOAD /tmp/ccbBB9Rr.debug.temp.o
LOAD /tmp/ccZtiBor.debug.temp.o
LOAD /tmp/ccEMKooo.debug.temp.o
LOAD /tmp/ccamKayn.debug.temp.o
LOAD /tmp/ccaiYQ9q.debug.temp.o
LOAD /tmp/ccu4bQjo.debug.temp.o
LOAD /tmp/ccNJObPn.debug.temp.o
LOAD /tmp/ccp27NSq.debug.temp.o
LOAD /tmp/ccNGIk7n.debug.temp.o
LOAD build/obj/vectors.o
LOAD build/obj/chsys.o
LOAD build/obj/chdebug.o
LOAD build/obj/chtrace.o
LOAD build/obj/chvt.o
LOAD build/obj/chschd.o
LOAD build/obj/chthreads.o
LOAD build/obj/chtm.o
LOAD build/obj/chregistry.o
LOAD build/obj/chsem.o
LOAD build/obj/chmtx.o
LOAD build/obj/chcond.o
LOAD build/obj/chevents.o
LOAD build/obj/chmsg.o
LOAD build/obj/chdynamic.o
LOAD build/obj/chmboxes.o
LOAD build/obj/chmemcore.o
LOAD build/obj/chheap.o
LOAD build/obj/chmempools.o
LOAD build/obj/chcore.o
LOAD build/obj/chcore_v7m.o
LOAD build/obj/osal.o
LOAD build/obj/hal.o
LOAD build/obj/hal_st.o
LOAD build/obj/hal_buffers.o
LOAD build/obj/hal_queues.o
LOAD build/obj/hal_mmcsd.o
LOAD build/obj/hal_adc.o
LOAD build/obj/hal_dac.o
LOAD build/obj/hal_ext.o
LOAD build/obj/hal_gpt.o
LOAD build/obj/hal_icu.o
LOAD build/obj/hal_mmc_spi.o
LOAD build/obj/hal_pal.o
LOAD build/obj/hal_pwm.o
LOAD build/obj/hal_serial.o
LOAD build/obj/hal_serial_usb.o
LOAD build/obj/hal_spi.o
LOAD build/obj/hal_usb.o
LOAD build/obj/nvic.o
LOAD build/obj/hal_lld.o
LOAD build/obj/hal_ext_lld_isr.o
LOAD build/obj/hal_adc_lld.o
LOAD build/obj/hal_dac_lld.o
LOAD build/obj/stm32_dma.o
LOAD build/obj/hal_ext_lld.o
LOAD build/obj/hal_pal_lld.o
LOAD build/obj/hal_usb_lld.o
LOAD build/obj/hal_spi_lld.o
LOAD build/obj/hal_st_lld.o
LOAD build/obj/hal_gpt_lld.o
LOAD build/obj/hal_icu_lld.o
LOAD build/obj/hal_pwm_lld.o
LOAD build/obj/hal_serial_lld.o
LOAD build/obj/board.o
LOAD build/obj/chprintf.o
LOAD build/obj/memstreams.o
LOAD build/obj/nullstreams.o
LOAD build/obj/main.o
LOAD build/obj/common.o
LOAD build/obj/debug.o
LOAD build/obj/usbcfg.o
LOAD build/obj/lld_control.o
LOAD build/obj/remote_control.o
LOAD build/obj/lld_encoder.o
LOAD build/obj/lld_odometry.o
LOAD build/obj/lld_steer_angle_fb.o
LOAD build/obj/drive_cs.o
LOAD build/obj/lld_start_button.o
LOAD build/obj/lld_light.o
LOAD build/obj/max7219.o
LOAD build/obj/test_lld_control.o
LOAD build/obj/test_remote_control.o
LOAD build/obj/test_drive_cs.o
LOAD build/obj/test_lld_encoder.o
LOAD build/obj/test_lld_odometry.o
LOAD build/obj/test_lld_steer_angle_fb.o
LOAD build/obj/test_lld_start_button.o
LOAD build/obj/test_lld_light.o
LOAD build/obj/test_friction.o

.mstack         0x0000000020000000      0x400
                0x0000000020000000                . = ALIGN (0x8)
                0x0000000020000000                __main_stack_base__ = .
                0x0000000020000400                . = (. + __main_stack_size__)
 *fill*         0x0000000020000000      0x400 
                0x0000000020000400                . = ALIGN (0x8)
                0x0000000020000400                __main_stack_end__ = .

.pstack         0x0000000020000400      0x400
                0x0000000020000400                __process_stack_base__ = .
                0x0000000020000400                __main_thread_stack_base__ = .
                0x0000000020000800                . = (. + __process_stack_size__)
 *fill*         0x0000000020000400      0x400 
                0x0000000020000800                . = ALIGN (0x8)
                0x0000000020000800                __process_stack_end__ = .
                0x0000000020000800                __main_thread_stack_end__ = .

.nocache        0x0000000020000800        0x0
                0x0000000020000800                __nocache_base__ = .
 *(.nocache)
 *(.nocache.*)
 *(.bss.__nocache_*)
                0x0000000020000800                . = ALIGN (0x4)
                0x0000000020000800                __nocache_end__ = .

.eth            0x0000000020000800        0x0
                0x0000000020000800                __eth_base__ = .
 *(.eth)
 *(.eth.*)
 *(.bss.__eth_*)
                0x0000000020000800                . = ALIGN (0x4)
                0x0000000020000800                __eth_end__ = .

.vectors        0x0000000000200000      0x200 load address 0x0000000008000000
 *(.vectors)
 .vectors       0x0000000000200000      0x200 /tmp/ch.elf.QneYkp.ltrans0.ltrans.o
                0x0000000000200000                _vectors

.xtors          0x0000000000200200        0x0 load address 0x0000000008000200
                0x0000000000200200                __init_array_start = .
 *(SORT_BY_NAME(.init_array.*))
 *(.init_array)
                0x0000000000200200                __init_array_end = .
                0x0000000000200200                __fini_array_start = .
 *(.fini_array)
 *(SORT_BY_NAME(.fini_array.*))
                0x0000000000200200                __fini_array_end = .

.text           0x0000000000200200     0x2f14 load address 0x0000000008000200
 *(.text)
 .text          0x0000000000200200       0xd8 build/obj/crt0_v7m.o
                0x0000000000200200                Reset_Handler
 .text          0x00000000002002d8       0x28 build/obj/chcoreasm_v7m.o
                0x00000000002002d8                _port_switch
                0x00000000002002e8                _port_thread_start
                0x00000000002002f8                _port_switch_from_isr
                0x00000000002002fc                _port_exit_from_isr
 *(.text.*)
 .text.chTMStartMeasurementX.constprop.0
                0x0000000000200300        0xc /tmp/ch.elf.QneYkp.ltrans0.ltrans.o
 *fill*         0x000000000020030c        0x4 
 .text.chSysPolledDelayX.constprop.0
                0x0000000000200310       0x14 /tmp/ch.elf.QneYkp.ltrans0.ltrans.o
 *fill*         0x0000000000200324        0xc 
 .text.usb_lld_start_out.constprop.0
                0x0000000000200330       0x6c /tmp/ch.elf.QneYkp.ltrans0.ltrans.o
 *fill*         0x000000000020039c        0x4 
 .text.otg_epout_handler.constprop.0
                0x00000000002003a0       0x98 /tmp/ch.elf.QneYkp.ltrans0.ltrans.o
 *fill*         0x0000000000200438        0x8 
 .text.icuWidthcb_speed
                0x0000000000200440        0x8 /tmp/ch.elf.QneYkp.ltrans0.ltrans.o
 *fill*         0x0000000000200448        0x8 
 .text.notify3  0x0000000000200450       0x10 /tmp/ch.elf.QneYkp.ltrans0.ltrans.o
 .text.notify7  0x0000000000200460       0x10 /tmp/ch.elf.QneYkp.ltrans0.ltrans.o
 .text.chCoreAllocAlignedWithOffset
                0x0000000000200470       0x44 /tmp/ch.elf.QneYkp.ltrans0.ltrans.o
 *fill*         0x00000000002004b4        0xc 
 .text.icu_lld_serve_interrupt
                0x00000000002004c0       0x8c /tmp/ch.elf.QneYkp.ltrans0.ltrans.o
 *fill*         0x000000000020054c        0x4 
 .text.icu_lld_enable_notifications
                0x0000000000200550       0x3c /tmp/ch.elf.QneYkp.ltrans0.ltrans.o
 *fill*         0x000000000020058c        0x4 
 .text.icu_lld_start
                0x0000000000200590      0x118 /tmp/ch.elf.QneYkp.ltrans0.ltrans.o
 *fill*         0x00000000002006a8        0x8 
 .text.usb_lld_start_in
                0x00000000002006b0       0xa4 /tmp/ch.elf.QneYkp.ltrans0.ltrans.o
 *fill*         0x0000000000200754        0xc 
 .text._pal_lld_setgroupmode
                0x0000000000200760       0xc4 /tmp/ch.elf.QneYkp.ltrans0.ltrans.o
 *fill*         0x0000000000200824        0xc 
 .text._usb_ep0out
                0x0000000000200830       0x94 /tmp/ch.elf.QneYkp.ltrans0.ltrans.o
 *fill*         0x00000000002008c4        0xc 
 .text._usb_ep0in
                0x00000000002008d0       0xd8 /tmp/ch.elf.QneYkp.ltrans0.ltrans.o
 *fill*         0x00000000002009a8        0x8 
 .text._port_irq_epilogue
                0x00000000002009b0       0x5c /tmp/ch.elf.QneYkp.ltrans0.ltrans.o
 *fill*         0x0000000000200a0c        0x4 
 .text.VectorA4
                0x0000000000200a10       0x64 /tmp/ch.elf.QneYkp.ltrans0.ltrans.o
 *fill*         0x0000000000200a74        0xc 
 .text.VectorAC
                0x0000000000200a80        0x4 /tmp/ch.elf.QneYkp.ltrans0.ltrans.o
 *fill*         0x0000000000200a84        0xc 
 .text.VectorA0
                0x0000000000200a90       0x14 /tmp/ch.elf.QneYkp.ltrans0.ltrans.o
 *fill*         0x0000000000200aa4        0xc 
 .text.VectorF0
                0x0000000000200ab0       0x14 /tmp/ch.elf.QneYkp.ltrans0.ltrans.o
 *fill*         0x0000000000200ac4        0xc 
 .text.VectorF8
                0x0000000000200ad0        0x4 /tmp/ch.elf.QneYkp.ltrans0.ltrans.o
 *fill*         0x0000000000200ad4        0xc 
 .text.VectorB8
                0x0000000000200ae0       0x34 /tmp/ch.elf.QneYkp.ltrans0.ltrans.o
 *fill*         0x0000000000200b14        0xc 
 .text.Vector108
                0x0000000000200b20       0x98 /tmp/ch.elf.QneYkp.ltrans0.ltrans.o
 *fill*         0x0000000000200bb8        0x8 
 .text.Vector158
                0x0000000000200bc0       0x2c /tmp/ch.elf.QneYkp.ltrans0.ltrans.o
 *fill*         0x0000000000200bec        0x4 
 .text.Vector154
                0x0000000000200bf0       0x2c /tmp/ch.elf.QneYkp.ltrans0.ltrans.o
 *fill*         0x0000000000200c1c        0x4 
 .text.Vector150
                0x0000000000200c20       0x2c /tmp/ch.elf.QneYkp.ltrans0.ltrans.o
 *fill*         0x0000000000200c4c        0x4 
 .text.Vector130
                0x0000000000200c50       0x28 /tmp/ch.elf.QneYkp.ltrans0.ltrans.o
 *fill*         0x0000000000200c78        0x8 
 .text.Vector12C
                0x0000000000200c80       0x2c /tmp/ch.elf.QneYkp.ltrans0.ltrans.o
 *fill*         0x0000000000200cac        0x4 
 .text.Vector128
                0x0000000000200cb0       0x2c /tmp/ch.elf.QneYkp.ltrans0.ltrans.o
 *fill*         0x0000000000200cdc        0x4 
 .text.Vector124
                0x0000000000200ce0       0x2c /tmp/ch.elf.QneYkp.ltrans0.ltrans.o
 *fill*         0x0000000000200d0c        0x4 
 .text.Vector120
                0x0000000000200d10       0x28 /tmp/ch.elf.QneYkp.ltrans0.ltrans.o
 *fill*         0x0000000000200d38        0x8 
 .text.VectorFC
                0x0000000000200d40       0x2c /tmp/ch.elf.QneYkp.ltrans0.ltrans.o
 *fill*         0x0000000000200d6c        0x4 
 .text.Vector84
                0x0000000000200d70       0x2c /tmp/ch.elf.QneYkp.ltrans0.ltrans.o
 *fill*         0x0000000000200d9c        0x4 
 .text.Vector80
                0x0000000000200da0       0x2c /tmp/ch.elf.QneYkp.ltrans0.ltrans.o
 *fill*         0x0000000000200dcc        0x4 
 .text.Vector7C
                0x0000000000200dd0       0x28 /tmp/ch.elf.QneYkp.ltrans0.ltrans.o
 *fill*         0x0000000000200df8        0x8 
 .text.Vector78
                0x0000000000200e00       0x2c /tmp/ch.elf.QneYkp.ltrans0.ltrans.o
 *fill*         0x0000000000200e2c        0x4 
 .text.Vector74
                0x0000000000200e30       0x2c /tmp/ch.elf.QneYkp.ltrans0.ltrans.o
 *fill*         0x0000000000200e5c        0x4 
 .text.Vector70
                0x0000000000200e60       0x2c /tmp/ch.elf.QneYkp.ltrans0.ltrans.o
 *fill*         0x0000000000200e8c        0x4 
 .text.Vector6C
                0x0000000000200e90       0x28 /tmp/ch.elf.QneYkp.ltrans0.ltrans.o
 *fill*         0x0000000000200eb8        0x8 
 .text.Vector4C
                0x0000000000200ec0       0x30 /tmp/ch.elf.QneYkp.ltrans0.ltrans.o
 .text.Vector48
                0x0000000000200ef0       0x30 /tmp/ch.elf.QneYkp.ltrans0.ltrans.o
 .text.Vector170
                0x0000000000200f20       0x30 /tmp/ch.elf.QneYkp.ltrans0.ltrans.o
 .text.Vector138
                0x0000000000200f50       0x30 /tmp/ch.elf.QneYkp.ltrans0.ltrans.o
 .text.VectorE8
                0x0000000000200f80       0x30 /tmp/ch.elf.QneYkp.ltrans0.ltrans.o
 .text.VectorE4
                0x0000000000200fb0       0x30 /tmp/ch.elf.QneYkp.ltrans0.ltrans.o
 .text.Vector44
                0x0000000000200fe0       0x30 /tmp/ch.elf.QneYkp.ltrans0.ltrans.o
 .text.VectorE0
                0x0000000000201010       0x74 /tmp/ch.elf.QneYkp.ltrans0.ltrans.o
 *fill*         0x0000000000201084        0xc 
 .text.Vector9C
                0x0000000000201090       0x68 /tmp/ch.elf.QneYkp.ltrans0.ltrans.o
 *fill*         0x00000000002010f8        0x8 
 .text.Vector68
                0x0000000000201100       0x2c /tmp/ch.elf.QneYkp.ltrans0.ltrans.o
 *fill*         0x000000000020112c        0x4 
 .text.Vector64
                0x0000000000201130       0x2c /tmp/ch.elf.QneYkp.ltrans0.ltrans.o
 *fill*         0x000000000020115c        0x4 
 .text.Vector60
                0x0000000000201160       0x2c /tmp/ch.elf.QneYkp.ltrans0.ltrans.o
 *fill*         0x000000000020118c        0x4 
 .text.Vector5C
                0x0000000000201190       0x2c /tmp/ch.elf.QneYkp.ltrans0.ltrans.o
 *fill*         0x00000000002011bc        0x4 
 .text.Vector58
                0x00000000002011c0       0x2c /tmp/ch.elf.QneYkp.ltrans0.ltrans.o
 *fill*         0x00000000002011ec        0x4 
 .text.SVC_Handler
                0x00000000002011f0       0x1c /tmp/ch.elf.QneYkp.ltrans0.ltrans.o
 *fill*         0x000000000020120c        0x4 
 .text.chTMStopMeasurementX
                0x0000000000201210       0x44 /tmp/ch.elf.QneYkp.ltrans0.ltrans.o
 *fill*         0x0000000000201254        0xc 
 .text.wakeup   0x0000000000201260       0x6c /tmp/ch.elf.QneYkp.ltrans0.ltrans.o
 *fill*         0x00000000002012cc        0x4 
 .text.chSchReadyI
                0x00000000002012d0       0x24 /tmp/ch.elf.QneYkp.ltrans0.ltrans.o
 *fill*         0x00000000002012f4        0xc 
 .text.chEvtBroadcastFlagsI
                0x0000000000201300       0x58 /tmp/ch.elf.QneYkp.ltrans0.ltrans.o
 *fill*         0x0000000000201358        0x8 
 .text.serve_interrupt
                0x0000000000201360      0x17c /tmp/ch.elf.QneYkp.ltrans0.ltrans.o
 *fill*         0x00000000002014dc        0x4 
 .text.Vector188
                0x00000000002014e0       0x14 /tmp/ch.elf.QneYkp.ltrans0.ltrans.o
 *fill*         0x00000000002014f4        0xc 
 .text.VectorDC
                0x0000000000201500       0x14 /tmp/ch.elf.QneYkp.ltrans0.ltrans.o
 *fill*         0x0000000000201514        0xc 
 .text.chThdResumeI
                0x0000000000201520       0x14 /tmp/ch.elf.QneYkp.ltrans0.ltrans.o
 *fill*         0x0000000000201534        0xc 
 .text.otg_epin_handler.constprop.0
                0x0000000000201540       0xb8 /tmp/ch.elf.QneYkp.ltrans0.ltrans.o
 *fill*         0x00000000002015f8        0x8 
 .text.icuWidthcb_steer
                0x0000000000201600       0x20 /tmp/ch.elf.QneYkp.ltrans0.ltrans.o
 .text.Vector14C
                0x0000000000201620      0x3d0 /tmp/ch.elf.QneYkp.ltrans0.ltrans.o
 .text.Vector88
                0x00000000002019f0       0x90 /tmp/ch.elf.QneYkp.ltrans0.ltrans.o
 .text._idle_thread
                0x0000000000201a80        0x4 /tmp/ch.elf.QneYkp.ltrans0.ltrans.o
 *fill*         0x0000000000201a84        0xc 
 .text._unhandled_exception
                0x0000000000201a90        0x4 /tmp/ch.elf.QneYkp.ltrans0.ltrans.o
 *fill*         0x0000000000201a94        0xc 
 .text.chSchWakeupS.constprop.0
                0x0000000000201aa0       0x58 /tmp/ch.elf.QneYkp.ltrans0.ltrans.o
 *fill*         0x0000000000201af8        0x8 
 .text.chSchGoSleepS
                0x0000000000201b00       0x28 /tmp/ch.elf.QneYkp.ltrans0.ltrans.o
 *fill*         0x0000000000201b28        0x8 
 .text.chSchGoSleepTimeoutS
                0x0000000000201b30      0x10c /tmp/ch.elf.QneYkp.ltrans0.ltrans.o
 *fill*         0x0000000000201c3c        0x4 
 .text.RCModeDetect
                0x0000000000201c40       0x48 /tmp/ch.elf.QneYkp.ltrans0.ltrans.o
 *fill*         0x0000000000201c88        0x8 
 .text.chThdEnqueueTimeoutS
                0x0000000000201c90       0x28 /tmp/ch.elf.QneYkp.ltrans0.ltrans.o
 *fill*         0x0000000000201cb8        0x8 
 .text.oqWriteTimeout
                0x0000000000201cc0       0xbc /tmp/ch.elf.QneYkp.ltrans0.ltrans.o
 *fill*         0x0000000000201d7c        0x4 
 .text._writet  0x0000000000201d80        0x8 /tmp/ch.elf.QneYkp.ltrans0.ltrans.o
 *fill*         0x0000000000201d88        0x8 
 .text._write   0x0000000000201d90        0xc /tmp/ch.elf.QneYkp.ltrans0.ltrans.o
 *fill*         0x0000000000201d9c        0x4 
 .text.oqPutTimeout
                0x0000000000201da0       0x54 /tmp/ch.elf.QneYkp.ltrans0.ltrans.o
 *fill*         0x0000000000201df4        0xc 
 .text._putt    0x0000000000201e00        0x8 /tmp/ch.elf.QneYkp.ltrans0.ltrans.o
 *fill*         0x0000000000201e08        0x8 
 .text._put     0x0000000000201e10        0xc /tmp/ch.elf.QneYkp.ltrans0.ltrans.o
 *fill*         0x0000000000201e1c        0x4 
 .text.iqReadTimeout
                0x0000000000201e20       0xc0 /tmp/ch.elf.QneYkp.ltrans0.ltrans.o
 .text._readt   0x0000000000201ee0        0x8 /tmp/ch.elf.QneYkp.ltrans0.ltrans.o
 *fill*         0x0000000000201ee8        0x8 
 .text._read    0x0000000000201ef0        0xc /tmp/ch.elf.QneYkp.ltrans0.ltrans.o
 *fill*         0x0000000000201efc        0x4 
 .text.iqGetTimeout
                0x0000000000201f00       0x50 /tmp/ch.elf.QneYkp.ltrans0.ltrans.o
 .text._gett    0x0000000000201f50        0x8 /tmp/ch.elf.QneYkp.ltrans0.ltrans.o
 *fill*         0x0000000000201f58        0x8 
 .text._get     0x0000000000201f60        0xc /tmp/ch.elf.QneYkp.ltrans0.ltrans.o
 *fill*         0x0000000000201f6c        0x4 
 .text._usb_ep0setup
                0x0000000000201f70      0x3f8 /tmp/ch.elf.QneYkp.ltrans0.ltrans.o
 *fill*         0x0000000000202368        0x8 
 .text.startup.main
                0x0000000000202370      0xb1c /tmp/ch.elf.QneYkp.ltrans0.ltrans.o
                0x0000000000202370                main
 *fill*         0x0000000000202e8c        0x4 
 .text.__early_init
                0x0000000000202e90       0xe8 /tmp/ch.elf.QneYkp.ltrans0.ltrans.o
                0x0000000000202e90                __early_init
 *fill*         0x0000000000202f78        0x8 
 .text.chThdExit
                0x0000000000202f80       0x4c /tmp/ch.elf.QneYkp.ltrans0.ltrans.o
                0x0000000000202f80                chThdExit
 *fill*         0x0000000000202fcc        0x4 
 .text.chSchDoReschedule
                0x0000000000202fd0       0x3c /tmp/ch.elf.QneYkp.ltrans0.ltrans.o
                0x0000000000202fd0                chSchDoReschedule
 *fill*         0x000000000020300c        0x4 
 .text.__init_ram_areas
                0x0000000000203010       0x68 /tmp/ch.elf.QneYkp.ltrans0.ltrans.o
                0x0000000000203010                __init_ram_areas
 *fill*         0x0000000000203078        0x8 
 .text.__default_exit
                0x0000000000203080        0x4 /tmp/ch.elf.QneYkp.ltrans0.ltrans.o
                0x0000000000203080                __default_exit
 *fill*         0x0000000000203084        0xc 
 .text.__late_init
                0x0000000000203090        0x4 /tmp/ch.elf.QneYkp.ltrans0.ltrans.o
                0x0000000000203090                __late_init
 *fill*         0x0000000000203094        0xc 
 .text.__core_init
                0x00000000002030a0       0x74 /tmp/ch.elf.QneYkp.ltrans0.ltrans.o
                0x00000000002030a0                __core_init
 *(.glue_7t)
 .glue_7t       0x0000000000203114        0x0 linker stubs
 *(.glue_7)
 .glue_7        0x0000000000203114        0x0 linker stubs
 *(.gcc*)

.vfp11_veneer   0x0000000000203114        0x0 load address 0x0000000008003114
 .vfp11_veneer  0x0000000000203114        0x0 linker stubs

.v4_bx          0x0000000000203114        0x0 load address 0x0000000008003114
 .v4_bx         0x0000000000203114        0x0 linker stubs

.iplt           0x0000000000203114        0x0 load address 0x0000000008003114
 .iplt          0x0000000000203114        0x0 build/obj/crt0_v7m.o

.rodata         0x0000000008003114      0x218
                0x0000000008003114                . = ALIGN (0x4)
                0x0000000008003114                __rodata_base__ = .
 *(.rodata)
 *(.rodata.*)
 .rodata.main.str1.4
                0x0000000008003114        0xf /tmp/ch.elf.QneYkp.ltrans0.ltrans.o
 *fill*         0x0000000008003123        0x1 
 .rodata._stm32_dma_streams
                0x0000000008003124       0xc0 /tmp/ch.elf.QneYkp.ltrans0.ltrans.o
 .rodata.active_status
                0x00000000080031e4        0x2 /tmp/ch.elf.QneYkp.ltrans0.ltrans.o
 *fill*         0x00000000080031e6        0x2 
 .rodata.ch_debug
                0x00000000080031e8       0x16 /tmp/ch.elf.QneYkp.ltrans0.ltrans.o
 *fill*         0x00000000080031fe        0x2 
 .rodata.dma1_ch1_params
                0x0000000008003200       0x1c /tmp/ch.elf.QneYkp.ltrans0.ltrans.o
 .rodata.ep0config
                0x000000000800321c       0x24 /tmp/ch.elf.QneYkp.ltrans0.ltrans.o
 .rodata.fsparams
                0x0000000008003240        0xc /tmp/ch.elf.QneYkp.ltrans0.ltrans.o
 .rodata.halted_status
                0x000000000800324c        0x2 /tmp/ch.elf.QneYkp.ltrans0.ltrans.o
 *fill*         0x000000000800324e        0x2 
 .rodata.icucfg_speed
                0x0000000008003250       0x1c /tmp/ch.elf.QneYkp.ltrans0.ltrans.o
 .rodata.icucfg_steer
                0x000000000800326c       0x1c /tmp/ch.elf.QneYkp.ltrans0.ltrans.o
 .rodata.ram_areas
                0x0000000008003288       0x80 /tmp/ch.elf.QneYkp.ltrans0.ltrans.o
 .rodata.vmt    0x0000000008003308       0x20 /tmp/ch.elf.QneYkp.ltrans0.ltrans.o
 .rodata.zero_status
                0x0000000008003328        0x2 /tmp/ch.elf.QneYkp.ltrans0.ltrans.o
                0x000000000800332c                . = ALIGN (0x4)
 *fill*         0x000000000800332a        0x2 
                0x000000000800332c                __rodata_end__ = .

.rel.dyn        0x000000000800332c        0x0
 .rel.iplt      0x000000000800332c        0x0 build/obj/crt0_v7m.o

.ARM.extab
 *(.ARM.extab* .gnu.linkonce.armextab.*)

.ARM.exidx      0x0000000000203114        0x0 load address 0x000000000800332c
                0x0000000000203114                __exidx_start = .
 *(.ARM.exidx* .gnu.linkonce.armexidx.*)
                0x0000000000203114                __exidx_end = .

.eh_frame_hdr
 *(.eh_frame_hdr)

.eh_frame
 *(.eh_frame)
                0x0000000020020000                __ram0_start__ = ORIGIN (ram0)
                0x0000000000060000                __ram0_size__ = LENGTH (ram0)
                0x0000000020080000                __ram0_end__ = (__ram0_start__ + __ram0_size__)
                0x0000000020020000                __ram1_start__ = ORIGIN (ram1)
                0x000000000005c000                __ram1_size__ = LENGTH (ram1)
                0x000000002007c000                __ram1_end__ = (__ram1_start__ + __ram1_size__)
                0x000000002007c000                __ram2_start__ = ORIGIN (ram2)
                0x0000000000004000                __ram2_size__ = LENGTH (ram2)
                0x0000000020080000                __ram2_end__ = (__ram2_start__ + __ram2_size__)
                0x0000000020000000                __ram3_start__ = ORIGIN (ram3)
                0x0000000000020000                __ram3_size__ = LENGTH (ram3)
                0x0000000020020000                __ram3_end__ = (__ram3_start__ + __ram3_size__)
                0x0000000000000000                __ram4_start__ = ORIGIN (ram4)
                0x0000000000004000                __ram4_size__ = LENGTH (ram4)
                0x0000000000004000                __ram4_end__ = (__ram4_start__ + __ram4_size__)
                0x0000000040024000                __ram5_start__ = ORIGIN (ram5)
                0x0000000000001000                __ram5_size__ = LENGTH (ram5)
                0x0000000040025000                __ram5_end__ = (__ram5_start__ + __ram5_size__)
                0x0000000000000000                __ram6_start__ = ORIGIN (ram6)
                0x0000000000000000                __ram6_size__ = LENGTH (ram6)
                0x0000000000000000                __ram6_end__ = (__ram6_start__ + __ram6_size__)
                0x0000000000000000                __ram7_start__ = ORIGIN (ram7)
                0x0000000000000000                __ram7_size__ = LENGTH (ram7)
                0x0000000000000000                __ram7_end__ = (__ram7_start__ + __ram7_size__)

.data           0x0000000020020000       0x44 load address 0x000000000800332c
                0x0000000020020000                . = ALIGN (0x4)
                [!provide]                        PROVIDE (_textdata = LOADADDR (.data))
                [!provide]                        PROVIDE (_data = .)
                0x000000000800332c                _textdata_start = LOADADDR (.data)
                0x0000000020020000                _data_start = .
 *(.data)
 *(.data.*)
 .data.pwm1conf
                0x0000000020020000       0x44 /tmp/ch.elf.QneYkp.ltrans0.ltrans.o
 *(.ramtext)
                0x0000000020020044                . = ALIGN (0x4)
                [!provide]                        PROVIDE (_edata = .)
                0x0000000020020044                _data_end = .

.igot.plt       0x0000000020020044        0x0 load address 0x0000000008003370
 .igot.plt      0x0000000020020044        0x0 build/obj/crt0_v7m.o

.bss            0x0000000020000800      0x808
                0x0000000020000800                . = ALIGN (0x4)
                0x0000000020000800                _bss_start = .
 *(.bss)
 *(.bss.*)
 .bss.ADCD1     0x0000000020000800       0x34 /tmp/ch.elf.QneYkp.ltrans0.ltrans.o
 .bss.DACD1     0x0000000020000834       0x2c /tmp/ch.elf.QneYkp.ltrans0.ltrans.o
 .bss.EXTD1     0x0000000020000860        0x8 /tmp/ch.elf.QneYkp.ltrans0.ltrans.o
 .bss.GPTD4     0x0000000020000868       0x10 /tmp/ch.elf.QneYkp.ltrans0.ltrans.o
 .bss.ICUD8     0x0000000020000878       0x18 /tmp/ch.elf.QneYkp.ltrans0.ltrans.o
 .bss.ICUD9     0x0000000020000890       0x18 /tmp/ch.elf.QneYkp.ltrans0.ltrans.o
 .bss.PWMD1     0x00000000200008a8       0x1c /tmp/ch.elf.QneYkp.ltrans0.ltrans.o
 .bss.SD3       0x00000000200008c4       0x60 /tmp/ch.elf.QneYkp.ltrans0.ltrans.o
 .bss.SD7       0x0000000020000924       0x60 /tmp/ch.elf.QneYkp.ltrans0.ltrans.o
 .bss.SPID2     0x0000000020000984       0x30 /tmp/ch.elf.QneYkp.ltrans0.ltrans.o
 .bss.SPID3     0x00000000200009b4       0x30 /tmp/ch.elf.QneYkp.ltrans0.ltrans.o
 *fill*         0x00000000200009e4        0x4 
 .bss.USBD1     0x00000000200009e8      0x1d0 /tmp/ch.elf.QneYkp.ltrans0.ltrans.o
 .bss.ch        0x0000000020000bb8       0x78 /tmp/ch.elf.QneYkp.ltrans0.ltrans.o
 .bss.ch_idle_thread_wa
                0x0000000020000c30       0xd8 /tmp/ch.elf.QneYkp.ltrans0.ltrans.o
 .bss.ch_memcore
                0x0000000020000d08        0x8 /tmp/ch.elf.QneYkp.ltrans0.ltrans.o
 .bss.default_heap
                0x0000000020000d10       0x1c /tmp/ch.elf.QneYkp.ltrans0.ltrans.o
 .bss.dma_isr_redir
                0x0000000020000d2c       0x80 /tmp/ch.elf.QneYkp.ltrans0.ltrans.o
 .bss.ep0_state
                0x0000000020000dac       0x10 /tmp/ch.elf.QneYkp.ltrans0.ltrans.o
 .bss.ep0setup_buffer
                0x0000000020000dbc        0x8 /tmp/ch.elf.QneYkp.ltrans0.ltrans.o
 .bss.isInitialized.lto_priv.0
                0x0000000020000dc4        0x1 /tmp/ch.elf.QneYkp.ltrans0.ltrans.o
 .bss.isInitialized.lto_priv.1
                0x0000000020000dc5        0x1 /tmp/ch.elf.QneYkp.ltrans0.ltrans.o
 *fill*         0x0000000020000dc6        0x2 
 .bss.sd_in_buf3
                0x0000000020000dc8       0x10 /tmp/ch.elf.QneYkp.ltrans0.ltrans.o
 .bss.sd_in_buf7
                0x0000000020000dd8       0x10 /tmp/ch.elf.QneYkp.ltrans0.ltrans.o
 .bss.sd_out_buf3
                0x0000000020000de8       0x10 /tmp/ch.elf.QneYkp.ltrans0.ltrans.o
 .bss.sd_out_buf7
                0x0000000020000df8       0x10 /tmp/ch.elf.QneYkp.ltrans0.ltrans.o
 .bss.speed_backward_map
                0x0000000020000e08        0x8 /tmp/ch.elf.QneYkp.ltrans0.ltrans.o
 .bss.speed_forward_map
                0x0000000020000e10        0x8 /tmp/ch.elf.QneYkp.ltrans0.ltrans.o
 .bss.speed_map
                0x0000000020000e18        0x8 /tmp/ch.elf.QneYkp.ltrans0.ltrans.o
 .bss.steer_left_map
                0x0000000020000e20        0x8 /tmp/ch.elf.QneYkp.ltrans0.ltrans.o
 .bss.steer_map
                0x0000000020000e28        0x8 /tmp/ch.elf.QneYkp.ltrans0.ltrans.o
 .bss.steer_right_map
                0x0000000020000e30        0x8 /tmp/ch.elf.QneYkp.ltrans0.ltrans.o
 .bss.trp_rcmode
                0x0000000020000e38        0x4 /tmp/ch.elf.QneYkp.ltrans0.ltrans.o
 *fill*         0x0000000020000e3c        0x4 
 .bss.waRCModeDetect
                0x0000000020000e40      0x1c8 /tmp/ch.elf.QneYkp.ltrans0.ltrans.o
 *(COMMON)
                0x0000000020001008                . = ALIGN (0x4)
                0x0000000020001008                _bss_end = .
                [!provide]                        PROVIDE (end = .)

.ram0_init      0x0000000020020044        0x0 load address 0x0000000008003370
                0x0000000020020044                . = ALIGN (0x4)
                0x0000000008003370                __ram0_init_text__ = LOADADDR (.ram0_init)
                0x0000000020020044                __ram0_init__ = .
 *(.ram0_init)
 *(.ram0_init.*)
                0x0000000020020044                . = ALIGN (0x4)

.ram0           0x0000000020020044        0x0 load address 0x0000000008003370
                0x0000000020020044                . = ALIGN (0x4)
                0x0000000020020044                __ram0_clear__ = .
 *(.ram0_clear)
 *(.ram0_clear.*)
                0x0000000020020044                . = ALIGN (0x4)
                0x0000000020020044                __ram0_noinit__ = .
 *(.ram0)
 *(.ram0.*)
                0x0000000020020044                . = ALIGN (0x4)
                0x0000000020020044                __ram0_free__ = .

.ram1_init      0x0000000020020000        0x0 load address 0x0000000008003370
                0x0000000020020000                . = ALIGN (0x4)
                0x0000000008003370                __ram1_init_text__ = LOADADDR (.ram1_init)
                0x0000000020020000                __ram1_init__ = .
 *(.ram1_init)
 *(.ram1_init.*)
                0x0000000020020000                . = ALIGN (0x4)

.ram1           0x0000000020020000        0x0 load address 0x0000000008003370
                0x0000000020020000                . = ALIGN (0x4)
                0x0000000020020000                __ram1_clear__ = .
 *(.ram1_clear)
 *(.ram1_clear.*)
                0x0000000020020000                . = ALIGN (0x4)
                0x0000000020020000                __ram1_noinit__ = .
 *(.ram1)
 *(.ram1.*)
                0x0000000020020000                . = ALIGN (0x4)
                0x0000000020020000                __ram1_free__ = .

.ram2_init      0x000000002007c000        0x0 load address 0x0000000008003370
                0x000000002007c000                . = ALIGN (0x4)
                0x0000000008003370                __ram2_init_text__ = LOADADDR (.ram2_init)
                0x000000002007c000                __ram2_init__ = .
 *(.ram2_init)
 *(.ram2_init.*)
                0x000000002007c000                . = ALIGN (0x4)

.ram2           0x000000002007c000        0x0 load address 0x0000000008003370
                0x000000002007c000                . = ALIGN (0x4)
                0x000000002007c000                __ram2_clear__ = .
 *(.ram2_clear)
 *(.ram2_clear.*)
                0x000000002007c000                . = ALIGN (0x4)
                0x000000002007c000                __ram2_noinit__ = .
 *(.ram2)
 *(.ram2.*)
                0x000000002007c000                . = ALIGN (0x4)
                0x000000002007c000                __ram2_free__ = .

.ram3_init      0x0000000020001008        0x0 load address 0x0000000008003370
                0x0000000020001008                . = ALIGN (0x4)
                0x0000000008003370                __ram3_init_text__ = LOADADDR (.ram3_init)
                0x0000000020001008                __ram3_init__ = .
 *(.ram3_init)
 *(.ram3_init.*)
                0x0000000020001008                . = ALIGN (0x4)

.ram3           0x0000000020001008        0x0 load address 0x0000000008003370
                0x0000000020001008                . = ALIGN (0x4)
                0x0000000020001008                __ram3_clear__ = .
 *(.ram3_clear)
 *(.ram3_clear.*)
                0x0000000020001008                . = ALIGN (0x4)
                0x0000000020001008                __ram3_noinit__ = .
 *(.ram3)
 *(.ram3.*)
                0x0000000020001008                . = ALIGN (0x4)
                0x0000000020001008                __ram3_free__ = .

.ram4_init      0x0000000000000000        0x0 load address 0x0000000008003370
                0x0000000000000000                . = ALIGN (0x4)
                0x0000000008003370                __ram4_init_text__ = LOADADDR (.ram4_init)
                0x0000000000000000                __ram4_init__ = .
 *(.ram4_init)
 *(.ram4_init.*)
                0x0000000000000000                . = ALIGN (0x4)

.ram4           0x0000000000000000        0x0 load address 0x0000000008003370
                0x0000000000000000                . = ALIGN (0x4)
                0x0000000000000000                __ram4_clear__ = .
 *(.ram4_clear)
 *(.ram4_clear.*)
                0x0000000000000000                . = ALIGN (0x4)
                0x0000000000000000                __ram4_noinit__ = .
 *(.ram4)
 *(.ram4.*)
                0x0000000000000000                . = ALIGN (0x4)
                0x0000000000000000                __ram4_free__ = .

.ram5_init      0x0000000040024000        0x0 load address 0x0000000008003370
                0x0000000040024000                . = ALIGN (0x4)
                0x0000000008003370                __ram5_init_text__ = LOADADDR (.ram5_init)
                0x0000000040024000                __ram5_init__ = .
 *(.ram5_init)
 *(.ram5_init.*)
                0x0000000040024000                . = ALIGN (0x4)

.ram5           0x0000000040024000        0x0 load address 0x0000000008003370
                0x0000000040024000                . = ALIGN (0x4)
                0x0000000040024000                __ram5_clear__ = .
 *(.ram5_clear)
 *(.ram5_clear.*)
                0x0000000040024000                . = ALIGN (0x4)
                0x0000000040024000                __ram5_noinit__ = .
 *(.ram5)
 *(.ram5.*)
                0x0000000040024000                . = ALIGN (0x4)
                0x0000000040024000                __ram5_free__ = .

.ram6_init      0x0000000000000000        0x0 load address 0x0000000008003370
                0x0000000000000000                . = ALIGN (0x4)
                0x0000000008003370                __ram6_init_text__ = LOADADDR (.ram6_init)
                0x0000000000000000                __ram6_init__ = .
 *(.ram6_init)
 *(.ram6_init.*)
                0x0000000000000000                . = ALIGN (0x4)

.ram6           0x0000000000000000        0x0 load address 0x0000000008003370
                0x0000000000000000                . = ALIGN (0x4)
                0x0000000000000000                __ram6_clear__ = .
 *(.ram6_clear)
 *(.ram6_clear.*)
                0x0000000000000000                . = ALIGN (0x4)
                0x0000000000000000                __ram6_noinit__ = .
 *(.ram6)
 *(.ram6.*)
                0x0000000000000000                . = ALIGN (0x4)
                0x0000000000000000                __ram6_free__ = .

.ram7_init      0x0000000000000000        0x0 load address 0x0000000008003370
                0x0000000000000000                . = ALIGN (0x4)
                0x0000000008003370                __ram7_init_text__ = LOADADDR (.ram7_init)
                0x0000000000000000                __ram7_init__ = .
 *(.ram7_init)
 *(.ram7_init.*)
                0x0000000000000000                . = ALIGN (0x4)

.ram7           0x0000000000000000        0x0 load address 0x0000000008003370
                0x0000000000000000                . = ALIGN (0x4)
                0x0000000000000000                __ram7_clear__ = .
 *(.ram7_clear)
 *(.ram7_clear.*)
                0x0000000000000000                . = ALIGN (0x4)
                0x0000000000000000                __ram7_noinit__ = .
 *(.ram7)
 *(.ram7.*)
                0x0000000000000000                . = ALIGN (0x4)
                0x0000000000000000                __ram7_free__ = .

.heap           0x0000000020020044    0x5ffbc
                0x0000000020020048                . = ALIGN (0x8)
 *fill*         0x0000000020020044        0x4 
                0x0000000020020048                __heap_base__ = .
                0x0000000020080000                . = (ORIGIN (HEAP_RAM) + LENGTH (HEAP_RAM))
 *fill*         0x0000000020020048    0x5ffb8 
                0x0000000020080000                __heap_end__ = .
                0x0000000000000400                __process_stack_size__ = 0x400
                0x0000000000000400                __main_stack_size__ = 0x400
LOAD /home/lena/local_libs/bin/../lib/gcc/arm-none-eabi/9.3.1/../../../../arm-none-eabi/lib/thumb/v7e-m/nofp/libm.a
START GROUP
LOAD /home/lena/local_libs/bin/../lib/gcc/arm-none-eabi/9.3.1/thumb/v7e-m/nofp/libgcc.a
LOAD /home/lena/local_libs/bin/../lib/gcc/arm-none-eabi/9.3.1/../../../../arm-none-eabi/lib/thumb/v7e-m/nofp/libg.a
LOAD /home/lena/local_libs/bin/../lib/gcc/arm-none-eabi/9.3.1/../../../../arm-none-eabi/lib/thumb/v7e-m/nofp/libc.a
END GROUP
START GROUP
LOAD /home/lena/local_libs/bin/../lib/gcc/arm-none-eabi/9.3.1/thumb/v7e-m/nofp/libgcc.a
LOAD /home/lena/local_libs/bin/../lib/gcc/arm-none-eabi/9.3.1/../../../../arm-none-eabi/lib/thumb/v7e-m/nofp/libc.a
LOAD /home/lena/local_libs/bin/../lib/gcc/arm-none-eabi/9.3.1/../../../../arm-none-eabi/lib/thumb/v7e-m/nofp/libnosys.a
END GROUP
OUTPUT(build/ch.elf elf32-littlearm)
LOAD linker stubs

.ARM.attributes
                0x0000000000000000       0x2f
 .ARM.attributes
                0x0000000000000000       0x21 build/obj/crt0_v7m.o
 .ARM.attributes
                0x0000000000000021       0x21 build/obj/chcoreasm_v7m.o
 .ARM.attributes
                0x0000000000000042       0x2c /tmp/ch.elf.QneYkp.ltrans0.ltrans.o

.comment        0x0000000000000000       0x4c
 .comment       0x0000000000000000       0x4c /tmp/ch.elf.QneYkp.ltrans0.ltrans.o
                                         0x4d (size before relaxing)

.debug_line     0x0000000000000000    0x1a73b
 .debug_line    0x0000000000000000       0xd9 build/obj/crt0_v7m.o
 .debug_line    0x00000000000000d9       0x94 build/obj/chcoreasm_v7m.o
 .debug_line    0x000000000000016d     0x701a /tmp/ch.elf.QneYkp.ltrans0.ltrans.o
 .debug_line    0x0000000000007187      0x19b /tmp/ccFcYRap.debug.temp.o
 .debug_line    0x0000000000007322      0x19c /tmp/ccw2wIyp.debug.temp.o
 .debug_line    0x00000000000074be      0x3bf /tmp/ccvPh18p.debug.temp.o
 .debug_line    0x000000000000787d      0x349 /tmp/ccXBfNnq.debug.temp.o
 .debug_line    0x0000000000007bc6      0x2ef /tmp/ccpoB6Dr.debug.temp.o
 .debug_line    0x0000000000007eb5      0x3b2 /tmp/cctgiVKr.debug.temp.o
 .debug_line    0x0000000000008267      0x2d4 /tmp/ccBY7XWq.debug.temp.o
 .debug_line    0x000000000000853b      0x35f /tmp/cceNZGZr.debug.temp.o
 .debug_line    0x000000000000889a      0x2e4 /tmp/cclaVBUn.debug.temp.o
 .debug_line    0x0000000000008b7e      0x2f5 /tmp/ccgv4iGo.debug.temp.o
 .debug_line    0x0000000000008e73      0x359 /tmp/ccfn1wSq.debug.temp.o
 .debug_line    0x00000000000091cc      0x338 /tmp/ccBawmFr.debug.temp.o
 .debug_line    0x0000000000009504      0x332 /tmp/ccWi7zAo.debug.temp.o
 .debug_line    0x0000000000009836      0x2c2 /tmp/cclgCTEq.debug.temp.o
 .debug_line    0x0000000000009af8      0x70b /tmp/ccuyveLp.debug.temp.o
 .debug_line    0x000000000000a203      0x6e8 /tmp/cc3m7fmp.debug.temp.o
 .debug_line    0x000000000000a8eb      0x763 /tmp/cckWseQq.debug.temp.o
 .debug_line    0x000000000000b04e      0x75c /tmp/ccmrY37p.debug.temp.o
 .debug_line    0x000000000000b7aa      0x6fb /tmp/cc7Y89qn.debug.temp.o
 .debug_line    0x000000000000bea5      0x71e /tmp/ccCdlw8q.debug.temp.o
 .debug_line    0x000000000000c5c3      0x71e /tmp/ccYXqPVn.debug.temp.o
 .debug_line    0x000000000000cce1      0x71e /tmp/cceJbXip.debug.temp.o
 .debug_line    0x000000000000d3ff      0x71e /tmp/ccaa6uCn.debug.temp.o
 .debug_line    0x000000000000db1d      0x71e /tmp/ccrtDc4o.debug.temp.o
 .debug_line    0x000000000000e23b      0x765 /tmp/ccHUW2tr.debug.temp.o
 .debug_line    0x000000000000e9a0      0x71e /tmp/ccAag5eo.debug.temp.o
 .debug_line    0x000000000000f0be      0x71e /tmp/ccBO5iaq.debug.temp.o
 .debug_line    0x000000000000f7dc      0x721 /tmp/ccREqXYp.debug.temp.o
 .debug_line    0x000000000000fefd      0x75b /tmp/ccfM3sOr.debug.temp.o
 .debug_line    0x0000000000010658      0x71e /tmp/ccsJsCZo.debug.temp.o
 .debug_line    0x0000000000010d76      0x73f /tmp/ccXUtK5p.debug.temp.o
 .debug_line    0x00000000000114b5      0x6e6 /tmp/ccUD1Egp.debug.temp.o
 .debug_line    0x0000000000011b9b      0x6eb /tmp/ccTs6utn.debug.temp.o
 .debug_line    0x0000000000012286      0x6f3 /tmp/cc4AgsBn.debug.temp.o
 .debug_line    0x0000000000012979      0x6fa /tmp/ccYDBoOo.debug.temp.o
 .debug_line    0x0000000000013073      0x6fa /tmp/ccHjI94q.debug.temp.o
 .debug_line    0x000000000001376d      0x6b3 /tmp/ccTxvELn.debug.temp.o
 .debug_line    0x0000000000013e20      0x6b5 /tmp/cceKLC0q.debug.temp.o
 .debug_line    0x00000000000144d5      0x6b5 /tmp/ccNzBZRr.debug.temp.o
 .debug_line    0x0000000000014b8a      0x72a /tmp/ccjcEQVn.debug.temp.o
 .debug_line    0x00000000000152b4      0x6fa /tmp/cc6xn8oq.debug.temp.o
 .debug_line    0x00000000000159ae      0x6f9 /tmp/ccODYb2r.debug.temp.o
 .debug_line    0x00000000000160a7      0x6b5 /tmp/cc6TilYq.debug.temp.o
 .debug_line    0x000000000001675c      0x6fa /tmp/ccpIgcyq.debug.temp.o
 .debug_line    0x0000000000016e56      0x6b5 /tmp/ccrLppNr.debug.temp.o
 .debug_line    0x000000000001750b      0x6fd /tmp/ccvFRAun.debug.temp.o
 .debug_line    0x0000000000017c08      0x710 /tmp/ccijifkp.debug.temp.o
 .debug_line    0x0000000000018318      0x715 /tmp/cceYtfGq.debug.temp.o
 .debug_line    0x0000000000018a2d      0x72b /tmp/ccX1pLtq.debug.temp.o
 .debug_line    0x0000000000019158      0x741 /tmp/cch8m7fq.debug.temp.o
 .debug_line    0x0000000000019899      0x756 /tmp/cchAarJn.debug.temp.o
 .debug_line    0x0000000000019fef      0x74c /tmp/ccNGIk7n.debug.temp.o

.debug_info     0x0000000000000000    0x87df9
 .debug_info    0x0000000000000000       0x26 build/obj/crt0_v7m.o
 .debug_info    0x0000000000000026       0x26 build/obj/chcoreasm_v7m.o
 .debug_info    0x000000000000004c     0x76bf /tmp/ch.elf.QneYkp.ltrans0.ltrans.o
 .debug_info    0x000000000000770b      0x74c /tmp/ccFcYRap.debug.temp.o
                0x000000000000770b                crt1.c.f4435ad2
 .debug_info    0x0000000000007e57      0x257 /tmp/ccw2wIyp.debug.temp.o
                0x0000000000007e57                vectors.c.0920cd3c
 .debug_info    0x00000000000080ae     0x1779 /tmp/ccvPh18p.debug.temp.o
                0x00000000000080ae                chsys.c.4f21633e
 .debug_info    0x0000000000009827      0xaf9 /tmp/ccXBfNnq.debug.temp.o
                0x0000000000009827                chvt.c.108bcc8a
 .debug_info    0x000000000000a320      0xb6f /tmp/ccpoB6Dr.debug.temp.o
                0x000000000000a320                chschd.c.a7ea2c3a
 .debug_info    0x000000000000ae8f     0x1233 /tmp/cctgiVKr.debug.temp.o
                0x000000000000ae8f                chthreads.c.a15da153
 .debug_info    0x000000000000c0c2      0xb52 /tmp/ccBY7XWq.debug.temp.o
                0x000000000000c0c2                chtm.c.5455b7f8
 .debug_info    0x000000000000cc14     0x127c /tmp/cceNZGZr.debug.temp.o
                0x000000000000cc14                chregistry.c.5610ee72
 .debug_info    0x000000000000de90      0xbdb /tmp/cclaVBUn.debug.temp.o
                0x000000000000de90                chmtx.c.dd0e91ea
 .debug_info    0x000000000000ea6b      0xd6e /tmp/ccgv4iGo.debug.temp.o
                0x000000000000ea6b                chevents.c.dcdaa9f2
 .debug_info    0x000000000000f7d9      0xbc2 /tmp/ccfn1wSq.debug.temp.o
                0x000000000000f7d9                chdynamic.c.29245539
 .debug_info    0x000000000001039b      0x9bd /tmp/ccBawmFr.debug.temp.o
                0x000000000001039b                chmemcore.c.2306fd9e
 .debug_info    0x0000000000010d58      0xb5b /tmp/ccWi7zAo.debug.temp.o
                0x0000000000010d58                chheap.c.353be419
 .debug_info    0x00000000000118b3      0xd2b /tmp/cclgCTEq.debug.temp.o
                0x00000000000118b3                chcore_v7m.c.6f22c0a2
 .debug_info    0x00000000000125de     0x2b9b /tmp/ccuyveLp.debug.temp.o
                0x00000000000125de                hal.c.0c7e93c9
 .debug_info    0x0000000000015179     0x2c64 /tmp/cc3m7fmp.debug.temp.o
                0x0000000000015179                hal_st.c.285053c2
 .debug_info    0x0000000000017ddd     0x3be9 /tmp/cckWseQq.debug.temp.o
                0x0000000000017ddd                hal_buffers.c.e639fac4
 .debug_info    0x000000000001b9c6     0x2feb /tmp/ccmrY37p.debug.temp.o
                0x000000000001b9c6                hal_queues.c.2135ec06
 .debug_info    0x000000000001e9b1     0x364f /tmp/cc7Y89qn.debug.temp.o
                0x000000000001e9b1                hal_mmcsd.c.e48873a9
 .debug_info    0x0000000000022000     0x2f26 /tmp/ccCdlw8q.debug.temp.o
                0x0000000000022000                hal_adc.c.80528164
 .debug_info    0x0000000000024f26     0x2f63 /tmp/ccYXqPVn.debug.temp.o
                0x0000000000024f26                hal_dac.c.123853e0
 .debug_info    0x0000000000027e89     0x2d87 /tmp/cceJbXip.debug.temp.o
                0x0000000000027e89                hal_ext.c.c38818fa
 .debug_info    0x000000000002ac10     0x2e48 /tmp/ccaa6uCn.debug.temp.o
                0x000000000002ac10                hal_gpt.c.45e4227b
 .debug_info    0x000000000002da58     0x2da3 /tmp/ccrtDc4o.debug.temp.o
                0x000000000002da58                hal_icu.c.5d81c9bc
 .debug_info    0x00000000000307fb     0x3df9 /tmp/ccHUW2tr.debug.temp.o
                0x00000000000307fb                hal_mmc_spi.c.f0c612f5
 .debug_info    0x00000000000345f4     0x2cb9 /tmp/ccAag5eo.debug.temp.o
                0x00000000000345f4                hal_pal.c.8e25f2a0
 .debug_info    0x00000000000372ad     0x2e4f /tmp/ccBO5iaq.debug.temp.o
                0x00000000000372ad                hal_pwm.c.da302c83
 .debug_info    0x000000000003a0fc     0x2fbf /tmp/ccREqXYp.debug.temp.o
                0x000000000003a0fc                hal_serial.c.6a66bb51
 .debug_info    0x000000000003d0bb     0x33ed /tmp/ccfM3sOr.debug.temp.o
                0x000000000003d0bb                hal_serial_usb.c.ac8567b7
 .debug_info    0x00000000000404a8     0x2ff8 /tmp/ccsJsCZo.debug.temp.o
                0x00000000000404a8                hal_spi.c.c55a7f3b
 .debug_info    0x00000000000434a0     0x3952 /tmp/ccXUtK5p.debug.temp.o
                0x00000000000434a0                hal_usb.c.68f82820
 .debug_info    0x0000000000046df2     0x30e6 /tmp/ccUD1Egp.debug.temp.o
                0x0000000000046df2                nvic.c.185eac53
 .debug_info    0x0000000000049ed8     0x2e7b /tmp/ccTs6utn.debug.temp.o
                0x0000000000049ed8                hal_lld.c.002ec1f2
 .debug_info    0x000000000004cd53     0x3022 /tmp/cc4AgsBn.debug.temp.o
                0x000000000004cd53                hal_ext_lld_isr.c.6212d309
 .debug_info    0x000000000004fd75     0x2fac /tmp/ccYDBoOo.debug.temp.o
                0x000000000004fd75                hal_adc_lld.c.d629781a
 .debug_info    0x0000000000052d21     0x2fa8 /tmp/ccHjI94q.debug.temp.o
                0x0000000000052d21                hal_dac_lld.c.5b66702f
 .debug_info    0x0000000000055cc9     0x30a4 /tmp/ccTxvELn.debug.temp.o
                0x0000000000055cc9                stm32_dma.c.a6e039f3
 .debug_info    0x0000000000058d6d     0x2d35 /tmp/cceKLC0q.debug.temp.o
                0x0000000000058d6d                hal_ext_lld.c.8b70bcce
 .debug_info    0x000000000005baa2     0x2e90 /tmp/ccNzBZRr.debug.temp.o
                0x000000000005baa2                hal_pal_lld.c.306d4406
 .debug_info    0x000000000005e932     0x3eea /tmp/ccjcEQVn.debug.temp.o
                0x000000000005e932                hal_usb_lld.c.134e24e4
 .debug_info    0x000000000006281c     0x3115 /tmp/cc6xn8oq.debug.temp.o
                0x000000000006281c                hal_spi_lld.c.963ce3c6
 .debug_info    0x0000000000065931     0x2e46 /tmp/ccODYb2r.debug.temp.o
                0x0000000000065931                hal_st_lld.c.c098f44d
 .debug_info    0x0000000000068777     0x2e8c /tmp/cc6TilYq.debug.temp.o
                0x0000000000068777                hal_gpt_lld.c.3746b512
 .debug_info    0x000000000006b603     0x2f77 /tmp/ccpIgcyq.debug.temp.o
                0x000000000006b603                hal_icu_lld.c.fa3dc452
 .debug_info    0x000000000006e57a     0x2f50 /tmp/ccrLppNr.debug.temp.o
                0x000000000006e57a                hal_pwm_lld.c.67f0b481
 .debug_info    0x00000000000714ca     0x3031 /tmp/ccvFRAun.debug.temp.o
                0x00000000000714ca                hal_serial_lld.c.3a09a066
 .debug_info    0x00000000000744fb     0x2e2a /tmp/ccijifkp.debug.temp.o
                0x00000000000744fb                board.c.afabb182
 .debug_info    0x0000000000077325     0x3473 /tmp/cceYtfGq.debug.temp.o
                0x0000000000077325                main.c.f5fd0fc2
 .debug_info    0x000000000007a798     0x3562 /tmp/ccX1pLtq.debug.temp.o
                0x000000000007a798                common.c.eb396572
 .debug_info    0x000000000007dcfa     0x35b1 /tmp/cch8m7fq.debug.temp.o
                0x000000000007dcfa                lld_control.c.e37de835
 .debug_info    0x00000000000812ab     0x36b1 /tmp/cchAarJn.debug.temp.o
                0x00000000000812ab                remote_control.c.f8b8d05e
 .debug_info    0x000000000008495c     0x349d /tmp/ccNGIk7n.debug.temp.o
                0x000000000008495c                test_friction.c.f50d88d9

.debug_abbrev   0x0000000000000000     0x8f10
 .debug_abbrev  0x0000000000000000       0x14 build/obj/crt0_v7m.o
 .debug_abbrev  0x0000000000000014       0x14 build/obj/chcoreasm_v7m.o
 .debug_abbrev  0x0000000000000028      0x331 /tmp/ch.elf.QneYkp.ltrans0.ltrans.o
 .debug_abbrev  0x0000000000000359      0x17f /tmp/ccFcYRap.debug.temp.o
 .debug_abbrev  0x00000000000004d8       0xc9 /tmp/ccw2wIyp.debug.temp.o
 .debug_abbrev  0x00000000000005a1      0x357 /tmp/ccvPh18p.debug.temp.o
 .debug_abbrev  0x00000000000008f8      0x225 /tmp/ccXBfNnq.debug.temp.o
 .debug_abbrev  0x0000000000000b1d      0x280 /tmp/ccpoB6Dr.debug.temp.o
 .debug_abbrev  0x0000000000000d9d      0x29e /tmp/cctgiVKr.debug.temp.o
 .debug_abbrev  0x000000000000103b      0x1ef /tmp/ccBY7XWq.debug.temp.o
 .debug_abbrev  0x000000000000122a      0x2ae /tmp/cceNZGZr.debug.temp.o
 .debug_abbrev  0x00000000000014d8      0x264 /tmp/cclaVBUn.debug.temp.o
 .debug_abbrev  0x000000000000173c      0x257 /tmp/ccgv4iGo.debug.temp.o
 .debug_abbrev  0x0000000000001993      0x1fc /tmp/ccfn1wSq.debug.temp.o
 .debug_abbrev  0x0000000000001b8f      0x213 /tmp/ccBawmFr.debug.temp.o
 .debug_abbrev  0x0000000000001da2      0x261 /tmp/ccWi7zAo.debug.temp.o
 .debug_abbrev  0x0000000000002003      0x20b /tmp/cclgCTEq.debug.temp.o
 .debug_abbrev  0x000000000000220e      0x247 /tmp/ccuyveLp.debug.temp.o
 .debug_abbrev  0x0000000000002455      0x2ba /tmp/cc3m7fmp.debug.temp.o
 .debug_abbrev  0x000000000000270f      0x362 /tmp/cckWseQq.debug.temp.o
 .debug_abbrev  0x0000000000002a71      0x363 /tmp/ccmrY37p.debug.temp.o
 .debug_abbrev  0x0000000000002dd4      0x2c7 /tmp/cc7Y89qn.debug.temp.o
 .debug_abbrev  0x000000000000309b      0x2fc /tmp/ccCdlw8q.debug.temp.o
 .debug_abbrev  0x0000000000003397      0x2fc /tmp/ccYXqPVn.debug.temp.o
 .debug_abbrev  0x0000000000003693      0x2b2 /tmp/cceJbXip.debug.temp.o
 .debug_abbrev  0x0000000000003945      0x2a3 /tmp/ccaa6uCn.debug.temp.o
 .debug_abbrev  0x0000000000003be8      0x2c7 /tmp/ccrtDc4o.debug.temp.o
 .debug_abbrev  0x0000000000003eaf      0x38b /tmp/ccHUW2tr.debug.temp.o
 .debug_abbrev  0x000000000000423a      0x278 /tmp/ccAag5eo.debug.temp.o
 .debug_abbrev  0x00000000000044b2      0x2b6 /tmp/ccBO5iaq.debug.temp.o
 .debug_abbrev  0x0000000000004768      0x32d /tmp/ccREqXYp.debug.temp.o
 .debug_abbrev  0x0000000000004a95      0x35f /tmp/ccfM3sOr.debug.temp.o
 .debug_abbrev  0x0000000000004df4      0x2ec /tmp/ccsJsCZo.debug.temp.o
 .debug_abbrev  0x00000000000050e0      0x357 /tmp/ccXUtK5p.debug.temp.o
 .debug_abbrev  0x0000000000005437      0x285 /tmp/ccUD1Egp.debug.temp.o
 .debug_abbrev  0x00000000000056bc      0x27b /tmp/ccTs6utn.debug.temp.o
 .debug_abbrev  0x0000000000005937      0x296 /tmp/cc4AgsBn.debug.temp.o
 .debug_abbrev  0x0000000000005bcd      0x335 /tmp/ccYDBoOo.debug.temp.o
 .debug_abbrev  0x0000000000005f02      0x315 /tmp/ccHjI94q.debug.temp.o
 .debug_abbrev  0x0000000000006217      0x2c7 /tmp/ccTxvELn.debug.temp.o
 .debug_abbrev  0x00000000000064de      0x28a /tmp/cceKLC0q.debug.temp.o
 .debug_abbrev  0x0000000000006768      0x27d /tmp/ccNzBZRr.debug.temp.o
 .debug_abbrev  0x00000000000069e5      0x38b /tmp/ccjcEQVn.debug.temp.o
 .debug_abbrev  0x0000000000006d70      0x323 /tmp/cc6xn8oq.debug.temp.o
 .debug_abbrev  0x0000000000007093      0x265 /tmp/ccODYb2r.debug.temp.o
 .debug_abbrev  0x00000000000072f8      0x292 /tmp/cc6TilYq.debug.temp.o
 .debug_abbrev  0x000000000000758a      0x314 /tmp/ccpIgcyq.debug.temp.o
 .debug_abbrev  0x000000000000789e      0x2a1 /tmp/ccrLppNr.debug.temp.o
 .debug_abbrev  0x0000000000007b3f      0x306 /tmp/ccvFRAun.debug.temp.o
 .debug_abbrev  0x0000000000007e45      0x269 /tmp/ccijifkp.debug.temp.o
 .debug_abbrev  0x00000000000080ae      0x297 /tmp/cceYtfGq.debug.temp.o
 .debug_abbrev  0x0000000000008345      0x2ef /tmp/ccX1pLtq.debug.temp.o
 .debug_abbrev  0x0000000000008634      0x2db /tmp/cch8m7fq.debug.temp.o
 .debug_abbrev  0x000000000000890f      0x348 /tmp/cchAarJn.debug.temp.o
 .debug_abbrev  0x0000000000008c57      0x2b9 /tmp/ccNGIk7n.debug.temp.o

.debug_aranges  0x0000000000000000      0x338
 .debug_aranges
                0x0000000000000000       0x20 build/obj/crt0_v7m.o
 .debug_aranges
                0x0000000000000020       0x20 build/obj/chcoreasm_v7m.o
 .debug_aranges
                0x0000000000000040      0x2f8 /tmp/ch.elf.QneYkp.ltrans0.ltrans.o

.debug_str      0x0000000000000000     0x62eb
 .debug_str     0x0000000000000000       0x95 build/obj/crt0_v7m.o
 .debug_str     0x0000000000000095       0x52 build/obj/chcoreasm_v7m.o
                                         0x98 (size before relaxing)
 .debug_str     0x00000000000000e7      0x130 /tmp/ch.elf.QneYkp.ltrans0.ltrans.o
                                        0x175 (size before relaxing)
 .debug_str     0x0000000000000217      0x5d6 /tmp/ccFcYRap.debug.temp.o
                                        0x66f (size before relaxing)
 .debug_str     0x00000000000007ed      0x170 /tmp/ccw2wIyp.debug.temp.o
                                        0x37e (size before relaxing)
 .debug_str     0x000000000000095d      0xe2c /tmp/ccvPh18p.debug.temp.o
                                       0x1225 (size before relaxing)
 .debug_str     0x0000000000001789       0x76 /tmp/ccXBfNnq.debug.temp.o
                                        0x707 (size before relaxing)
 .debug_str     0x00000000000017ff      0x16c /tmp/ccpoB6Dr.debug.temp.o
                                        0x7d3 (size before relaxing)
 .debug_str     0x000000000000196b      0x286 /tmp/cctgiVKr.debug.temp.o
                                        0x985 (size before relaxing)
 .debug_str     0x0000000000001bf1       0xd4 /tmp/ccBY7XWq.debug.temp.o
                                        0x78f (size before relaxing)
 .debug_str     0x0000000000001cc5      0x452 /tmp/cceNZGZr.debug.temp.o
                                        0xad2 (size before relaxing)
 .debug_str     0x0000000000002117       0xcd /tmp/cclaVBUn.debug.temp.o
                                        0x734 (size before relaxing)
 .debug_str     0x00000000000021e4      0x1d9 /tmp/ccgv4iGo.debug.temp.o
                                        0x80c (size before relaxing)
 .debug_str     0x00000000000023bd       0xea /tmp/ccfn1wSq.debug.temp.o
                                        0x75a (size before relaxing)
 .debug_str     0x00000000000024a7       0xa4 /tmp/ccBawmFr.debug.temp.o
                                        0x6e1 (size before relaxing)
 .debug_str     0x000000000000254b       0xb3 /tmp/ccWi7zAo.debug.temp.o
                                        0x712 (size before relaxing)
 .debug_str     0x00000000000025fe       0xa0 /tmp/cclgCTEq.debug.temp.o
                                        0x824 (size before relaxing)
 .debug_str     0x000000000000269e      0xf72 /tmp/ccuyveLp.debug.temp.o
                                       0x1694 (size before relaxing)
 .debug_str     0x0000000000003610       0xb6 /tmp/cc3m7fmp.debug.temp.o
                                       0x1719 (size before relaxing)
 .debug_str     0x00000000000036c6      0x2f6 /tmp/cckWseQq.debug.temp.o
                                       0x1d94 (size before relaxing)
 .debug_str     0x00000000000039bc       0xd1 /tmp/ccmrY37p.debug.temp.o
                                       0x1860 (size before relaxing)
 .debug_str     0x0000000000003a8d      0x444 /tmp/cc7Y89qn.debug.temp.o
                                       0x1abe (size before relaxing)
 .debug_str     0x0000000000003ed1      0x13a /tmp/ccCdlw8q.debug.temp.o
                                       0x17f2 (size before relaxing)
 .debug_str     0x000000000000400b       0xf4 /tmp/ccYXqPVn.debug.temp.o
                                       0x1815 (size before relaxing)
 .debug_str     0x00000000000040ff       0xa0 /tmp/cceJbXip.debug.temp.o
                                       0x1758 (size before relaxing)
 .debug_str     0x000000000000419f       0xf4 /tmp/ccaa6uCn.debug.temp.o
                                       0x17ac (size before relaxing)
 .debug_str     0x0000000000004293       0xbb /tmp/ccrtDc4o.debug.temp.o
                                       0x177a (size before relaxing)
 .debug_str     0x000000000000434e      0x212 /tmp/ccHUW2tr.debug.temp.o
                                       0x1d9a (size before relaxing)
 .debug_str     0x0000000000004560       0x8c /tmp/ccAag5eo.debug.temp.o
                                       0x16ef (size before relaxing)
 .debug_str     0x00000000000045ec      0x10f /tmp/ccBO5iaq.debug.temp.o
                                       0x17c7 (size before relaxing)
 .debug_str     0x00000000000046fb      0x118 /tmp/ccREqXYp.debug.temp.o
                                       0x17eb (size before relaxing)
 .debug_str     0x0000000000004813      0x20a /tmp/ccfM3sOr.debug.temp.o
                                       0x1a49 (size before relaxing)
 .debug_str     0x0000000000004a1d       0xf1 /tmp/ccsJsCZo.debug.temp.o
                                       0x17f3 (size before relaxing)
 .debug_str     0x0000000000004b0e      0x199 /tmp/ccXUtK5p.debug.temp.o
                                       0x1cd9 (size before relaxing)
 .debug_str     0x0000000000004ca7       0x90 /tmp/ccUD1Egp.debug.temp.o
                                       0x187b (size before relaxing)
 .debug_str     0x0000000000004d37      0x18d /tmp/ccTs6utn.debug.temp.o
                                       0x1832 (size before relaxing)
 .debug_str     0x0000000000004ec4      0x11a /tmp/cc4AgsBn.debug.temp.o
                                       0x1dae (size before relaxing)
 .debug_str     0x0000000000004fde      0x14d /tmp/ccYDBoOo.debug.temp.o
                                       0x1979 (size before relaxing)
 .debug_str     0x000000000000512b       0xe0 /tmp/ccHjI94q.debug.temp.o
                                       0x193f (size before relaxing)
 .debug_str     0x000000000000520b      0x16d /tmp/ccTxvELn.debug.temp.o
                                       0x1902 (size before relaxing)
 .debug_str     0x0000000000005378       0xd2 /tmp/cceKLC0q.debug.temp.o
                                       0x1758 (size before relaxing)
 .debug_str     0x000000000000544a       0x8a /tmp/ccNzBZRr.debug.temp.o
                                       0x1818 (size before relaxing)
 .debug_str     0x00000000000054d4      0x332 /tmp/ccjcEQVn.debug.temp.o
                                       0x1fed (size before relaxing)
 .debug_str     0x0000000000005806      0x143 /tmp/cc6xn8oq.debug.temp.o
                                       0x1992 (size before relaxing)
 .debug_str     0x0000000000005949       0x95 /tmp/ccODYb2r.debug.temp.o
                                       0x18a1 (size before relaxing)
 .debug_str     0x00000000000059de       0xcd /tmp/cc6TilYq.debug.temp.o
                                       0x185b (size before relaxing)
 .debug_str     0x0000000000005aab      0x130 /tmp/ccpIgcyq.debug.temp.o
                                       0x190d (size before relaxing)
 .debug_str     0x0000000000005bdb      0x162 /tmp/ccrLppNr.debug.temp.o
                                       0x18e4 (size before relaxing)
 .debug_str     0x0000000000005d3d       0xe5 /tmp/ccvFRAun.debug.temp.o
                                       0x193c (size before relaxing)
 .debug_str     0x0000000000005e22       0x85 /tmp/ccijifkp.debug.temp.o
                                       0x180b (size before relaxing)
 .debug_str     0x0000000000005ea7       0x6c /tmp/cceYtfGq.debug.temp.o
                                       0x1aa4 (size before relaxing)
 .debug_str     0x0000000000005f13       0xa2 /tmp/ccX1pLtq.debug.temp.o
                                       0x1b28 (size before relaxing)
 .debug_str     0x0000000000005fb5      0x18f /tmp/cch8m7fq.debug.temp.o
                                       0x1c38 (size before relaxing)
 .debug_str     0x0000000000006144      0x17d /tmp/cchAarJn.debug.temp.o
                                       0x1ce4 (size before relaxing)
 .debug_str     0x00000000000062c1       0x2a /tmp/ccNGIk7n.debug.temp.o
                                       0x1aef (size before relaxing)

.debug_loc      0x0000000000000000     0x5534
 .debug_loc     0x0000000000000000     0x5534 /tmp/ch.elf.QneYkp.ltrans0.ltrans.o

.debug_ranges   0x0000000000000000     0x4c88
 .debug_ranges  0x0000000000000000     0x4c88 /tmp/ch.elf.QneYkp.ltrans0.ltrans.o

.debug_frame    0x0000000000000000      0xaa4
 .debug_frame   0x0000000000000000      0xaa4 /tmp/ch.elf.QneYkp.ltrans0.ltrans.o

Cross Reference Table

Symbol                                            File
ADCD1                                             build/obj/hal_adc_lld.o (symbol from plugin)
                                                  build/obj/lld_steer_angle_fb.o (symbol from plugin)
BusFault_Handler                                  build/obj/vectors.o (symbol from plugin)
DACD1                                             build/obj/hal_dac_lld.o (symbol from plugin)
DebugMon_Handler                                  build/obj/vectors.o (symbol from plugin)
EXTD1                                             build/obj/hal_ext_lld.o (symbol from plugin)
                                                  build/obj/lld_start_button.o (symbol from plugin)
                                                  build/obj/lld_encoder.o (symbol from plugin)
                                                  build/obj/common.o (symbol from plugin)
                                                  build/obj/hal_ext_lld_isr.o (symbol from plugin)
GPTD4                                             build/obj/hal_gpt_lld.o (symbol from plugin)
                                                  build/obj/lld_steer_angle_fb.o (symbol from plugin)
HardFault_Handler                                 build/obj/vectors.o (symbol from plugin)
ICUD8                                             build/obj/hal_icu_lld.o (symbol from plugin)
                                                  build/obj/remote_control.o (symbol from plugin)
ICUD9                                             build/obj/hal_icu_lld.o (symbol from plugin)
                                                  build/obj/remote_control.o (symbol from plugin)
MemManage_Handler                                 build/obj/vectors.o (symbol from plugin)
NMI_Handler                                       build/obj/vectors.o (symbol from plugin)
PWMD1                                             build/obj/hal_pwm_lld.o (symbol from plugin)
                                                  build/obj/lld_control.o (symbol from plugin)
PendSV_Handler                                    build/obj/vectors.o (symbol from plugin)
Reset_Handler                                     build/obj/crt0_v7m.o
                                                  /tmp/ch.elf.QneYkp.ltrans0.ltrans.o
                                                  build/obj/vectors.o (symbol from plugin)
SD3                                               build/obj/hal_serial_lld.o (symbol from plugin)
                                                  build/obj/test_lld_light.o (symbol from plugin)
                                                  build/obj/test_lld_steer_angle_fb.o (symbol from plugin)
                                                  build/obj/test_lld_odometry.o (symbol from plugin)
                                                  build/obj/test_drive_cs.o (symbol from plugin)
                                                  build/obj/test_lld_control.o (symbol from plugin)
                                                  build/obj/debug.o (symbol from plugin)
SD7                                               build/obj/hal_serial_lld.o (symbol from plugin)
SDU1                                              build/obj/usbcfg.o (symbol from plugin)
SPID2                                             build/obj/hal_spi_lld.o (symbol from plugin)
SPID3                                             build/obj/hal_spi_lld.o (symbol from plugin)
                                                  build/obj/lld_light.o (symbol from plugin)
SVC_Handler                                       build/obj/chcore_v7m.o (symbol from plugin)
                                                  build/obj/vectors.o (symbol from plugin)
SysTick_Handler                                   build/obj/vectors.o (symbol from plugin)
SystemCoreClock                                   build/obj/hal_lld.o (symbol from plugin)
USBD1                                             build/obj/hal_usb_lld.o (symbol from plugin)
                                                  build/obj/usbcfg.o (symbol from plugin)
UsageFault_Handler                                build/obj/vectors.o (symbol from plugin)
Vector100                                         build/obj/vectors.o (symbol from plugin)
Vector104                                         build/obj/vectors.o (symbol from plugin)
Vector108                                         build/obj/hal_st_lld.o (symbol from plugin)
                                                  build/obj/vectors.o (symbol from plugin)
Vector10C                                         build/obj/vectors.o (symbol from plugin)
Vector110                                         build/obj/vectors.o (symbol from plugin)
Vector114                                         build/obj/vectors.o (symbol from plugin)
Vector118                                         build/obj/vectors.o (symbol from plugin)
Vector11C                                         build/obj/vectors.o (symbol from plugin)
Vector120                                         build/obj/stm32_dma.o (symbol from plugin)
                                                  build/obj/vectors.o (symbol from plugin)
Vector124                                         build/obj/stm32_dma.o (symbol from plugin)
                                                  build/obj/vectors.o (symbol from plugin)
Vector128                                         build/obj/stm32_dma.o (symbol from plugin)
                                                  build/obj/vectors.o (symbol from plugin)
Vector12C                                         build/obj/stm32_dma.o (symbol from plugin)
                                                  build/obj/vectors.o (symbol from plugin)
Vector130                                         build/obj/stm32_dma.o (symbol from plugin)
                                                  build/obj/vectors.o (symbol from plugin)
Vector134                                         build/obj/vectors.o (symbol from plugin)
Vector138                                         build/obj/hal_ext_lld_isr.o (symbol from plugin)
                                                  build/obj/vectors.o (symbol from plugin)
Vector13C                                         build/obj/vectors.o (symbol from plugin)
Vector140                                         build/obj/vectors.o (symbol from plugin)
Vector144                                         build/obj/vectors.o (symbol from plugin)
Vector148                                         build/obj/vectors.o (symbol from plugin)
Vector14C                                         build/obj/hal_usb_lld.o (symbol from plugin)
                                                  build/obj/vectors.o (symbol from plugin)
Vector150                                         build/obj/stm32_dma.o (symbol from plugin)
                                                  build/obj/vectors.o (symbol from plugin)
Vector154                                         build/obj/stm32_dma.o (symbol from plugin)
                                                  build/obj/vectors.o (symbol from plugin)
Vector158                                         build/obj/stm32_dma.o (symbol from plugin)
                                                  build/obj/vectors.o (symbol from plugin)
Vector15C                                         build/obj/vectors.o (symbol from plugin)
Vector160                                         build/obj/vectors.o (symbol from plugin)
Vector164                                         build/obj/vectors.o (symbol from plugin)
Vector168                                         build/obj/vectors.o (symbol from plugin)
Vector16C                                         build/obj/vectors.o (symbol from plugin)
Vector170                                         build/obj/hal_ext_lld_isr.o (symbol from plugin)
                                                  build/obj/vectors.o (symbol from plugin)
Vector174                                         build/obj/vectors.o (symbol from plugin)
Vector178                                         build/obj/vectors.o (symbol from plugin)
Vector17C                                         build/obj/vectors.o (symbol from plugin)
Vector180                                         build/obj/vectors.o (symbol from plugin)
Vector184                                         build/obj/vectors.o (symbol from plugin)
Vector188                                         build/obj/hal_serial_lld.o (symbol from plugin)
                                                  build/obj/vectors.o (symbol from plugin)
Vector18C                                         build/obj/vectors.o (symbol from plugin)
Vector190                                         build/obj/vectors.o (symbol from plugin)
Vector194                                         build/obj/vectors.o (symbol from plugin)
Vector198                                         build/obj/vectors.o (symbol from plugin)
Vector19C                                         build/obj/vectors.o (symbol from plugin)
Vector1A0                                         build/obj/vectors.o (symbol from plugin)
Vector1A4                                         build/obj/vectors.o (symbol from plugin)
Vector1A8                                         build/obj/vectors.o (symbol from plugin)
Vector1AC                                         build/obj/vectors.o (symbol from plugin)
Vector1B0                                         build/obj/vectors.o (symbol from plugin)
Vector1B4                                         build/obj/vectors.o (symbol from plugin)
Vector1B8                                         build/obj/vectors.o (symbol from plugin)
Vector1BC                                         build/obj/vectors.o (symbol from plugin)
Vector1C                                          build/obj/vectors.o (symbol from plugin)
Vector1C0                                         build/obj/vectors.o (symbol from plugin)
Vector1C4                                         build/obj/vectors.o (symbol from plugin)
Vector1C8                                         build/obj/vectors.o (symbol from plugin)
Vector1CC                                         build/obj/vectors.o (symbol from plugin)
Vector1D0                                         build/obj/vectors.o (symbol from plugin)
Vector1D4                                         build/obj/vectors.o (symbol from plugin)
Vector1D8                                         build/obj/vectors.o (symbol from plugin)
Vector1DC                                         build/obj/vectors.o (symbol from plugin)
Vector1E0                                         build/obj/vectors.o (symbol from plugin)
Vector1E4                                         build/obj/vectors.o (symbol from plugin)
Vector1E8                                         build/obj/vectors.o (symbol from plugin)
Vector1EC                                         build/obj/vectors.o (symbol from plugin)
Vector1F0                                         build/obj/vectors.o (symbol from plugin)
Vector1F4                                         build/obj/vectors.o (symbol from plugin)
Vector1F8                                         build/obj/vectors.o (symbol from plugin)
Vector1FC                                         build/obj/vectors.o (symbol from plugin)
Vector20                                          build/obj/vectors.o (symbol from plugin)
Vector24                                          build/obj/vectors.o (symbol from plugin)
Vector28                                          build/obj/vectors.o (symbol from plugin)
Vector34                                          build/obj/vectors.o (symbol from plugin)
Vector40                                          build/obj/vectors.o (symbol from plugin)
Vector44                                          build/obj/hal_ext_lld_isr.o (symbol from plugin)
                                                  build/obj/vectors.o (symbol from plugin)
Vector48                                          build/obj/hal_ext_lld_isr.o (symbol from plugin)
                                                  build/obj/vectors.o (symbol from plugin)
Vector4C                                          build/obj/hal_ext_lld_isr.o (symbol from plugin)
                                                  build/obj/vectors.o (symbol from plugin)
Vector50                                          build/obj/vectors.o (symbol from plugin)
Vector54                                          build/obj/vectors.o (symbol from plugin)
Vector58                                          build/obj/hal_ext_lld_isr.o (symbol from plugin)
                                                  build/obj/vectors.o (symbol from plugin)
Vector5C                                          build/obj/hal_ext_lld_isr.o (symbol from plugin)
                                                  build/obj/vectors.o (symbol from plugin)
Vector60                                          build/obj/hal_ext_lld_isr.o (symbol from plugin)
                                                  build/obj/vectors.o (symbol from plugin)
Vector64                                          build/obj/hal_ext_lld_isr.o (symbol from plugin)
                                                  build/obj/vectors.o (symbol from plugin)
Vector68                                          build/obj/hal_ext_lld_isr.o (symbol from plugin)
                                                  build/obj/vectors.o (symbol from plugin)
Vector6C                                          build/obj/stm32_dma.o (symbol from plugin)
                                                  build/obj/vectors.o (symbol from plugin)
Vector70                                          build/obj/stm32_dma.o (symbol from plugin)
                                                  build/obj/vectors.o (symbol from plugin)
Vector74                                          build/obj/stm32_dma.o (symbol from plugin)
                                                  build/obj/vectors.o (symbol from plugin)
Vector78                                          build/obj/stm32_dma.o (symbol from plugin)
                                                  build/obj/vectors.o (symbol from plugin)
Vector7C                                          build/obj/stm32_dma.o (symbol from plugin)
                                                  build/obj/vectors.o (symbol from plugin)
Vector80                                          build/obj/stm32_dma.o (symbol from plugin)
                                                  build/obj/vectors.o (symbol from plugin)
Vector84                                          build/obj/stm32_dma.o (symbol from plugin)
                                                  build/obj/vectors.o (symbol from plugin)
Vector88                                          build/obj/hal_adc_lld.o (symbol from plugin)
                                                  build/obj/vectors.o (symbol from plugin)
Vector8C                                          build/obj/vectors.o (symbol from plugin)
Vector90                                          build/obj/vectors.o (symbol from plugin)
Vector94                                          build/obj/vectors.o (symbol from plugin)
Vector98                                          build/obj/vectors.o (symbol from plugin)
Vector9C                                          build/obj/hal_ext_lld_isr.o (symbol from plugin)
                                                  build/obj/vectors.o (symbol from plugin)
VectorA0                                          build/obj/hal_icu_lld.o (symbol from plugin)
                                                  build/obj/vectors.o (symbol from plugin)
VectorA4                                          build/obj/hal_pwm_lld.o (symbol from plugin)
                                                  build/obj/vectors.o (symbol from plugin)
VectorA8                                          build/obj/vectors.o (symbol from plugin)
VectorAC                                          build/obj/hal_pwm_lld.o (symbol from plugin)
                                                  build/obj/vectors.o (symbol from plugin)
VectorB0                                          build/obj/vectors.o (symbol from plugin)
VectorB4                                          build/obj/vectors.o (symbol from plugin)
VectorB8                                          build/obj/hal_gpt_lld.o (symbol from plugin)
                                                  build/obj/vectors.o (symbol from plugin)
VectorBC                                          build/obj/vectors.o (symbol from plugin)
VectorC0                                          build/obj/vectors.o (symbol from plugin)
VectorC4                                          build/obj/vectors.o (symbol from plugin)
VectorC8                                          build/obj/vectors.o (symbol from plugin)
VectorCC                                          build/obj/vectors.o (symbol from plugin)
VectorD0                                          build/obj/vectors.o (symbol from plugin)
VectorD4                                          build/obj/vectors.o (symbol from plugin)
VectorD8                                          build/obj/vectors.o (symbol from plugin)
VectorDC                                          build/obj/hal_serial_lld.o (symbol from plugin)
                                                  build/obj/vectors.o (symbol from plugin)
VectorE0                                          build/obj/hal_ext_lld_isr.o (symbol from plugin)
                                                  build/obj/vectors.o (symbol from plugin)
VectorE4                                          build/obj/hal_ext_lld_isr.o (symbol from plugin)
                                                  build/obj/vectors.o (symbol from plugin)
VectorE8                                          build/obj/hal_ext_lld_isr.o (symbol from plugin)
                                                  build/obj/vectors.o (symbol from plugin)
VectorEC                                          build/obj/vectors.o (symbol from plugin)
VectorF0                                          build/obj/hal_icu_lld.o (symbol from plugin)
                                                  build/obj/vectors.o (symbol from plugin)
VectorF4                                          build/obj/vectors.o (symbol from plugin)
VectorF8                                          build/obj/hal_icu_lld.o (symbol from plugin)
                                                  build/obj/vectors.o (symbol from plugin)
VectorFC                                          build/obj/stm32_dma.o (symbol from plugin)
                                                  build/obj/vectors.o (symbol from plugin)
__adddf3                                          /home/lena/local_libs/bin/../lib/gcc/arm-none-eabi/9.3.1/thumb/v7e-m/nofp/libgcc.a(_arm_addsubdf3.o)
__aeabi_cdcmpeq                                   /home/lena/local_libs/bin/../lib/gcc/arm-none-eabi/9.3.1/thumb/v7e-m/nofp/libgcc.a(_arm_cmpdf2.o)
__aeabi_cdcmple                                   /home/lena/local_libs/bin/../lib/gcc/arm-none-eabi/9.3.1/thumb/v7e-m/nofp/libgcc.a(_arm_cmpdf2.o)
__aeabi_cdrcmple                                  /home/lena/local_libs/bin/../lib/gcc/arm-none-eabi/9.3.1/thumb/v7e-m/nofp/libgcc.a(_arm_cmpdf2.o)
__aeabi_d2iz                                      /home/lena/local_libs/bin/../lib/gcc/arm-none-eabi/9.3.1/thumb/v7e-m/nofp/libgcc.a(_arm_fixdfsi.o)
                                                  /home/lena/local_libs/bin/../lib/gcc/arm-none-eabi/9.3.1/../../../../arm-none-eabi/lib/thumb/v7e-m/nofp/libm.a(lib_a-k_tan.o)
                                                  /home/lena/local_libs/bin/../lib/gcc/arm-none-eabi/9.3.1/../../../../arm-none-eabi/lib/thumb/v7e-m/nofp/libm.a(lib_a-k_sin.o)
                                                  /home/lena/local_libs/bin/../lib/gcc/arm-none-eabi/9.3.1/../../../../arm-none-eabi/lib/thumb/v7e-m/nofp/libm.a(lib_a-k_rem_pio2.o)
                                                  /home/lena/local_libs/bin/../lib/gcc/arm-none-eabi/9.3.1/../../../../arm-none-eabi/lib/thumb/v7e-m/nofp/libm.a(lib_a-k_cos.o)
                                                  /home/lena/local_libs/bin/../lib/gcc/arm-none-eabi/9.3.1/../../../../arm-none-eabi/lib/thumb/v7e-m/nofp/libm.a(lib_a-e_rem_pio2.o)
__aeabi_dadd                                      /home/lena/local_libs/bin/../lib/gcc/arm-none-eabi/9.3.1/thumb/v7e-m/nofp/libgcc.a(_arm_addsubdf3.o)
                                                  /home/lena/local_libs/bin/../lib/gcc/arm-none-eabi/9.3.1/../../../../arm-none-eabi/lib/thumb/v7e-m/nofp/libm.a(lib_a-s_scalbn.o)
                                                  /home/lena/local_libs/bin/../lib/gcc/arm-none-eabi/9.3.1/../../../../arm-none-eabi/lib/thumb/v7e-m/nofp/libm.a(lib_a-s_floor.o)
                                                  /home/lena/local_libs/bin/../lib/gcc/arm-none-eabi/9.3.1/../../../../arm-none-eabi/lib/thumb/v7e-m/nofp/libm.a(lib_a-k_tan.o)
                                                  /home/lena/local_libs/bin/../lib/gcc/arm-none-eabi/9.3.1/../../../../arm-none-eabi/lib/thumb/v7e-m/nofp/libm.a(lib_a-k_sin.o)
                                                  /home/lena/local_libs/bin/../lib/gcc/arm-none-eabi/9.3.1/../../../../arm-none-eabi/lib/thumb/v7e-m/nofp/libm.a(lib_a-k_rem_pio2.o)
                                                  /home/lena/local_libs/bin/../lib/gcc/arm-none-eabi/9.3.1/../../../../arm-none-eabi/lib/thumb/v7e-m/nofp/libm.a(lib_a-k_cos.o)
                                                  /home/lena/local_libs/bin/../lib/gcc/arm-none-eabi/9.3.1/../../../../arm-none-eabi/lib/thumb/v7e-m/nofp/libm.a(lib_a-e_rem_pio2.o)
__aeabi_dcmpeq                                    /home/lena/local_libs/bin/../lib/gcc/arm-none-eabi/9.3.1/thumb/v7e-m/nofp/libgcc.a(_arm_cmpdf2.o)
                                                  /home/lena/local_libs/bin/../lib/gcc/arm-none-eabi/9.3.1/../../../../arm-none-eabi/lib/thumb/v7e-m/nofp/libm.a(lib_a-k_rem_pio2.o)
                                                  /home/lena/local_libs/bin/../lib/gcc/arm-none-eabi/9.3.1/../../../../arm-none-eabi/lib/thumb/v7e-m/nofp/libm.a(lib_a-e_rem_pio2.o)
__aeabi_dcmpge                                    /home/lena/local_libs/bin/../lib/gcc/arm-none-eabi/9.3.1/thumb/v7e-m/nofp/libgcc.a(_arm_cmpdf2.o)
                                                  /home/lena/local_libs/bin/../lib/gcc/arm-none-eabi/9.3.1/../../../../arm-none-eabi/lib/thumb/v7e-m/nofp/libm.a(lib_a-k_rem_pio2.o)
__aeabi_dcmpgt                                    /home/lena/local_libs/bin/../lib/gcc/arm-none-eabi/9.3.1/thumb/v7e-m/nofp/libgcc.a(_arm_cmpdf2.o)
                                                  /home/lena/local_libs/bin/../lib/gcc/arm-none-eabi/9.3.1/../../../../arm-none-eabi/lib/thumb/v7e-m/nofp/libm.a(lib_a-s_floor.o)
__aeabi_dcmple                                    /home/lena/local_libs/bin/../lib/gcc/arm-none-eabi/9.3.1/thumb/v7e-m/nofp/libgcc.a(_arm_cmpdf2.o)
__aeabi_dcmplt                                    /home/lena/local_libs/bin/../lib/gcc/arm-none-eabi/9.3.1/thumb/v7e-m/nofp/libgcc.a(_arm_cmpdf2.o)
__aeabi_ddiv                                      /home/lena/local_libs/bin/../lib/gcc/arm-none-eabi/9.3.1/thumb/v7e-m/nofp/libgcc.a(_arm_muldivdf3.o)
                                                  /home/lena/local_libs/bin/../lib/gcc/arm-none-eabi/9.3.1/../../../../arm-none-eabi/lib/thumb/v7e-m/nofp/libm.a(lib_a-k_tan.o)
__aeabi_dmul                                      /home/lena/local_libs/bin/../lib/gcc/arm-none-eabi/9.3.1/thumb/v7e-m/nofp/libgcc.a(_arm_muldivdf3.o)
                                                  /home/lena/local_libs/bin/../lib/gcc/arm-none-eabi/9.3.1/thumb/v7e-m/nofp/libgcc.a(_arm_muldf3.o)
                                                  /home/lena/local_libs/bin/../lib/gcc/arm-none-eabi/9.3.1/../../../../arm-none-eabi/lib/thumb/v7e-m/nofp/libm.a(lib_a-s_scalbn.o)
                                                  /home/lena/local_libs/bin/../lib/gcc/arm-none-eabi/9.3.1/../../../../arm-none-eabi/lib/thumb/v7e-m/nofp/libm.a(lib_a-k_tan.o)
                                                  /home/lena/local_libs/bin/../lib/gcc/arm-none-eabi/9.3.1/../../../../arm-none-eabi/lib/thumb/v7e-m/nofp/libm.a(lib_a-k_sin.o)
                                                  /home/lena/local_libs/bin/../lib/gcc/arm-none-eabi/9.3.1/../../../../arm-none-eabi/lib/thumb/v7e-m/nofp/libm.a(lib_a-k_rem_pio2.o)
                                                  /home/lena/local_libs/bin/../lib/gcc/arm-none-eabi/9.3.1/../../../../arm-none-eabi/lib/thumb/v7e-m/nofp/libm.a(lib_a-k_cos.o)
                                                  /home/lena/local_libs/bin/../lib/gcc/arm-none-eabi/9.3.1/../../../../arm-none-eabi/lib/thumb/v7e-m/nofp/libm.a(lib_a-e_rem_pio2.o)
__aeabi_drsub                                     /home/lena/local_libs/bin/../lib/gcc/arm-none-eabi/9.3.1/thumb/v7e-m/nofp/libgcc.a(_arm_addsubdf3.o)
__aeabi_dsub                                      /home/lena/local_libs/bin/../lib/gcc/arm-none-eabi/9.3.1/thumb/v7e-m/nofp/libgcc.a(_arm_addsubdf3.o)
                                                  /home/lena/local_libs/bin/../lib/gcc/arm-none-eabi/9.3.1/../../../../arm-none-eabi/lib/thumb/v7e-m/nofp/libm.a(lib_a-k_tan.o)
                                                  /home/lena/local_libs/bin/../lib/gcc/arm-none-eabi/9.3.1/../../../../arm-none-eabi/lib/thumb/v7e-m/nofp/libm.a(lib_a-k_sin.o)
                                                  /home/lena/local_libs/bin/../lib/gcc/arm-none-eabi/9.3.1/../../../../arm-none-eabi/lib/thumb/v7e-m/nofp/libm.a(lib_a-k_rem_pio2.o)
                                                  /home/lena/local_libs/bin/../lib/gcc/arm-none-eabi/9.3.1/../../../../arm-none-eabi/lib/thumb/v7e-m/nofp/libm.a(lib_a-k_cos.o)
                                                  /home/lena/local_libs/bin/../lib/gcc/arm-none-eabi/9.3.1/../../../../arm-none-eabi/lib/thumb/v7e-m/nofp/libm.a(lib_a-e_rem_pio2.o)
                                                  /home/lena/local_libs/bin/../lib/gcc/arm-none-eabi/9.3.1/../../../../arm-none-eabi/lib/thumb/v7e-m/nofp/libm.a(lib_a-s_tan.o)
                                                  /home/lena/local_libs/bin/../lib/gcc/arm-none-eabi/9.3.1/../../../../arm-none-eabi/lib/thumb/v7e-m/nofp/libm.a(lib_a-s_sin.o)
                                                  /home/lena/local_libs/bin/../lib/gcc/arm-none-eabi/9.3.1/../../../../arm-none-eabi/lib/thumb/v7e-m/nofp/libm.a(lib_a-s_cos.o)
__aeabi_f2d                                       /home/lena/local_libs/bin/../lib/gcc/arm-none-eabi/9.3.1/thumb/v7e-m/nofp/libgcc.a(_arm_addsubdf3.o)
__aeabi_i2d                                       /home/lena/local_libs/bin/../lib/gcc/arm-none-eabi/9.3.1/thumb/v7e-m/nofp/libgcc.a(_arm_addsubdf3.o)
                                                  /home/lena/local_libs/bin/../lib/gcc/arm-none-eabi/9.3.1/../../../../arm-none-eabi/lib/thumb/v7e-m/nofp/libm.a(lib_a-k_tan.o)
                                                  /home/lena/local_libs/bin/../lib/gcc/arm-none-eabi/9.3.1/../../../../arm-none-eabi/lib/thumb/v7e-m/nofp/libm.a(lib_a-k_rem_pio2.o)
                                                  /home/lena/local_libs/bin/../lib/gcc/arm-none-eabi/9.3.1/../../../../arm-none-eabi/lib/thumb/v7e-m/nofp/libm.a(lib_a-e_rem_pio2.o)
__aeabi_l2d                                       /home/lena/local_libs/bin/../lib/gcc/arm-none-eabi/9.3.1/thumb/v7e-m/nofp/libgcc.a(_arm_addsubdf3.o)
__aeabi_ui2d                                      /home/lena/local_libs/bin/../lib/gcc/arm-none-eabi/9.3.1/thumb/v7e-m/nofp/libgcc.a(_arm_addsubdf3.o)
__aeabi_ul2d                                      /home/lena/local_libs/bin/../lib/gcc/arm-none-eabi/9.3.1/thumb/v7e-m/nofp/libgcc.a(_arm_addsubdf3.o)
__cmpdf2                                          /home/lena/local_libs/bin/../lib/gcc/arm-none-eabi/9.3.1/thumb/v7e-m/nofp/libgcc.a(_arm_cmpdf2.o)
__core_init                                       /tmp/ch.elf.QneYkp.ltrans0.ltrans.o
                                                  build/obj/crt1.o (symbol from plugin)
                                                  build/obj/crt0_v7m.o
__default_exit                                    /tmp/ch.elf.QneYkp.ltrans0.ltrans.o
                                                  build/obj/crt1.o (symbol from plugin)
                                                  build/obj/crt0_v7m.o
__divdf3                                          /home/lena/local_libs/bin/../lib/gcc/arm-none-eabi/9.3.1/thumb/v7e-m/nofp/libgcc.a(_arm_muldivdf3.o)
__early_init                                      /tmp/ch.elf.QneYkp.ltrans0.ltrans.o
                                                  build/obj/board.o (symbol from plugin)